<html>
<body>
<pre>
<h1>礦ision Build Log</h1>
<h2>Tool Versions:</h2>
IDE-Version: μVision V5.14.0.0
Copyright (C) 2015 ARM Ltd and ARM Germany GmbH. All rights reserved.
License Information: zsy zsy, ujs, LIC=W96Y8-3ZF0X-QGB7I-TCF9B-KRD7J-Y1X6N
 
Tool Versions:
Toolchain:       MDK-ARM Professional  Version: 5.14.0.0
Toolchain Path:  E:\Program Files (x86)\Keil_core\ARM\ARMCC\Bin
C Compiler:      Armcc.exe V5.05 update 1 (build 106)
Assembler:       Armasm.exe V5.05 update 1 (build 106)
Linker/Locator:  ArmLink.exe V5.05 update 1 (build 106)
Library Manager: ArmAr.exe V5.05 update 1 (build 106)
Hex Converter:   FromElf.exe V5.05 update 1 (build 106)
CPU DLL:         SARMCM3.DLL V5.14.0.0
Dialog DLL:      DCM.DLL V1.13.1.0
Target DLL:      CMSIS_AGDI.dll V1.21.0.0
Dialog DLL:      TCM.DLL V1.14.4.0
 
<h2>Project:</h2>
G:\Litter\Software\main_control_v3\LitterSoftware\Project\RVMDK（uv5）\Herbicidal.uvprojx
Project File Date:  03/02/2020

<h2>Output:</h2>
Build target 'HERBICIDAL'
compiling Task.c...
..\..\User\Task\Task.c(37): warning:  #177-D: variable "count" was declared but never referenced
        uint8_t count=0;
..\..\User\Task\Task.c(309): warning:  #1035-D: single-precision operand implicitly converted to double-precision
                        if ((abs(mpu.angle_x)>10)||(abs(mpu.angle_y)>10.0))//爪子倾斜超过一定角度，停止下降，跳出循环
..\..\User\Task\Task.c: 2 warnings, 0 errors
linking...
Program Size: Code=8180 RO-data=424 RW-data=108 ZI-data=2516  
FromELF: creating hex file...
"..\..\Output\Herbicidal.axf" - 0 Error(s), 2 Warning(s).

<h2>Collection of Component include folders:</h2>
  G:\Litter\Software\main_control_v3\LitterSoftware\Project\RVMDK（uv5）\RTE
  E:\Program Files (x86)\Keil_MDK\Keil\STM32F4xx_DFP\1.0.8\Device\Include

<h2>Collection of Component Files used:</h2>
</pre>
</body>
</html>
