Component: ARM Compiler 5.06 update 6 (build 750) Tool: armlink [4d35ed]

==============================================================================

Section Cross References

    startup_stm32f40xx.o(RESET) refers to startup_stm32f40xx.o(STACK) for __initial_sp
    startup_stm32f40xx.o(RESET) refers to startup_stm32f40xx.o(.text) for Reset_Handler
    startup_stm32f40xx.o(RESET) refers to stm32f4xx_it.o(i.NMI_Handler) for NMI_Handler
    startup_stm32f40xx.o(RESET) refers to stm32f4xx_it.o(i.HardFault_Handler) for HardFault_Handler
    startup_stm32f40xx.o(RESET) refers to stm32f4xx_it.o(i.MemManage_Handler) for MemManage_Handler
    startup_stm32f40xx.o(RESET) refers to stm32f4xx_it.o(i.BusFault_Handler) for BusFault_Handler
    startup_stm32f40xx.o(RESET) refers to stm32f4xx_it.o(i.UsageFault_Handler) for UsageFault_Handler
    startup_stm32f40xx.o(RESET) refers to stm32f4xx_it.o(i.SVC_Handler) for SVC_Handler
    startup_stm32f40xx.o(RESET) refers to stm32f4xx_it.o(i.DebugMon_Handler) for DebugMon_Handler
    startup_stm32f40xx.o(RESET) refers to stm32f4xx_it.o(i.PendSV_Handler) for PendSV_Handler
    startup_stm32f40xx.o(RESET) refers to stm32f4xx_it.o(i.SysTick_Handler) for SysTick_Handler
    startup_stm32f40xx.o(RESET) refers to usart3.o(i.DMA1_Stream3_IRQHandler) for DMA1_Stream3_IRQHandler
    startup_stm32f40xx.o(RESET) refers to usart1.o(i.USART1_IRQHandler) for USART1_IRQHandler
    startup_stm32f40xx.o(RESET) refers to usart2.o(i.USART2_IRQHandler) for USART2_IRQHandler
    startup_stm32f40xx.o(RESET) refers to usart3.o(i.USART3_IRQHandler) for USART3_IRQHandler
    startup_stm32f40xx.o(RESET) refers to exti.o(i.EXTI15_10_IRQHandler) for EXTI15_10_IRQHandler
    startup_stm32f40xx.o(RESET) refers to uart4.o(i.UART4_IRQHandler) for UART4_IRQHandler
    startup_stm32f40xx.o(RESET) refers to bsp_basic_tim.o(i.TIM7_IRQHandler) for TIM7_IRQHandler
    startup_stm32f40xx.o(RESET) refers to usart6.o(i.USART6_IRQHandler) for USART6_IRQHandler
    startup_stm32f40xx.o(.text) refers to system_stm32f4xx.o(i.SystemInit) for SystemInit
    startup_stm32f40xx.o(.text) refers to entry.o(.ARM.Collect$$$$00000000) for __main
    system_stm32f4xx.o(i.SystemCoreClockUpdate) refers to system_stm32f4xx.o(.data) for SystemCoreClock
    system_stm32f4xx.o(i.SystemInit) refers to system_stm32f4xx.o(i.SetSysClock) for SetSysClock
    stm32f4xx_adc.o(i.ADC_DeInit) refers to stm32f4xx_rcc.o(i.RCC_APB2PeriphResetCmd) for RCC_APB2PeriphResetCmd
    stm32f4xx_can.o(i.CAN_DeInit) refers to stm32f4xx_rcc.o(i.RCC_APB1PeriphResetCmd) for RCC_APB1PeriphResetCmd
    stm32f4xx_can.o(i.CAN_GetITStatus) refers to stm32f4xx_can.o(i.CheckITStatus) for CheckITStatus
    stm32f4xx_cryp.o(i.CRYP_DeInit) refers to stm32f4xx_rcc.o(i.RCC_AHB2PeriphResetCmd) for RCC_AHB2PeriphResetCmd
    stm32f4xx_cryp_aes.o(i.CRYP_AES_CBC) refers to stm32f4xx_cryp.o(i.CRYP_KeyStructInit) for CRYP_KeyStructInit
    stm32f4xx_cryp_aes.o(i.CRYP_AES_CBC) refers to stm32f4xx_cryp.o(i.CRYP_FIFOFlush) for CRYP_FIFOFlush
    stm32f4xx_cryp_aes.o(i.CRYP_AES_CBC) refers to stm32f4xx_cryp.o(i.CRYP_Init) for CRYP_Init
    stm32f4xx_cryp_aes.o(i.CRYP_AES_CBC) refers to stm32f4xx_cryp.o(i.CRYP_KeyInit) for CRYP_KeyInit
    stm32f4xx_cryp_aes.o(i.CRYP_AES_CBC) refers to stm32f4xx_cryp.o(i.CRYP_Cmd) for CRYP_Cmd
    stm32f4xx_cryp_aes.o(i.CRYP_AES_CBC) refers to stm32f4xx_cryp.o(i.CRYP_GetFlagStatus) for CRYP_GetFlagStatus
    stm32f4xx_cryp_aes.o(i.CRYP_AES_CBC) refers to stm32f4xx_cryp.o(i.CRYP_IVInit) for CRYP_IVInit
    stm32f4xx_cryp_aes.o(i.CRYP_AES_CBC) refers to stm32f4xx_cryp.o(i.CRYP_GetCmdStatus) for CRYP_GetCmdStatus
    stm32f4xx_cryp_aes.o(i.CRYP_AES_CBC) refers to stm32f4xx_cryp.o(i.CRYP_DataIn) for CRYP_DataIn
    stm32f4xx_cryp_aes.o(i.CRYP_AES_CBC) refers to stm32f4xx_cryp.o(i.CRYP_DataOut) for CRYP_DataOut
    stm32f4xx_cryp_aes.o(i.CRYP_AES_CCM) refers to stm32f4xx_cryp.o(i.CRYP_KeyStructInit) for CRYP_KeyStructInit
    stm32f4xx_cryp_aes.o(i.CRYP_AES_CCM) refers to stm32f4xx_cryp.o(i.CRYP_FIFOFlush) for CRYP_FIFOFlush
    stm32f4xx_cryp_aes.o(i.CRYP_AES_CCM) refers to stm32f4xx_cryp.o(i.CRYP_KeyInit) for CRYP_KeyInit
    stm32f4xx_cryp_aes.o(i.CRYP_AES_CCM) refers to stm32f4xx_cryp.o(i.CRYP_IVInit) for CRYP_IVInit
    stm32f4xx_cryp_aes.o(i.CRYP_AES_CCM) refers to stm32f4xx_cryp.o(i.CRYP_Init) for CRYP_Init
    stm32f4xx_cryp_aes.o(i.CRYP_AES_CCM) refers to stm32f4xx_cryp.o(i.CRYP_PhaseConfig) for CRYP_PhaseConfig
    stm32f4xx_cryp_aes.o(i.CRYP_AES_CCM) refers to stm32f4xx_cryp.o(i.CRYP_DataIn) for CRYP_DataIn
    stm32f4xx_cryp_aes.o(i.CRYP_AES_CCM) refers to stm32f4xx_cryp.o(i.CRYP_Cmd) for CRYP_Cmd
    stm32f4xx_cryp_aes.o(i.CRYP_AES_CCM) refers to stm32f4xx_cryp.o(i.CRYP_GetCmdStatus) for CRYP_GetCmdStatus
    stm32f4xx_cryp_aes.o(i.CRYP_AES_CCM) refers to stm32f4xx_cryp.o(i.CRYP_GetFlagStatus) for CRYP_GetFlagStatus
    stm32f4xx_cryp_aes.o(i.CRYP_AES_CCM) refers to stm32f4xx_cryp.o(i.CRYP_DataOut) for CRYP_DataOut
[...]
    ..\..\Libraries\STM32F4xx_StdPeriph_Driver\src\stm32f4xx_syscfg.c 0x00000000   Number         0  stm32f4xx_syscfg.o ABSOLUTE
    ..\..\Libraries\STM32F4xx_StdPeriph_Driver\src\stm32f4xx_tim.c 0x00000000   Number         0  stm32f4xx_tim.o ABSOLUTE
    ..\..\Libraries\STM32F4xx_StdPeriph_Driver\src\stm32f4xx_usart.c 0x00000000   Number         0  stm32f4xx_usart.o ABSOLUTE
    ..\..\Libraries\STM32F4xx_StdPeriph_Driver\src\stm32f4xx_wwdg.c 0x00000000   Number         0  stm32f4xx_wwdg.o ABSOLUTE
    ..\..\User\ADC\ADC.c                     0x00000000   Number         0  adc.o ABSOLUTE
    ..\..\User\Beep\beep.c                   0x00000000   Number         0  beep.o ABSOLUTE
    ..\..\User\CRC\CRC.c                     0x00000000   Number         0  crc.o ABSOLUTE
    ..\..\User\Control\Control.c             0x00000000   Number         0  control.o ABSOLUTE
    ..\..\User\Data_type\Data_type.c         0x00000000   Number         0  data_type.o ABSOLUTE
    ..\..\User\FullAuto\FullAuto.c           0x00000000   Number         0  fullauto.o ABSOLUTE
    ..\..\User\HalfAuto\HalfAuto.c           0x00000000   Number         0  halfauto.o ABSOLUTE
    ..\..\User\LCFunc\LCFunc.c               0x00000000   Number         0  lcfunc.o ABSOLUTE
    ..\..\User\Manual\Manual.c               0x00000000   Number         0  manual.o ABSOLUTE
    ..\..\User\RS485\RS485.c                 0x00000000   Number         0  rs485.o ABSOLUTE
    ..\..\User\UART4\uart4.c                 0x00000000   Number         0  uart4.o ABSOLUTE
    ..\..\User\USART1\usart1.c               0x00000000   Number         0  usart1.o ABSOLUTE
    ..\..\User\USART2\usart2.c               0x00000000   Number         0  usart2.o ABSOLUTE
    ..\..\User\USART3\usart3.c               0x00000000   Number         0  usart3.o ABSOLUTE
    ..\..\User\USART6\usart6.c               0x00000000   Number         0  usart6.o ABSOLUTE
    ..\..\User\alarm\alarm.c                 0x00000000   Number         0  alarm.o ABSOLUTE
    ..\..\User\basic_tim\bsp_basic_tim.c     0x00000000   Number         0  bsp_basic_tim.o ABSOLUTE
    ..\..\User\exti\exti.c                   0x00000000   Number         0  exti.o ABSOLUTE
    ..\..\User\key\bsp_key.c                 0x00000000   Number         0  bsp_key.o ABSOLUTE
    ..\..\User\led\bsp_led.c                 0x00000000   Number         0  bsp_led.o ABSOLUTE
    ..\..\User\main.c                        0x00000000   Number         0  main.o ABSOLUTE
    ..\..\User\relay\relay.c                 0x00000000   Number         0  relay.o ABSOLUTE
    ..\..\User\stm32f4xx_it.c                0x00000000   Number         0  stm32f4xx_it.o ABSOLUTE
    ..\..\User\systick\bsp_SysTick.c         0x00000000   Number         0  bsp_systick.o ABSOLUTE
    ..\\..\\Libraries\\CMSIS\\Device\\ST\\STM32F4xx\\Source\\Templates\\system_stm32f4xx.c 0x00000000   Number         0  system_stm32f4xx.o ABSOLUTE
    ..\\..\\Libraries\\STM32F4xx_StdPeriph_Driver\\src\\misc.c 0x00000000   Number         0  misc.o ABSOLUTE
    ..\\..\\Libraries\\STM32F4xx_StdPeriph_Driver\\src\\stm32f4xx_adc.c 0x00000000   Number         0  stm32f4xx_adc.o ABSOLUTE
    ..\\..\\Libraries\\STM32F4xx_StdPeriph_Driver\\src\\stm32f4xx_can.c 0x00000000   Number         0  stm32f4xx_can.o ABSOLUTE
    ..\\..\\Libraries\\STM32F4xx_StdPeriph_Driver\\src\\stm32f4xx_cec.c 0x00000000   Number         0  stm32f4xx_cec.o ABSOLUTE
    ..\\..\\Libraries\\STM32F4xx_StdPeriph_Driver\\src\\stm32f4xx_crc.c 0x00000000   Number         0  stm32f4xx_crc.o ABSOLUTE
    ..\\..\\Libraries\\STM32F4xx_StdPeriph_Driver\\src\\stm32f4xx_cryp.c 0x00000000   Number         0  stm32f4xx_cryp.o ABSOLUTE
    ..\\..\\Libraries\\STM32F4xx_StdPeriph_Driver\\src\\stm32f4xx_cryp_aes.c 0x00000000   Number         0  stm32f4xx_cryp_aes.o ABSOLUTE
    ..\\..\\Libraries\\STM32F4xx_StdPeriph_Driver\\src\\stm32f4xx_cryp_des.c 0x00000000   Number         0  stm32f4xx_cryp_des.o ABSOLUTE
    ..\\..\\Libraries\\STM32F4xx_StdPeriph_Driver\\src\\stm32f4xx_cryp_tdes.c 0x00000000   Number         0  stm32f4xx_cryp_tdes.o ABSOLUTE
    ..\\..\\Libraries\\STM32F4xx_StdPeriph_Driver\\src\\stm32f4xx_dac.c 0x00000000   Number         0  stm32f4xx_dac.o ABSOLUTE
    ..\\..\\Libraries\\STM32F4xx_StdPeriph_Driver\\src\\stm32f4xx_dbgmcu.c 0x00000000   Number         0  stm32f4xx_dbgmcu.o ABSOLUTE
    ..\\..\\Libraries\\STM32F4xx_StdPeriph_Driver\\src\\stm32f4xx_dcmi.c 0x00000000   Number         0  stm32f4xx_dcmi.o ABSOLUTE
    ..\\..\\Libraries\\STM32F4xx_StdPeriph_Driver\\src\\stm32f4xx_dma.c 0x00000000   Number         0  stm32f4xx_dma.o ABSOLUTE
    ..\\..\\Libraries\\STM32F4xx_StdPeriph_Driver\\src\\stm32f4xx_exti.c 0x00000000   Number         0  stm32f4xx_exti.o ABSOLUTE
    ..\\..\\Libraries\\STM32F4xx_StdPeriph_Driver\\src\\stm32f4xx_flash.c 0x00000000   Number         0  stm32f4xx_flash.o ABSOLUTE
    ..\\..\\Libraries\\STM32F4xx_StdPeriph_Driver\\src\\stm32f4xx_flash_ramfunc.c 0x00000000   Number         0  stm32f4xx_flash_ramfunc.o ABSOLUTE
    ..\\..\\Libraries\\STM32F4xx_StdPeriph_Driver\\src\\stm32f4xx_fmpi2c.c 0x00000000   Number         0  stm32f4xx_fmpi2c.o ABSOLUTE
    ..\\..\\Libraries\\STM32F4xx_StdPeriph_Driver\\src\\stm32f4xx_gpio.c 0x00000000   Number         0  stm32f4xx_gpio.o ABSOLUTE
    ..\\..\\Libraries\\STM32F4xx_StdPeriph_Driver\\src\\stm32f4xx_hash.c 0x00000000   Number         0  stm32f4xx_hash.o ABSOLUTE
    ..\\..\\Libraries\\STM32F4xx_StdPeriph_Driver\\src\\stm32f4xx_hash_md5.c 0x00000000   Number         0  stm32f4xx_hash_md5.o ABSOLUTE
    ..\\..\\Libraries\\STM32F4xx_StdPeriph_Driver\\src\\stm32f4xx_hash_sha1.c 0x00000000   Number         0  stm32f4xx_hash_sha1.o ABSOLUTE
    ..\\..\\Libraries\\STM32F4xx_StdPeriph_Driver\\src\\stm32f4xx_i2c.c 0x00000000   Number         0  stm32f4xx_i2c.o ABSOLUTE
    ..\\..\\Libraries\\STM32F4xx_StdPeriph_Driver\\src\\stm32f4xx_iwdg.c 0x00000000   Number         0  stm32f4xx_iwdg.o ABSOLUTE
    ..\\..\\Libraries\\STM32F4xx_StdPeriph_Driver\\src\\stm32f4xx_pwr.c 0x00000000   Number         0  stm32f4xx_pwr.o ABSOLUTE
    ..\\..\\Libraries\\STM32F4xx_StdPeriph_Driver\\src\\stm32f4xx_qspi.c 0x00000000   Number         0  stm32f4xx_qspi.o ABSOLUTE
    ..\\..\\Libraries\\STM32F4xx_StdPeriph_Driver\\src\\stm32f4xx_rcc.c 0x00000000   Number         0  stm32f4xx_rcc.o ABSOLUTE
    ..\\..\\Libraries\\STM32F4xx_StdPeriph_Driver\\src\\stm32f4xx_rng.c 0x00000000   Number         0  stm32f4xx_rng.o ABSOLUTE
    ..\\..\\Libraries\\STM32F4xx_StdPeriph_Driver\\src\\stm32f4xx_rtc.c 0x00000000   Number         0  stm32f4xx_rtc.o ABSOLUTE
    ..\\..\\Libraries\\STM32F4xx_StdPeriph_Driver\\src\\stm32f4xx_sai.c 0x00000000   Number         0  stm32f4xx_sai.o ABSOLUTE
    ..\\..\\Libraries\\STM32F4xx_StdPeriph_Driver\\src\\stm32f4xx_sdio.c 0x00000000   Number         0  stm32f4xx_sdio.o ABSOLUTE
    ..\\..\\Libraries\\STM32F4xx_StdPeriph_Driver\\src\\stm32f4xx_spdifrx.c 0x00000000   Number         0  stm32f4xx_spdifrx.o ABSOLUTE
    ..\\..\\Libraries\\STM32F4xx_StdPeriph_Driver\\src\\stm32f4xx_spi.c 0x00000000   Number         0  stm32f4xx_spi.o ABSOLUTE
    ..\\..\\Libraries\\STM32F4xx_StdPeriph_Driver\\src\\stm32f4xx_syscfg.c 0x00000000   Number         0  stm32f4xx_syscfg.o ABSOLUTE
    ..\\..\\Libraries\\STM32F4xx_StdPeriph_Driver\\src\\stm32f4xx_tim.c 0x00000000   Number         0  stm32f4xx_tim.o ABSOLUTE
    ..\\..\\Libraries\\STM32F4xx_StdPeriph_Driver\\src\\stm32f4xx_usart.c 0x00000000   Number         0  stm32f4xx_usart.o ABSOLUTE
    ..\\..\\Libraries\\STM32F4xx_StdPeriph_Driver\\src\\stm32f4xx_wwdg.c 0x00000000   Number         0  stm32f4xx_wwdg.o ABSOLUTE
    ..\\..\\User\\ADC\\ADC.c                 0x00000000   Number         0  adc.o ABSOLUTE
    ..\\..\\User\\Beep\\beep.c               0x00000000   Number         0  beep.o ABSOLUTE
    ..\\..\\User\\CRC\\CRC.c                 0x00000000   Number         0  crc.o ABSOLUTE
    ..\\..\\User\\Control\\Control.c         0x00000000   Number         0  control.o ABSOLUTE
    ..\\..\\User\\Data_type\\Data_type.c     0x00000000   Number         0  data_type.o ABSOLUTE
    ..\\..\\User\\FullAuto\\FullAuto.c       0x00000000   Number         0  fullauto.o ABSOLUTE
    ..\\..\\User\\HalfAuto\\HalfAuto.c       0x00000000   Number         0  halfauto.o ABSOLUTE
    ..\\..\\User\\LCFunc\\LCFunc.c           0x00000000   Number         0  lcfunc.o ABSOLUTE
    ..\\..\\User\\Manual\\Manual.c           0x00000000   Number         0  manual.o ABSOLUTE
    ..\\..\\User\\RS485\\RS485.c             0x00000000   Number         0  rs485.o ABSOLUTE
    ..\\..\\User\\UART4\\uart4.c             0x00000000   Number         0  uart4.o ABSOLUTE
    ..\\..\\User\\USART1\\usart1.c           0x00000000   Number         0  usart1.o ABSOLUTE
    ..\\..\\User\\USART2\\usart2.c           0x00000000   Number         0  usart2.o ABSOLUTE
    ..\\..\\User\\USART3\\usart3.c           0x00000000   Number         0  usart3.o ABSOLUTE
    ..\\..\\User\\USART6\\usart6.c           0x00000000   Number         0  usart6.o ABSOLUTE
    ..\\..\\User\\alarm\\alarm.c             0x00000000   Number         0  alarm.o ABSOLUTE
    ..\\..\\User\\basic_tim\\bsp_basic_tim.c 0x00000000   Number         0  bsp_basic_tim.o ABSOLUTE
    ..\\..\\User\\exti\\exti.c               0x00000000   Number         0  exti.o ABSOLUTE
    ..\\..\\User\\key\\bsp_key.c             0x00000000   Number         0  bsp_key.o ABSOLUTE
    ..\\..\\User\\led\\bsp_led.c             0x00000000   Number         0  bsp_led.o ABSOLUTE
    ..\\..\\User\\main.c                     0x00000000   Number         0  main.o ABSOLUTE
    ..\\..\\User\\relay\\relay.c             0x00000000   Number         0  relay.o ABSOLUTE
    ..\\..\\User\\stm32f4xx_it.c             0x00000000   Number         0  stm32f4xx_it.o ABSOLUTE
    ..\\..\\User\\systick\\bsp_SysTick.c     0x00000000   Number         0  bsp_systick.o ABSOLUTE
    dc.s                                     0x00000000   Number         0  dc.o ABSOLUTE
    handlers.s                               0x00000000   Number         0  handlers.o ABSOLUTE
    init.s                                   0x00000000   Number         0  init.o ABSOLUTE
    RESET                                    0x08000000   Section      392  startup_stm32f40xx.o(RESET)
    .ARM.Collect$$$$00000000                 0x08000188   Section        0  entry.o(.ARM.Collect$$$$00000000)
    .ARM.Collect$$$$00000001                 0x08000188   Section        4  entry2.o(.ARM.Collect$$$$00000001)
    .ARM.Collect$$$$00000004                 0x0800018c   Section        4  entry5.o(.ARM.Collect$$$$00000004)
    .ARM.Collect$$$$00000008                 0x08000190   Section        0  entry7b.o(.ARM.Collect$$$$00000008)
    .ARM.Collect$$$$0000000A                 0x08000190   Section        0  entry8b.o(.ARM.Collect$$$$0000000A)
    .ARM.Collect$$$$0000000B                 0x08000190   Section        8  entry9a.o(.ARM.Collect$$$$0000000B)
    .ARM.Collect$$$$0000000D                 0x08000198   Section        0  entry10a.o(.ARM.Collect$$$$0000000D)
    .ARM.Collect$$$$0000000F                 0x08000198   Section        0  entry11a.o(.ARM.Collect$$$$0000000F)
    .ARM.Collect$$$$00002712                 0x08000198   Section        4  entry2.o(.ARM.Collect$$$$00002712)
    __lit__00000000                          0x08000198   Data           4  entry2.o(.ARM.Collect$$$$00002712)
    .text                                    0x0800019c   Section       36  startup_stm32f40xx.o(.text)
    $v0                                      0x0800019c   Number         0  startup_stm32f40xx.o(.text)
    .text                                    0x080001c0   Section        0  memseta.o(.text)
    .text                                    0x080001e4   Section        0  dmul.o(.text)
    .text                                    0x080002c8   Section        0  ddiv.o(.text)
    .text                                    0x080003a6   Section        0  dflti.o(.text)
    .text                                    0x080003c8   Section        0  d2f.o(.text)
    .text                                    0x08000400   Section        0  fepilogue.o(.text)
    .text                                    0x08000400   Section        0  iusefp.o(.text)
    .text                                    0x0800046e   Section        0  depilogue.o(.text)
    .text                                    0x08000528   Section       36  init.o(.text)
    .text                                    0x0800054c   Section        0  llshl.o(.text)
    .text                                    0x0800056a   Section        0  llushr.o(.text)
    .text                                    0x0800058a   Section        0  __dczerorl2.o(.text)
    i.ADC_Cmd                                0x080005e0   Section        0  stm32f4xx_adc.o(i.ADC_Cmd)
    i.ADC_CommonInit                         0x080005f8   Section        0  stm32f4xx_adc.o(i.ADC_CommonInit)
    i.ADC_DMACmd                             0x08000628   Section        0  stm32f4xx_adc.o(i.ADC_DMACmd)
    i.ADC_DMARequestAfterLastTransferCmd     0x0800063e   Section        0  stm32f4xx_adc.o(i.ADC_DMARequestAfterLastTransferCmd)
    i.ADC_DMA_Init                           0x08000654   Section        0  adc.o(i.ADC_DMA_Init)
    i.ADC_Init                               0x08000708   Section        0  stm32f4xx_adc.o(i.ADC_Init)
    i.ADC_RegularChannelConfig               0x0800075c   Section        0  stm32f4xx_adc.o(i.ADC_RegularChannelConfig)
    i.ADC_SoftwareStartConv                  0x08000814   Section        0  stm32f4xx_adc.o(i.ADC_SoftwareStartConv)
    i.Alarm_GPIO_Init                        0x08000820   Section        0  alarm.o(i.Alarm_GPIO_Init)
    i.BSP_Init                               0x08000854   Section        0  main.o(i.BSP_Init)
    i.BigCarFullAutoMode                     0x08000894   Section        0  fullauto.o(i.BigCarFullAutoMode)
    i.BigCarHalfAutoMode                     0x08000be8   Section        0  halfauto.o(i.BigCarHalfAutoMode)
    i.BusFault_Handler                       0x08001274   Section        0  stm32f4xx_it.o(i.BusFault_Handler)
    i.CRC16                                  0x08001278   Section        0  crc.o(i.CRC16)
    i.ClosePaw                               0x080012b0   Section        0  lcfunc.o(i.ClosePaw)
    i.ConfirmNextStep                        0x08001308   Section        0  halfauto.o(i.ConfirmNextStep)
    ConfirmNextStep                          0x08001309   Thumb Code     6  halfauto.o(i.ConfirmNextStep)
    i.DMA1_Stream3_IRQHandler                0x08001314   Section        0  usart3.o(i.DMA1_Stream3_IRQHandler)
    i.DMA_ADC_Init                           0x0800134c   Section        0  adc.o(i.DMA_ADC_Init)
    i.DMA_ClearFlag                          0x080013bc   Section        0  stm32f4xx_dma.o(i.DMA_ClearFlag)
    i.DMA_ClearITPendingBit                  0x080013f0   Section        0  stm32f4xx_dma.o(i.DMA_ClearITPendingBit)
    i.DMA_Cmd                                0x08001424   Section        0  stm32f4xx_dma.o(i.DMA_Cmd)
    i.DMA_DeInit                             0x0800143c   Section        0  stm32f4xx_dma.o(i.DMA_DeInit)
    i.DMA_GetCmdStatus                       0x08001594   Section        0  stm32f4xx_dma.o(i.DMA_GetCmdStatus)
    i.DMA_GetCurrDataCounter                 0x080015a8   Section        0  stm32f4xx_dma.o(i.DMA_GetCurrDataCounter)
    i.DMA_GetFlagStatus                      0x080015b0   Section        0  stm32f4xx_dma.o(i.DMA_GetFlagStatus)
    i.DMA_ITConfig                           0x080015f4   Section        0  stm32f4xx_dma.o(i.DMA_ITConfig)
    i.DMA_Init                               0x08001630   Section        0  stm32f4xx_dma.o(i.DMA_Init)
    i.DMA_SetCurrDataCounter                 0x08001688   Section        0  stm32f4xx_dma.o(i.DMA_SetCurrDataCounter)
    i.DataCommunicateManage                  0x0800168c   Section        0  lcfunc.o(i.DataCommunicateManage)
    i.DebugMon_Handler                       0x080017d4   Section        0  stm32f4xx_it.o(i.DebugMon_Handler)
    i.DownClawtoBurnPool                     0x080017d8   Section        0  fullauto.o(i.DownClawtoBurnPool)
    i.DownPawToLitterPool                    0x08001804   Section        0  lcfunc.o(i.DownPawToLitterPool)
    i.DownPawToPlatform                      0x08001ad8   Section        0  lcfunc.o(i.DownPawToPlatform)
    i.DownToOrigin                           0x08001d34   Section        0  fullauto.o(i.DownToOrigin)
    i.DowntoLitterPool                       0x08001d68   Section        0  fullauto.o(i.DowntoLitterPool)
    i.EXTI10_Init                            0x08001d9c   Section        0  exti.o(i.EXTI10_Init)
    i.EXTI15_10_IRQHandler                   0x08001e14   Section        0  exti.o(i.EXTI15_10_IRQHandler)
    i.EXTI_ClearITPendingBit                 0x08001e2c   Section        0  stm32f4xx_exti.o(i.EXTI_ClearITPendingBit)
    i.EXTI_GetITStatus                       0x08001e38   Section        0  stm32f4xx_exti.o(i.EXTI_GetITStatus)
    i.EXTI_Init                              0x08001e50   Section        0  stm32f4xx_exti.o(i.EXTI_Init)
    i.GPIO_Init                              0x08001ee4   Section        0  stm32f4xx_gpio.o(i.GPIO_Init)
    i.GPIO_PinAFConfig                       0x08001f74   Section        0  stm32f4xx_gpio.o(i.GPIO_PinAFConfig)
    i.GPIO_ResetBits                         0x08001fba   Section        0  stm32f4xx_gpio.o(i.GPIO_ResetBits)
    i.GPIO_SetBits                           0x08001fbe   Section        0  stm32f4xx_gpio.o(i.GPIO_SetBits)
    i.HFClosePaw                             0x08001fc2   Section        0  fullauto.o(i.HFClosePaw)
    i.HFOpenPaw                              0x08001fca   Section        0  fullauto.o(i.HFOpenPaw)
    i.HardFault_Handler                      0x08001fd2   Section        0  stm32f4xx_it.o(i.HardFault_Handler)
    i.HorizontalDotMove                      0x08001fd8   Section        0  lcfunc.o(i.HorizontalDotMove)
    i.HorizontalMoving                       0x0800210c   Section        0  fullauto.o(i.HorizontalMoving)
    i.Key_Init                               0x08002154   Section        0  bsp_key.o(i.Key_Init)
    i.LED_Init                               0x08002184   Section        0  bsp_led.o(i.LED_Init)
    i.ManualClose                            0x080021b8   Section        0  manual.o(i.ManualClose)
    i.ManualDownClawtoBurnPool               0x08002228   Section        0  manual.o(i.ManualDownClawtoBurnPool)
    i.ManualDownToOrigin                     0x080022dc   Section        0  manual.o(i.ManualDownToOrigin)
    i.ManualDowntoLitterPool                 0x08002390   Section        0  manual.o(i.ManualDowntoLitterPool)
    i.ManualOpen                             0x08002444   Section        0  manual.o(i.ManualOpen)
    i.ManualRaisePawFromLitterPool           0x080024b4   Section        0  manual.o(i.ManualRaisePawFromLitterPool)
    i.ManualRisePawFromBurnPool              0x0800256c   Section        0  manual.o(i.ManualRisePawFromBurnPool)
    i.ManualRisePawFromPlatform              0x08002624   Section        0  manual.o(i.ManualRisePawFromPlatform)
    i.ManualXMoving                          0x080026d8   Section        0  manual.o(i.ManualXMoving)
    i.ManualYMoving                          0x08002790   Section        0  manual.o(i.ManualYMoving)
    i.MemManage_Handler                      0x08002848   Section        0  stm32f4xx_it.o(i.MemManage_Handler)
    i.NMI_Handler                            0x0800284c   Section        0  stm32f4xx_it.o(i.NMI_Handler)
    i.NVIC_Init                              0x08002850   Section        0  misc.o(i.NVIC_Init)
    i.PendSV_Handler                         0x080028c8   Section        0  stm32f4xx_it.o(i.PendSV_Handler)
    i.PowerOff                               0x080028cc   Section        0  relay.o(i.PowerOff)
    i.PowerOn                                0x080028f4   Section        0  relay.o(i.PowerOn)
    i.RCC_AHB1PeriphClockCmd                 0x0800291c   Section        0  stm32f4xx_rcc.o(i.RCC_AHB1PeriphClockCmd)
    i.RCC_APB1PeriphClockCmd                 0x0800293c   Section        0  stm32f4xx_rcc.o(i.RCC_APB1PeriphClockCmd)
    i.RCC_APB2PeriphClockCmd                 0x0800295c   Section        0  stm32f4xx_rcc.o(i.RCC_APB2PeriphClockCmd)
    i.RCC_APB2PeriphResetCmd                 0x0800297c   Section        0  stm32f4xx_rcc.o(i.RCC_APB2PeriphResetCmd)
    i.RCC_GetClocksFreq                      0x0800299c   Section        0  stm32f4xx_rcc.o(i.RCC_GetClocksFreq)
    i.RS485_Init                             0x08002a84   Section        0  rs485.o(i.RS485_Init)
    i.RS485_Send_Data                        0x08002ad0   Section        0  rs485.o(i.RS485_Send_Data)
    i.RelayOff                               0x08002c40   Section        0  relay.o(i.RelayOff)
    i.RelayOn                                0x08002c7c   Section        0  relay.o(i.RelayOn)
    i.Relay_GPIO_Init                        0x08002cb8   Section        0  relay.o(i.Relay_GPIO_Init)
    i.ReleasePaw                             0x08002d3c   Section        0  lcfunc.o(i.ReleasePaw)
    i.RequestStart                           0x08002d94   Section        0  lcfunc.o(i.RequestStart)
    i.RequestStartToBigCar                   0x08002db4   Section        0  usart1.o(i.RequestStartToBigCar)
    i.RequestStartToBigClaw                  0x08002dd8   Section        0  usart2.o(i.RequestStartToBigClaw)
    i.RequestStop                            0x08002dfc   Section        0  lcfunc.o(i.RequestStop)
    i.RequestStopToBigCar                    0x08002e1c   Section        0  usart1.o(i.RequestStopToBigCar)
    i.RequestStopToBigClaw                   0x08002e40   Section        0  usart2.o(i.RequestStopToBigClaw)
    i.RevStop                                0x08002e64   Section        0  lcfunc.o(i.RevStop)
    i.RisePawFromBurnPool                    0x08002f88   Section        0  fullauto.o(i.RisePawFromBurnPool)
    i.RisePawFromLitterPool                  0x08002fb4   Section        0  fullauto.o(i.RisePawFromLitterPool)
    i.RisePawFromPlatform                    0x08002fe0   Section        0  fullauto.o(i.RisePawFromPlatform)
    i.SVC_Handler                            0x0800300c   Section        0  stm32f4xx_it.o(i.SVC_Handler)
    i.SYSCFG_EXTILineConfig                  0x08003010   Section        0  stm32f4xx_syscfg.o(i.SYSCFG_EXTILineConfig)
    i.SetSysClock                            0x08003050   Section        0  system_stm32f4xx.o(i.SetSysClock)
    SetSysClock                              0x08003051   Thumb Code   220  system_stm32f4xx.o(i.SetSysClock)
    i.SysTick_Handler                        0x0800313c   Section        0  stm32f4xx_it.o(i.SysTick_Handler)
    i.SysTick_Init                           0x08003144   Section        0  bsp_systick.o(i.SysTick_Init)
    i.SystemInit                             0x080031ac   Section        0  system_stm32f4xx.o(i.SystemInit)
    i.TIM7_IRQHandler                        0x08003214   Section        0  bsp_basic_tim.o(i.TIM7_IRQHandler)
    i.TIM7_Init                              0x08003234   Section        0  bsp_basic_tim.o(i.TIM7_Init)
    i.TIM_ClearITPendingBit                  0x08003294   Section        0  stm32f4xx_tim.o(i.TIM_ClearITPendingBit)
    i.TIM_Cmd                                0x0800329a   Section        0  stm32f4xx_tim.o(i.TIM_Cmd)
    i.TIM_GetITStatus                        0x080032b2   Section        0  stm32f4xx_tim.o(i.TIM_GetITStatus)
    i.TIM_ITConfig                           0x080032d4   Section        0  stm32f4xx_tim.o(i.TIM_ITConfig)
    i.TIM_TimeBaseInit                       0x080032e8   Section        0  stm32f4xx_tim.o(i.TIM_TimeBaseInit)
    i.TimingDelay_Decrement                  0x0800336c   Section        0  bsp_systick.o(i.TimingDelay_Decrement)
    i.UART4_IRQHandler                       0x08003384   Section        0  uart4.o(i.UART4_IRQHandler)
    i.UART4_RX_DMAReset                      0x080033e4   Section        0  uart4.o(i.UART4_RX_DMAReset)
    UART4_RX_DMAReset                        0x080033e5   Thumb Code    40  uart4.o(i.UART4_RX_DMAReset)
    i.USART1_DMA_RxConfig                    0x08003410   Section        0  usart1.o(i.USART1_DMA_RxConfig)
    USART1_DMA_RxConfig                      0x08003411   Thumb Code   108  usart1.o(i.USART1_DMA_RxConfig)
    i.USART1_DMA_TxConfig                    0x08003488   Section        0  usart1.o(i.USART1_DMA_TxConfig)
    i.USART1_DMA_Tx_init                     0x080034b4   Section        0  usart1.o(i.USART1_DMA_Tx_init)
    USART1_DMA_Tx_init                       0x080034b5   Thumb Code    92  usart1.o(i.USART1_DMA_Tx_init)
    i.USART1_IRQHandler                      0x08003518   Section        0  usart1.o(i.USART1_IRQHandler)
    i.USART1_Init                            0x080036c8   Section        0  usart1.o(i.USART1_Init)
    i.USART2_DMA_TxConfig                    0x080036d4   Section        0  usart2.o(i.USART2_DMA_TxConfig)
    i.USART2_IRQHandler                      0x08003704   Section        0  usart2.o(i.USART2_IRQHandler)
    i.USART2_Init                            0x080039fc   Section        0  usart2.o(i.USART2_Init)
    i.USART3_DMA_RxConfig                    0x08003a08   Section        0  usart3.o(i.USART3_DMA_RxConfig)
    USART3_DMA_RxConfig                      0x08003a09   Thumb Code   108  usart3.o(i.USART3_DMA_RxConfig)
    i.USART3_DMA_TxConfig                    0x08003a80   Section        0  usart3.o(i.USART3_DMA_TxConfig)
    i.USART3_DMA_Tx_init                     0x08003adc   Section        0  usart3.o(i.USART3_DMA_Tx_init)
    USART3_DMA_Tx_init                       0x08003add   Thumb Code   154  usart3.o(i.USART3_DMA_Tx_init)
    i.USART3_IRQHandler                      0x08003b88   Section        0  usart3.o(i.USART3_IRQHandler)
    i.USART3_Init                            0x08003db0   Section        0  usart3.o(i.USART3_Init)
    i.USART6_IRQHandler                      0x08003dbc   Section        0  usart6.o(i.USART6_IRQHandler)
    i.USART_ClearFlag                        0x08003e24   Section        0  stm32f4xx_usart.o(i.USART_ClearFlag)
    i.USART_ClearITPendingBit                0x08003e36   Section        0  stm32f4xx_usart.o(i.USART_ClearITPendingBit)
    i.USART_Cmd                              0x08003e54   Section        0  stm32f4xx_usart.o(i.USART_Cmd)
    i.USART_DMACmd                           0x08003e6c   Section        0  stm32f4xx_usart.o(i.USART_DMACmd)
    i.USART_DMA_RxConfig                     0x08003e80   Section        0  usart2.o(i.USART_DMA_RxConfig)
    USART_DMA_RxConfig                       0x08003e81   Thumb Code   110  usart2.o(i.USART_DMA_RxConfig)
    i.USART_DMA_Tx_init                      0x08003efc   Section        0  usart2.o(i.USART_DMA_Tx_init)
    USART_DMA_Tx_init                        0x08003efd   Thumb Code    92  usart2.o(i.USART_DMA_Tx_init)
    i.USART_GetFlagStatus                    0x08003f60   Section        0  stm32f4xx_usart.o(i.USART_GetFlagStatus)
    i.USART_GetITStatus                      0x08003f7a   Section        0  stm32f4xx_usart.o(i.USART_GetITStatus)
    i.USART_ITConfig                         0x08003fce   Section        0  stm32f4xx_usart.o(i.USART_ITConfig)
    i.USART_Init                             0x08004018   Section        0  stm32f4xx_usart.o(i.USART_Init)
    i.USART_RX_DMAReset                      0x080040ec   Section        0  usart1.o(i.USART_RX_DMAReset)
    USART_RX_DMAReset                        0x080040ed   Thumb Code    40  usart1.o(i.USART_RX_DMAReset)
    i.USART_RX_DMAReset                      0x08004118   Section        0  usart2.o(i.USART_RX_DMAReset)
    USART_RX_DMAReset                        0x08004119   Thumb Code    42  usart2.o(i.USART_RX_DMAReset)
    i.USART_RX_DMAReset                      0x08004148   Section        0  usart3.o(i.USART_RX_DMAReset)
    USART_RX_DMAReset                        0x08004149   Thumb Code    40  usart3.o(i.USART_RX_DMAReset)
    i.USART_RX_DMAReset                      0x08004174   Section        0  usart6.o(i.USART_RX_DMAReset)
    USART_RX_DMAReset                        0x08004175   Thumb Code    40  usart6.o(i.USART_RX_DMAReset)
    i.USART_ReceiveData                      0x080041a0   Section        0  stm32f4xx_usart.o(i.USART_ReceiveData)
    i.UpPawFromBurnPool                      0x080041ac   Section        0  lcfunc.o(i.UpPawFromBurnPool)
    i.UpPawFromLitterPool                    0x08004344   Section        0  lcfunc.o(i.UpPawFromLitterPool)
    i.UpPawFromPlatform                      0x0800452c   Section        0  lcfunc.o(i.UpPawFromPlatform)
    i.UsageFault_Handler                     0x080046c4   Section        0  stm32f4xx_it.o(i.UsageFault_Handler)
    i.VerticalDotMove                        0x080046c8   Section        0  lcfunc.o(i.VerticalDotMove)
    i.XMoving                                0x08004760   Section        0  lcfunc.o(i.XMoving)
    i.YMoving                                0x080049a8   Section        0  lcfunc.o(i.YMoving)
    i.__scatterload_copy                     0x08004b8c   Section       14  handlers.o(i.__scatterload_copy)
    i.__scatterload_null                     0x08004b9a   Section        2  handlers.o(i.__scatterload_null)
    i.__scatterload_zeroinit                 0x08004b9c   Section       14  handlers.o(i.__scatterload_zeroinit)
    i.bsp_initUSART                          0x08004bac   Section        0  usart1.o(i.bsp_initUSART)
    bsp_initUSART                            0x08004bad   Thumb Code   246  usart1.o(i.bsp_initUSART)
    i.bsp_initUSART                          0x08004cb0   Section        0  usart2.o(i.bsp_initUSART)
    bsp_initUSART                            0x08004cb1   Thumb Code   216  usart2.o(i.bsp_initUSART)
    i.bsp_initUSART                          0x08004d94   Section        0  usart3.o(i.bsp_initUSART)
    bsp_initUSART                            0x08004d95   Thumb Code   278  usart3.o(i.bsp_initUSART)
    i.control_task                           0x08004eb4   Section        0  control.o(i.control_task)
    i.delay_us                               0x08004ff8   Section        0  bsp_systick.o(i.delay_us)
    i.main                                   0x08005010   Section        0  main.o(i.main)
    i.uart1_tx_task                          0x080051f0   Section        0  usart1.o(i.uart1_tx_task)
    i.uart2_tx_task                          0x0800520e   Section        0  usart2.o(i.uart2_tx_task)
    .data                                    0x20000000   Section       20  system_stm32f4xx.o(.data)
    .data                                    0x20000014   Section       16  stm32f4xx_rcc.o(.data)
    APBAHBPrescTable                         0x20000014   Data          16  stm32f4xx_rcc.o(.data)
    .data                                    0x20000024   Section        3  main.o(.data)
    .data                                    0x20000028   Section        4  bsp_systick.o(.data)
    TimingDelay                              0x20000028   Data           4  bsp_systick.o(.data)
    .data                                    0x2000002c   Section        8  usart1.o(.data)
    .data                                    0x20000034   Section        4  usart2.o(.data)
    .data                                    0x20000038   Section        1  usart6.o(.data)
    .data                                    0x2000003a   Section        2  adc.o(.data)
    .data                                    0x2000003c   Section       18  data_type.o(.data)
    .data                                    0x2000004e   Section        2  relay.o(.data)
    .data                                    0x20000050   Section      512  crc.o(.data)
    .data                                    0x20000250   Section       87  lcfunc.o(.data)
    dis6_error_count                         0x20000298   Data           1  lcfunc.o(.data)
    dis7_error_count                         0x20000299   Data           1  lcfunc.o(.data)
    same_dis_count                           0x2000029a   Data           1  lcfunc.o(.data)
    dis8_error_count                         0x2000029b   Data           1  lcfunc.o(.data)
    same_dis_count                           0x2000029c   Data           1  lcfunc.o(.data)
    dis1_error_count                         0x2000029d   Data           1  lcfunc.o(.data)
    same_dis_count                           0x2000029e   Data           1  lcfunc.o(.data)
    dis1_error_count                         0x2000029f   Data           1  lcfunc.o(.data)
    dis8_error_count                         0x200002a0   Data           1  lcfunc.o(.data)
    same_dis_count                           0x200002a1   Data           1  lcfunc.o(.data)
    dis8_error_count                         0x200002a2   Data           1  lcfunc.o(.data)
    same_dis_count                           0x200002a3   Data           1  lcfunc.o(.data)
    dis1_error_count                         0x200002a4   Data           1  lcfunc.o(.data)
    same_dis_count                           0x200002a5   Data           1  lcfunc.o(.data)
    dis1_error_count                         0x200002a6   Data           1  lcfunc.o(.data)
    .data                                    0x200002a7   Section        2  manual.o(.data)
    .data                                    0x200002a9   Section        1  fullauto.o(.data)
    .data                                    0x200002aa   Section        3  halfauto.o(.data)
    .bss                                     0x200002b0   Section       48  main.o(.bss)
    .bss                                     0x200002e0   Section      129  usart1.o(.bss)
    Send_DATA                                0x20000344   Data          29  usart1.o(.bss)
    .bss                                     0x20000361   Section     1021  usart2.o(.bss)
    Send_DATA                                0x20000749   Data          21  usart2.o(.bss)
    .bss                                     0x2000075e   Section      200  usart3.o(.bss)
    .bss                                     0x20000828   Section      140  data_type.o(.bss)
    .bss                                     0x200008b4   Section       16  control.o(.bss)
    STACK                                    0x200008c8   Section     1024  startup_stm32f40xx.o(STACK)

    Global Symbols

    Symbol Name                              Value     Ov Type        Size  Object(Section)

    BuildAttributes$$THM_ISAv4$E$P$D$K$B$S$7EM$VFPi3$EXTD16$VFPS$VFMA$PE$A:L22UL41UL21$X:L11$S22US41US21$IEEE1$IW$USESV6$~STKCKD$USESV7$~SHL$OTIME$ROPI$EBA8$MICROLIB$REQ8$PRES8$EABIv2 0x00000000   Number         0  anon$$obj.o ABSOLUTE
    __ARM_use_no_argv                        0x00000000   Number         0  main.o ABSOLUTE
    __cpp_initialize__aeabi_                  - Undefined Weak Reference
    __cxa_finalize                            - Undefined Weak Reference
    _clock_init                               - Undefined Weak Reference
    _microlib_exit                            - Undefined Weak Reference
    __Vectors_Size                           0x00000188   Number         0  startup_stm32f40xx.o ABSOLUTE
    __Vectors                                0x08000000   Data           4  startup_stm32f40xx.o(RESET)
    __Vectors_End                            0x08000188   Data           0  startup_stm32f40xx.o(RESET)
    __main                                   0x08000189   Thumb Code     0  entry.o(.ARM.Collect$$$$00000000)
    _main_stk                                0x08000189   Thumb Code     0  entry2.o(.ARM.Collect$$$$00000001)
    _main_scatterload                        0x0800018d   Thumb Code     0  entry5.o(.ARM.Collect$$$$00000004)
    __main_after_scatterload                 0x08000191   Thumb Code     0  entry5.o(.ARM.Collect$$$$00000004)
    _main_clock                              0x08000191   Thumb Code     0  entry7b.o(.ARM.Collect$$$$00000008)
    _main_cpp_init                           0x08000191   Thumb Code     0  entry8b.o(.ARM.Collect$$$$0000000A)
    _main_init                               0x08000191   Thumb Code     0  entry9a.o(.ARM.Collect$$$$0000000B)
    __rt_final_cpp                           0x08000199   Thumb Code     0  entry10a.o(.ARM.Collect$$$$0000000D)
    __rt_final_exit                          0x08000199   Thumb Code     0  entry11a.o(.ARM.Collect$$$$0000000F)
    Reset_Handler                            0x0800019d   Thumb Code     8  startup_stm32f40xx.o(.text)
    ADC_IRQHandler                           0x080001b7   Thumb Code     0  startup_stm32f40xx.o(.text)
    CAN1_RX0_IRQHandler                      0x080001b7   Thumb Code     0  startup_stm32f40xx.o(.text)
    CAN1_RX1_IRQHandler                      0x080001b7   Thumb Code     0  startup_stm32f40xx.o(.text)
    CAN1_SCE_IRQHandler                      0x080001b7   Thumb Code     0  startup_stm32f40xx.o(.text)
    CAN1_TX_IRQHandler                       0x080001b7   Thumb Code     0  startup_stm32f40xx.o(.text)
    CAN2_RX0_IRQHandler                      0x080001b7   Thumb Code     0  startup_stm32f40xx.o(.text)
    CAN2_RX1_IRQHandler                      0x080001b7   Thumb Code     0  startup_stm32f40xx.o(.text)
    CAN2_SCE_IRQHandler                      0x080001b7   Thumb Code     0  startup_stm32f40xx.o(.text)
    CAN2_TX_IRQHandler                       0x080001b7   Thumb Code     0  startup_stm32f40xx.o(.text)
    CRYP_IRQHandler                          0x080001b7   Thumb Code     0  startup_stm32f40xx.o(.text)
    DCMI_IRQHandler                          0x080001b7   Thumb Code     0  startup_stm32f40xx.o(.text)
    DMA1_Stream0_IRQHandler                  0x080001b7   Thumb Code     0  startup_stm32f40xx.o(.text)
    DMA1_Stream1_IRQHandler                  0x080001b7   Thumb Code     0  startup_stm32f40xx.o(.text)
    DMA1_Stream2_IRQHandler                  0x080001b7   Thumb Code     0  startup_stm32f40xx.o(.text)
    DMA1_Stream4_IRQHandler                  0x080001b7   Thumb Code     0  startup_stm32f40xx.o(.text)
    DMA1_Stream5_IRQHandler                  0x080001b7   Thumb Code     0  startup_stm32f40xx.o(.text)
    DMA1_Stream6_IRQHandler                  0x080001b7   Thumb Code     0  startup_stm32f40xx.o(.text)
    DMA1_Stream7_IRQHandler                  0x080001b7   Thumb Code     0  startup_stm32f40xx.o(.text)
    DMA2_Stream0_IRQHandler                  0x080001b7   Thumb Code     0  startup_stm32f40xx.o(.text)
    DMA2_Stream1_IRQHandler                  0x080001b7   Thumb Code     0  startup_stm32f40xx.o(.text)
    DMA2_Stream2_IRQHandler                  0x080001b7   Thumb Code     0  startup_stm32f40xx.o(.text)
    DMA2_Stream3_IRQHandler                  0x080001b7   Thumb Code     0  startup_stm32f40xx.o(.text)
    DMA2_Stream4_IRQHandler                  0x080001b7   Thumb Code     0  startup_stm32f40xx.o(.text)
    DMA2_Stream5_IRQHandler                  0x080001b7   Thumb Code     0  startup_stm32f40xx.o(.text)
    DMA2_Stream6_IRQHandler                  0x080001b7   Thumb Code     0  startup_stm32f40xx.o(.text)
    DMA2_Stream7_IRQHandler                  0x080001b7   Thumb Code     0  startup_stm32f40xx.o(.text)
    ETH_IRQHandler                           0x080001b7   Thumb Code     0  startup_stm32f40xx.o(.text)
    ETH_WKUP_IRQHandler                      0x080001b7   Thumb Code     0  startup_stm32f40xx.o(.text)
    EXTI0_IRQHandler                         0x080001b7   Thumb Code     0  startup_stm32f40xx.o(.text)
    EXTI1_IRQHandler                         0x080001b7   Thumb Code     0  startup_stm32f40xx.o(.text)
    EXTI2_IRQHandler                         0x080001b7   Thumb Code     0  startup_stm32f40xx.o(.text)
    EXTI3_IRQHandler                         0x080001b7   Thumb Code     0  startup_stm32f40xx.o(.text)
    EXTI4_IRQHandler                         0x080001b7   Thumb Code     0  startup_stm32f40xx.o(.text)
    EXTI9_5_IRQHandler                       0x080001b7   Thumb Code     0  startup_stm32f40xx.o(.text)
    FLASH_IRQHandler                         0x080001b7   Thumb Code     0  startup_stm32f40xx.o(.text)
    FPU_IRQHandler                           0x080001b7   Thumb Code     0  startup_stm32f40xx.o(.text)
    FSMC_IRQHandler                          0x080001b7   Thumb Code     0  startup_stm32f40xx.o(.text)
    HASH_RNG_IRQHandler                      0x080001b7   Thumb Code     0  startup_stm32f40xx.o(.text)
    I2C1_ER_IRQHandler                       0x080001b7   Thumb Code     0  startup_stm32f40xx.o(.text)
    I2C1_EV_IRQHandler                       0x080001b7   Thumb Code     0  startup_stm32f40xx.o(.text)
    I2C2_ER_IRQHandler                       0x080001b7   Thumb Code     0  startup_stm32f40xx.o(.text)
    I2C2_EV_IRQHandler                       0x080001b7   Thumb Code     0  startup_stm32f40xx.o(.text)
    I2C3_ER_IRQHandler                       0x080001b7   Thumb Code     0  startup_stm32f40xx.o(.text)
    I2C3_EV_IRQHandler                       0x080001b7   Thumb Code     0  startup_stm32f40xx.o(.text)
    OTG_FS_IRQHandler                        0x080001b7   Thumb Code     0  startup_stm32f40xx.o(.text)
    OTG_FS_WKUP_IRQHandler                   0x080001b7   Thumb Code     0  startup_stm32f40xx.o(.text)
    OTG_HS_EP1_IN_IRQHandler                 0x080001b7   Thumb Code     0  startup_stm32f40xx.o(.text)
    OTG_HS_EP1_OUT_IRQHandler                0x080001b7   Thumb Code     0  startup_stm32f40xx.o(.text)
    OTG_HS_IRQHandler                        0x080001b7   Thumb Code     0  startup_stm32f40xx.o(.text)
    OTG_HS_WKUP_IRQHandler                   0x080001b7   Thumb Code     0  startup_stm32f40xx.o(.text)
    PVD_IRQHandler                           0x080001b7   Thumb Code     0  startup_stm32f40xx.o(.text)
    RCC_IRQHandler                           0x080001b7   Thumb Code     0  startup_stm32f40xx.o(.text)
    RTC_Alarm_IRQHandler                     0x080001b7   Thumb Code     0  startup_stm32f40xx.o(.text)
    RTC_WKUP_IRQHandler                      0x080001b7   Thumb Code     0  startup_stm32f40xx.o(.text)
    SDIO_IRQHandler                          0x080001b7   Thumb Code     0  startup_stm32f40xx.o(.text)
    SPI1_IRQHandler                          0x080001b7   Thumb Code     0  startup_stm32f40xx.o(.text)
    SPI2_IRQHandler                          0x080001b7   Thumb Code     0  startup_stm32f40xx.o(.text)
    SPI3_IRQHandler                          0x080001b7   Thumb Code     0  startup_stm32f40xx.o(.text)
    TAMP_STAMP_IRQHandler                    0x080001b7   Thumb Code     0  startup_stm32f40xx.o(.text)
    TIM1_BRK_TIM9_IRQHandler                 0x080001b7   Thumb Code     0  startup_stm32f40xx.o(.text)
    TIM1_CC_IRQHandler                       0x080001b7   Thumb Code     0  startup_stm32f40xx.o(.text)
    TIM1_TRG_COM_TIM11_IRQHandler            0x080001b7   Thumb Code     0  startup_stm32f40xx.o(.text)
    TIM1_UP_TIM10_IRQHandler                 0x080001b7   Thumb Code     0  startup_stm32f40xx.o(.text)
    TIM2_IRQHandler                          0x080001b7   Thumb Code     0  startup_stm32f40xx.o(.text)
    TIM3_IRQHandler                          0x080001b7   Thumb Code     0  startup_stm32f40xx.o(.text)
    TIM4_IRQHandler                          0x080001b7   Thumb Code     0  startup_stm32f40xx.o(.text)
    TIM5_IRQHandler                          0x080001b7   Thumb Code     0  startup_stm32f40xx.o(.text)
    TIM6_DAC_IRQHandler                      0x080001b7   Thumb Code     0  startup_stm32f40xx.o(.text)
    TIM8_BRK_TIM12_IRQHandler                0x080001b7   Thumb Code     0  startup_stm32f40xx.o(.text)
    TIM8_CC_IRQHandler                       0x080001b7   Thumb Code     0  startup_stm32f40xx.o(.text)
    TIM8_TRG_COM_TIM14_IRQHandler            0x080001b7   Thumb Code     0  startup_stm32f40xx.o(.text)
    TIM8_UP_TIM13_IRQHandler                 0x080001b7   Thumb Code     0  startup_stm32f40xx.o(.text)
    UART5_IRQHandler                         0x080001b7   Thumb Code     0  startup_stm32f40xx.o(.text)
    WWDG_IRQHandler                          0x080001b7   Thumb Code     0  startup_stm32f40xx.o(.text)
    __aeabi_memset                           0x080001c1   Thumb Code    14  memseta.o(.text)
    __aeabi_memset4                          0x080001c1   Thumb Code     0  memseta.o(.text)
    __aeabi_memset8                          0x080001c1   Thumb Code     0  memseta.o(.text)
    __aeabi_memclr                           0x080001cf   Thumb Code     4  memseta.o(.text)
    __aeabi_memclr4                          0x080001cf   Thumb Code     0  memseta.o(.text)
    __aeabi_memclr8                          0x080001cf   Thumb Code     0  memseta.o(.text)
    _memset$wrapper                          0x080001d3   Thumb Code    18  memseta.o(.text)
    __aeabi_dmul                             0x080001e5   Thumb Code   228  dmul.o(.text)
    __aeabi_ddiv                             0x080002c9   Thumb Code   222  ddiv.o(.text)
    __aeabi_i2d                              0x080003a7   Thumb Code    34  dflti.o(.text)
    __aeabi_d2f                              0x080003c9   Thumb Code    56  d2f.o(.text)
    __I$use$fp                               0x08000401   Thumb Code     0  iusefp.o(.text)
    _float_round                             0x08000401   Thumb Code    18  fepilogue.o(.text)
    _float_epilogue                          0x08000413   Thumb Code    92  fepilogue.o(.text)
    _double_round                            0x0800046f   Thumb Code    30  depilogue.o(.text)
    _double_epilogue                         0x0800048d   Thumb Code   156  depilogue.o(.text)
    __scatterload                            0x08000529   Thumb Code    28  init.o(.text)
    __scatterload_rt2                        0x08000529   Thumb Code     0  init.o(.text)
    __aeabi_llsl                             0x0800054d   Thumb Code    30  llshl.o(.text)
    _ll_shift_l                              0x0800054d   Thumb Code     0  llshl.o(.text)
    __aeabi_llsr                             0x0800056b   Thumb Code    32  llushr.o(.text)
    _ll_ushift_r                             0x0800056b   Thumb Code     0  llushr.o(.text)
    __decompress                             0x0800058b   Thumb Code     0  __dczerorl2.o(.text)
    __decompress1                            0x0800058b   Thumb Code    86  __dczerorl2.o(.text)
    ADC_Cmd                                  0x080005e1   Thumb Code    22  stm32f4xx_adc.o(i.ADC_Cmd)
    ADC_CommonInit                           0x080005f9   Thumb Code    34  stm32f4xx_adc.o(i.ADC_CommonInit)
    ADC_DMACmd                               0x08000629   Thumb Code    22  stm32f4xx_adc.o(i.ADC_DMACmd)
    ADC_DMARequestAfterLastTransferCmd       0x0800063f   Thumb Code    22  stm32f4xx_adc.o(i.ADC_DMARequestAfterLastTransferCmd)
    ADC_DMA_Init                             0x08000655   Thumb Code   172  adc.o(i.ADC_DMA_Init)
    ADC_Init                                 0x08000709   Thumb Code    74  stm32f4xx_adc.o(i.ADC_Init)
    ADC_RegularChannelConfig                 0x0800075d   Thumb Code   184  stm32f4xx_adc.o(i.ADC_RegularChannelConfig)
    ADC_SoftwareStartConv                    0x08000815   Thumb Code    10  stm32f4xx_adc.o(i.ADC_SoftwareStartConv)
    Alarm_GPIO_Init                          0x08000821   Thumb Code    48  alarm.o(i.Alarm_GPIO_Init)
    BSP_Init                                 0x08000855   Thumb Code    62  main.o(i.BSP_Init)
    BigCarFullAutoMode                       0x08000895   Thumb Code   766  fullauto.o(i.BigCarFullAutoMode)
    BigCarHalfAutoMode                       0x08000be9   Thumb Code  1610  halfauto.o(i.BigCarHalfAutoMode)
    BusFault_Handler                         0x08001275   Thumb Code     4  stm32f4xx_it.o(i.BusFault_Handler)
    CRC16                                    0x08001279   Thumb Code    48  crc.o(i.CRC16)
    ClosePaw                                 0x080012b1   Thumb Code    70  lcfunc.o(i.ClosePaw)
    DMA1_Stream3_IRQHandler                  0x08001315   Thumb Code    48  usart3.o(i.DMA1_Stream3_IRQHandler)
    DMA_ADC_Init                             0x0800134d   Thumb Code    98  adc.o(i.DMA_ADC_Init)
    DMA_ClearFlag                            0x080013bd   Thumb Code    38  stm32f4xx_dma.o(i.DMA_ClearFlag)
    DMA_ClearITPendingBit                    0x080013f1   Thumb Code    38  stm32f4xx_dma.o(i.DMA_ClearITPendingBit)
    DMA_Cmd                                  0x08001425   Thumb Code    22  stm32f4xx_dma.o(i.DMA_Cmd)
    DMA_DeInit                               0x0800143d   Thumb Code   324  stm32f4xx_dma.o(i.DMA_DeInit)
    DMA_GetCmdStatus                         0x08001595   Thumb Code    20  stm32f4xx_dma.o(i.DMA_GetCmdStatus)
    DMA_GetCurrDataCounter                   0x080015a9   Thumb Code     8  stm32f4xx_dma.o(i.DMA_GetCurrDataCounter)
    DMA_GetFlagStatus                        0x080015b1   Thumb Code    54  stm32f4xx_dma.o(i.DMA_GetFlagStatus)
    DMA_ITConfig                             0x080015f5   Thumb Code    58  stm32f4xx_dma.o(i.DMA_ITConfig)
    DMA_Init                                 0x08001631   Thumb Code    82  stm32f4xx_dma.o(i.DMA_Init)
    DMA_SetCurrDataCounter                   0x08001689   Thumb Code     4  stm32f4xx_dma.o(i.DMA_SetCurrDataCounter)
    DataCommunicateManage                    0x0800168d   Thumb Code   310  lcfunc.o(i.DataCommunicateManage)
    DebugMon_Handler                         0x080017d5   Thumb Code     2  stm32f4xx_it.o(i.DebugMon_Handler)
    DownClawtoBurnPool                       0x080017d9   Thumb Code    30  fullauto.o(i.DownClawtoBurnPool)
    DownPawToLitterPool                      0x08001805   Thumb Code   662  lcfunc.o(i.DownPawToLitterPool)
    DownPawToPlatform                        0x08001ad9   Thumb Code   546  lcfunc.o(i.DownPawToPlatform)
    DownToOrigin                             0x08001d35   Thumb Code    42  fullauto.o(i.DownToOrigin)
    DowntoLitterPool                         0x08001d69   Thumb Code    42  fullauto.o(i.DowntoLitterPool)
    EXTI10_Init                              0x08001d9d   Thumb Code   116  exti.o(i.EXTI10_Init)
    EXTI15_10_IRQHandler                     0x08001e15   Thumb Code    22  exti.o(i.EXTI15_10_IRQHandler)
    EXTI_ClearITPendingBit                   0x08001e2d   Thumb Code     6  stm32f4xx_exti.o(i.EXTI_ClearITPendingBit)
    EXTI_GetITStatus                         0x08001e39   Thumb Code    20  stm32f4xx_exti.o(i.EXTI_GetITStatus)
    EXTI_Init                                0x08001e51   Thumb Code   142  stm32f4xx_exti.o(i.EXTI_Init)
    GPIO_Init                                0x08001ee5   Thumb Code   144  stm32f4xx_gpio.o(i.GPIO_Init)
    GPIO_PinAFConfig                         0x08001f75   Thumb Code    70  stm32f4xx_gpio.o(i.GPIO_PinAFConfig)
    GPIO_ResetBits                           0x08001fbb   Thumb Code     4  stm32f4xx_gpio.o(i.GPIO_ResetBits)
    GPIO_SetBits                             0x08001fbf   Thumb Code     4  stm32f4xx_gpio.o(i.GPIO_SetBits)
    HFClosePaw                               0x08001fc3   Thumb Code     8  fullauto.o(i.HFClosePaw)
    HFOpenPaw                                0x08001fcb   Thumb Code     8  fullauto.o(i.HFOpenPaw)
    HardFault_Handler                        0x08001fd3   Thumb Code     4  stm32f4xx_it.o(i.HardFault_Handler)
    HorizontalDotMove                        0x08001fd9   Thumb Code   286  lcfunc.o(i.HorizontalDotMove)
    HorizontalMoving                         0x0800210d   Thumb Code    58  fullauto.o(i.HorizontalMoving)
    Key_Init                                 0x08002155   Thumb Code    42  bsp_key.o(i.Key_Init)
    LED_Init                                 0x08002185   Thumb Code    46  bsp_led.o(i.LED_Init)
    ManualClose                              0x080021b9   Thumb Code    88  manual.o(i.ManualClose)
    ManualDownClawtoBurnPool                 0x08002229   Thumb Code   148  manual.o(i.ManualDownClawtoBurnPool)
    ManualDownToOrigin                       0x080022dd   Thumb Code   148  manual.o(i.ManualDownToOrigin)
    ManualDowntoLitterPool                   0x08002391   Thumb Code   148  manual.o(i.ManualDowntoLitterPool)
    ManualOpen                               0x08002445   Thumb Code    88  manual.o(i.ManualOpen)
    ManualRaisePawFromLitterPool             0x080024b5   Thumb Code   152  manual.o(i.ManualRaisePawFromLitterPool)
    ManualRisePawFromBurnPool                0x0800256d   Thumb Code   148  manual.o(i.ManualRisePawFromBurnPool)
    ManualRisePawFromPlatform                0x08002625   Thumb Code   148  manual.o(i.ManualRisePawFromPlatform)
    ManualXMoving                            0x080026d9   Thumb Code   152  manual.o(i.ManualXMoving)
    ManualYMoving                            0x08002791   Thumb Code   152  manual.o(i.ManualYMoving)
    MemManage_Handler                        0x08002849   Thumb Code     4  stm32f4xx_it.o(i.MemManage_Handler)
    NMI_Handler                              0x0800284d   Thumb Code     2  stm32f4xx_it.o(i.NMI_Handler)
    NVIC_Init                                0x08002851   Thumb Code   106  misc.o(i.NVIC_Init)
    PendSV_Handler                           0x080028c9   Thumb Code     2  stm32f4xx_it.o(i.PendSV_Handler)
    PowerOff                                 0x080028cd   Thumb Code    34  relay.o(i.PowerOff)
    PowerOn                                  0x080028f5   Thumb Code    34  relay.o(i.PowerOn)
    RCC_AHB1PeriphClockCmd                   0x0800291d   Thumb Code    26  stm32f4xx_rcc.o(i.RCC_AHB1PeriphClockCmd)
    RCC_APB1PeriphClockCmd                   0x0800293d   Thumb Code    26  stm32f4xx_rcc.o(i.RCC_APB1PeriphClockCmd)
    RCC_APB2PeriphClockCmd                   0x0800295d   Thumb Code    26  stm32f4xx_rcc.o(i.RCC_APB2PeriphClockCmd)
    RCC_APB2PeriphResetCmd                   0x0800297d   Thumb Code    26  stm32f4xx_rcc.o(i.RCC_APB2PeriphResetCmd)
    RCC_GetClocksFreq                        0x0800299d   Thumb Code   214  stm32f4xx_rcc.o(i.RCC_GetClocksFreq)
    RS485_Init                               0x08002a85   Thumb Code    72  rs485.o(i.RS485_Init)
    RS485_Send_Data                          0x08002ad1   Thumb Code   356  rs485.o(i.RS485_Send_Data)
    RelayOff                                 0x08002c41   Thumb Code    52  relay.o(i.RelayOff)
    RelayOn                                  0x08002c7d   Thumb Code    52  relay.o(i.RelayOn)
    Relay_GPIO_Init                          0x08002cb9   Thumb Code   120  relay.o(i.Relay_GPIO_Init)
    ReleasePaw                               0x08002d3d   Thumb Code    70  lcfunc.o(i.ReleasePaw)
    RequestStart                             0x08002d95   Thumb Code    30  lcfunc.o(i.RequestStart)
    RequestStartToBigCar                     0x08002db5   Thumb Code    30  usart1.o(i.RequestStartToBigCar)
    RequestStartToBigClaw                    0x08002dd9   Thumb Code    30  usart2.o(i.RequestStartToBigClaw)
    RequestStop                              0x08002dfd   Thumb Code    30  lcfunc.o(i.RequestStop)
    RequestStopToBigCar                      0x08002e1d   Thumb Code    30  usart1.o(i.RequestStopToBigCar)
    RequestStopToBigClaw                     0x08002e41   Thumb Code    30  usart2.o(i.RequestStopToBigClaw)
    RevStop                                  0x08002e65   Thumb Code   276  lcfunc.o(i.RevStop)
    RisePawFromBurnPool                      0x08002f89   Thumb Code    30  fullauto.o(i.RisePawFromBurnPool)
    RisePawFromLitterPool                    0x08002fb5   Thumb Code    30  fullauto.o(i.RisePawFromLitterPool)
    RisePawFromPlatform                      0x08002fe1   Thumb Code    30  fullauto.o(i.RisePawFromPlatform)
    SVC_Handler                              0x0800300d   Thumb Code     2  stm32f4xx_it.o(i.SVC_Handler)
    SYSCFG_EXTILineConfig                    0x08003011   Thumb Code    60  stm32f4xx_syscfg.o(i.SYSCFG_EXTILineConfig)
    SysTick_Handler                          0x0800313d   Thumb Code     8  stm32f4xx_it.o(i.SysTick_Handler)
    SysTick_Init                             0x08003145   Thumb Code    88  bsp_systick.o(i.SysTick_Init)
    SystemInit                               0x080031ad   Thumb Code    88  system_stm32f4xx.o(i.SystemInit)
    TIM7_IRQHandler                          0x08003215   Thumb Code    26  bsp_basic_tim.o(i.TIM7_IRQHandler)
    TIM7_Init                                0x08003235   Thumb Code    90  bsp_basic_tim.o(i.TIM7_Init)
    TIM_ClearITPendingBit                    0x08003295   Thumb Code     6  stm32f4xx_tim.o(i.TIM_ClearITPendingBit)
    TIM_Cmd                                  0x0800329b   Thumb Code    24  stm32f4xx_tim.o(i.TIM_Cmd)
    TIM_GetITStatus                          0x080032b3   Thumb Code    34  stm32f4xx_tim.o(i.TIM_GetITStatus)
    TIM_ITConfig                             0x080032d5   Thumb Code    18  stm32f4xx_tim.o(i.TIM_ITConfig)
    TIM_TimeBaseInit                         0x080032e9   Thumb Code   104  stm32f4xx_tim.o(i.TIM_TimeBaseInit)
    TimingDelay_Decrement                    0x0800336d   Thumb Code    18  bsp_systick.o(i.TimingDelay_Decrement)
    UART4_IRQHandler                         0x08003385   Thumb Code    84  uart4.o(i.UART4_IRQHandler)
    USART1_DMA_TxConfig                      0x08003489   Thumb Code    40  usart1.o(i.USART1_DMA_TxConfig)
    USART1_IRQHandler                        0x08003519   Thumb Code   388  usart1.o(i.USART1_IRQHandler)
    USART1_Init                              0x080036c9   Thumb Code    12  usart1.o(i.USART1_Init)
    USART2_DMA_TxConfig                      0x080036d5   Thumb Code    42  usart2.o(i.USART2_DMA_TxConfig)
    USART2_IRQHandler                        0x08003705   Thumb Code   672  usart2.o(i.USART2_IRQHandler)
    USART2_Init                              0x080039fd   Thumb Code    12  usart2.o(i.USART2_Init)
    USART3_DMA_TxConfig                      0x08003a81   Thumb Code    74  usart3.o(i.USART3_DMA_TxConfig)
    USART3_IRQHandler                        0x08003b89   Thumb Code   510  usart3.o(i.USART3_IRQHandler)
    USART3_Init                              0x08003db1   Thumb Code    12  usart3.o(i.USART3_Init)
    USART6_IRQHandler                        0x08003dbd   Thumb Code    86  usart6.o(i.USART6_IRQHandler)
    USART_ClearFlag                          0x08003e25   Thumb Code    18  stm32f4xx_usart.o(i.USART_ClearFlag)
    USART_ClearITPendingBit                  0x08003e37   Thumb Code    30  stm32f4xx_usart.o(i.USART_ClearITPendingBit)
    USART_Cmd                                0x08003e55   Thumb Code    24  stm32f4xx_usart.o(i.USART_Cmd)
    USART_DMACmd                             0x08003e6d   Thumb Code    18  stm32f4xx_usart.o(i.USART_DMACmd)
    USART_GetFlagStatus                      0x08003f61   Thumb Code    26  stm32f4xx_usart.o(i.USART_GetFlagStatus)
    USART_GetITStatus                        0x08003f7b   Thumb Code    84  stm32f4xx_usart.o(i.USART_GetITStatus)
    USART_ITConfig                           0x08003fcf   Thumb Code    74  stm32f4xx_usart.o(i.USART_ITConfig)
    USART_Init                               0x08004019   Thumb Code   204  stm32f4xx_usart.o(i.USART_Init)
    USART_ReceiveData                        0x080041a1   Thumb Code    10  stm32f4xx_usart.o(i.USART_ReceiveData)
    UpPawFromBurnPool                        0x080041ad   Thumb Code   370  lcfunc.o(i.UpPawFromBurnPool)
    UpPawFromLitterPool                      0x08004345   Thumb Code   448  lcfunc.o(i.UpPawFromLitterPool)
    UpPawFromPlatform                        0x0800452d   Thumb Code   370  lcfunc.o(i.UpPawFromPlatform)
    UsageFault_Handler                       0x080046c5   Thumb Code     4  stm32f4xx_it.o(i.UsageFault_Handler)
    VerticalDotMove                          0x080046c9   Thumb Code   140  lcfunc.o(i.VerticalDotMove)
    XMoving                                  0x08004761   Thumb Code   534  lcfunc.o(i.XMoving)
    YMoving                                  0x080049a9   Thumb Code   438  lcfunc.o(i.YMoving)
    __scatterload_copy                       0x08004b8d   Thumb Code    14  handlers.o(i.__scatterload_copy)
    __scatterload_null                       0x08004b9b   Thumb Code     2  handlers.o(i.__scatterload_null)
    __scatterload_zeroinit                   0x08004b9d   Thumb Code    14  handlers.o(i.__scatterload_zeroinit)
    control_task                             0x08004eb5   Thumb Code   270  control.o(i.control_task)
    delay_us                                 0x08004ff9   Thumb Code    20  bsp_systick.o(i.delay_us)
    main                                     0x08005011   Thumb Code   398  main.o(i.main)
    uart1_tx_task                            0x080051f1   Thumb Code    30  usart1.o(i.uart1_tx_task)
    uart2_tx_task                            0x0800520f   Thumb Code    30  usart2.o(i.uart2_tx_task)
    Region$$Table$$Base                      0x0800522c   Number         0  anon$$obj.o(Region$$Table)
    Region$$Table$$Limit                     0x0800524c   Number         0  anon$$obj.o(Region$$Table)
    SystemCoreClock                          0x20000000   Data           4  system_stm32f4xx.o(.data)
    AHBPrescTable                            0x20000004   Data          16  system_stm32f4xx.o(.data)
    WaitFlag                                 0x20000024   Data           1  main.o(.data)
    Run_Mode                                 0x20000025   Data           1  main.o(.data)
    Up_Data_Flag                             0x20000026   Data           1  main.o(.data)
    uart_cmd                                 0x2000002c   Data           1  usart1.o(.data)
    sum                                      0x20000030   Data           4  usart1.o(.data)
    sum1                                     0x20000034   Data           4  usart2.o(.data)
    Usart6_Rec_Len                           0x20000038   Data           1  usart6.o(.data)
    ADC_Converted_Buff                       0x2000003a   Data           2  adc.o(.data)
    send_request_to_xxx                      0x2000003c   Data          18  data_type.o(.data)
    RelayOnflag                              0x2000004e   Data           1  relay.o(.data)
    RelayOffflag                             0x2000004f   Data           1  relay.o(.data)
    CRCTABH                                  0x20000050   Data         256  crc.o(.data)
    CRCTABL                                  0x20000150   Data         256  crc.o(.data)
    X_MOVE_BIT                               0x20000250   Data           1  lcfunc.o(.data)
    Y_MOVE_BIT                               0x20000251   Data           1  lcfunc.o(.data)
    DOWN_BIT                                 0x20000252   Data           1  lcfunc.o(.data)
    UP_BIT                                   0x20000253   Data           1  lcfunc.o(.data)
    BigCarDataCorrect                        0x20000254   Data           1  lcfunc.o(.data)
    BigClawDataCorrect                       0x20000255   Data           1  lcfunc.o(.data)
    ReverseStop                              0x20000256   Data           1  lcfunc.o(.data)
    ReverseTime                              0x20000258   Data           4  lcfunc.o(.data)
    ReverseCount                             0x2000025c   Data           1  lcfunc.o(.data)
    PointMove                                0x2000025d   Data           1  lcfunc.o(.data)
    PointMoveTime                            0x20000260   Data           4  lcfunc.o(.data)
    UpOrDown                                 0x20000264   Data           1  lcfunc.o(.data)
    CloseFlag                                0x20000265   Data           1  lcfunc.o(.data)
    CloseDelay                               0x20000268   Data           4  lcfunc.o(.data)
    OpenFlag                                 0x2000026c   Data           1  lcfunc.o(.data)
    OpenDelay                                0x20000270   Data           4  lcfunc.o(.data)
    ErrorBigCar                              0x20000274   Data           1  lcfunc.o(.data)
    Big_Claw_Up_Delay                        0x20000278   Data           8  lcfunc.o(.data)
    Big_Claw_Up_Delay_Flag                   0x20000280   Data           1  lcfunc.o(.data)
    Big_Claw_Up_Delay_Pool                   0x20000288   Data           8  lcfunc.o(.data)
    Big_Claw_Up_Delay_Pool_Flag              0x20000290   Data           1  lcfunc.o(.data)
    CommunicatDelay                          0x20000291   Data           1  lcfunc.o(.data)
    BCVar                                    0x20000292   Data           6  lcfunc.o(.data)
    HTaskModeFlag                            0x200002a7   Data           1  manual.o(.data)
    ManualError                              0x200002a8   Data           1  manual.o(.data)
    FullAutoStep                             0x200002a9   Data           1  fullauto.o(.data)
    HalfAutoStep                             0x200002aa   Data           1  halfauto.o(.data)
    SingleStepOver                           0x200002ab   Data           1  halfauto.o(.data)
    IsExecute                                0x200002ac   Data           1  halfauto.o(.data)
    origin                                   0x200002b0   Data          24  main.o(.bss)
    target                                   0x200002c8   Data          24  main.o(.bss)
    u1_receive_buff                          0x200002e0   Data         100  usart1.o(.bss)
    u2_receive_buff                          0x20000361   Data        1000  usart2.o(.bss)
    u3_receive_buff                          0x2000075e   Data         100  usart3.o(.bss)
    u3_send_buff                             0x200007c2   Data         100  usart3.o(.bss)
    laser                                    0x20000828   Data          96  data_type.o(.bss)
    mpu                                      0x20000888   Data          20  data_type.o(.bss)
    Up_Data                                  0x2000089c   Data          24  data_type.o(.bss)
    task_tim                                 0x200008b4   Data          16  control.o(.bss)
    __initial_sp                             0x20000cc8   Data           0  startup_stm32f40xx.o(STACK)



==============================================================================

Memory Map of the image

  Image Entry point : 0x08000189

  Load Region LR_IROM1 (Base: 0x08000000, Size: 0x000054fc, Max: 0x00080000, ABSOLUTE, COMPRESSED[0x00005394])

    Execution Region ER_IROM1 (Exec base: 0x08000000, Load base: 0x08000000, Size: 0x0000524c, Max: 0x00080000, ABSOLUTE)

    Exec Addr    Load Addr    Size         Type   Attr      Idx    E Section Name        Object

    0x08000000   0x08000000   0x00000188   Data   RO            3    RESET               startup_stm32f40xx.o
    0x08000188   0x08000188   0x00000000   Code   RO         5976  * .ARM.Collect$$$$00000000  mc_w.l(entry.o)
    0x08000188   0x08000188   0x00000004   Code   RO         5989    .ARM.Collect$$$$00000001  mc_w.l(entry2.o)
    0x0800018c   0x0800018c   0x00000004   Code   RO         5992    .ARM.Collect$$$$00000004  mc_w.l(entry5.o)
    0x08000190   0x08000190   0x00000000   Code   RO         5994    .ARM.Collect$$$$00000008  mc_w.l(entry7b.o)
    0x08000190   0x08000190   0x00000000   Code   RO         5996    .ARM.Collect$$$$0000000A  mc_w.l(entry8b.o)
    0x08000190   0x08000190   0x00000008   Code   RO         5997    .ARM.Collect$$$$0000000B  mc_w.l(entry9a.o)
    0x08000198   0x08000198   0x00000000   Code   RO         5999    .ARM.Collect$$$$0000000D  mc_w.l(entry10a.o)
    0x08000198   0x08000198   0x00000000   Code   RO         6001    .ARM.Collect$$$$0000000F  mc_w.l(entry11a.o)
    0x08000198   0x08000198   0x00000004   Code   RO         5990    .ARM.Collect$$$$00002712  mc_w.l(entry2.o)
    0x0800019c   0x0800019c   0x00000024   Code   RO            4    .text               startup_stm32f40xx.o
    0x080001c0   0x080001c0   0x00000024   Code   RO         5979    .text               mc_w.l(memseta.o)
    0x080001e4   0x080001e4   0x000000e4   Code   RO         5981    .text               mf_w.l(dmul.o)
    0x080002c8   0x080002c8   0x000000de   Code   RO         5983    .text               mf_w.l(ddiv.o)
    0x080003a6   0x080003a6   0x00000022   Code   RO         5985    .text               mf_w.l(dflti.o)
    0x080003c8   0x080003c8   0x00000038   Code   RO         5987    .text               mf_w.l(d2f.o)
    0x08000400   0x08000400   0x00000000   Code   RO         6003    .text               mc_w.l(iusefp.o)
    0x08000400   0x08000400   0x0000006e   Code   RO         6004    .text               mf_w.l(fepilogue.o)
    0x0800046e   0x0800046e   0x000000ba   Code   RO         6006    .text               mf_w.l(depilogue.o)
    0x08000528   0x08000528   0x00000024   Code   RO         6008    .text               mc_w.l(init.o)
    0x0800054c   0x0800054c   0x0000001e   Code   RO         6010    .text               mc_w.l(llshl.o)
    0x0800056a   0x0800056a   0x00000020   Code   RO         6012    .text               mc_w.l(llushr.o)
    0x0800058a   0x0800058a   0x00000056   Code   RO         6022    .text               mc_w.l(__dczerorl2.o)
    0x080005e0   0x080005e0   0x00000016   Code   RO          213    i.ADC_Cmd           stm32f4xx_adc.o
    0x080005f6   0x080005f6   0x00000002   PAD
    0x080005f8   0x080005f8   0x00000030   Code   RO          214    i.ADC_CommonInit    stm32f4xx_adc.o
    0x08000628   0x08000628   0x00000016   Code   RO          217    i.ADC_DMACmd        stm32f4xx_adc.o
    0x0800063e   0x0800063e   0x00000016   Code   RO          218    i.ADC_DMARequestAfterLastTransferCmd  stm32f4xx_adc.o
    0x08000654   0x08000654   0x000000b4   Code   RO         5375    i.ADC_DMA_Init      adc.o
    0x08000708   0x08000708   0x00000054   Code   RO          233    i.ADC_Init          stm32f4xx_adc.o
    0x0800075c   0x0800075c   0x000000b8   Code   RO          238    i.ADC_RegularChannelConfig  stm32f4xx_adc.o
    0x08000814   0x08000814   0x0000000a   Code   RO          240    i.ADC_SoftwareStartConv  stm32f4xx_adc.o
    0x0800081e   0x0800081e   0x00000002   PAD
    0x08000820   0x08000820   0x00000034   Code   RO         5542    i.Alarm_GPIO_Init   alarm.o
    0x08000854   0x08000854   0x0000003e   Code   RO         4630    i.BSP_Init          main.o
    0x08000892   0x08000892   0x00000002   PAD
    0x08000894   0x08000894   0x00000354   Code   RO         5864    i.BigCarFullAutoMode  fullauto.o
    0x08000be8   0x08000be8   0x0000068c   Code   RO         5946    i.BigCarHalfAutoMode  halfauto.o
    0x08001274   0x08001274   0x00000004   Code   RO         4731    i.BusFault_Handler  stm32f4xx_it.o
    0x08001278   0x08001278   0x00000038   Code   RO         5596    i.CRC16             crc.o
    0x080012b0   0x080012b0   0x00000058   Code   RO         5624    i.ClosePaw          lcfunc.o
    0x08001308   0x08001308   0x0000000c   Code   RO         5947    i.ConfirmNextStep   halfauto.o
    0x08001314   0x08001314   0x00000038   Code   RO         5135    i.DMA1_Stream3_IRQHandler  usart3.o
    0x0800134c   0x0800134c   0x00000070   Code   RO         5376    i.DMA_ADC_Init      adc.o
    0x080013bc   0x080013bc   0x00000034   Code   RO         1211    i.DMA_ClearFlag     stm32f4xx_dma.o
    0x080013f0   0x080013f0   0x00000034   Code   RO         1212    i.DMA_ClearITPendingBit  stm32f4xx_dma.o
    0x08001424   0x08001424   0x00000016   Code   RO         1213    i.DMA_Cmd           stm32f4xx_dma.o
    0x0800143a   0x0800143a   0x00000002   PAD
    0x0800143c   0x0800143c   0x00000158   Code   RO         1214    i.DMA_DeInit        stm32f4xx_dma.o
    0x08001594   0x08001594   0x00000014   Code   RO         1218    i.DMA_GetCmdStatus  stm32f4xx_dma.o
    0x080015a8   0x080015a8   0x00000008   Code   RO         1219    i.DMA_GetCurrDataCounter  stm32f4xx_dma.o
    0x080015b0   0x080015b0   0x00000044   Code   RO         1222    i.DMA_GetFlagStatus  stm32f4xx_dma.o
    0x080015f4   0x080015f4   0x0000003a   Code   RO         1224    i.DMA_ITConfig      stm32f4xx_dma.o
    0x0800162e   0x0800162e   0x00000002   PAD
    0x08001630   0x08001630   0x00000058   Code   RO         1225    i.DMA_Init          stm32f4xx_dma.o
    0x08001688   0x08001688   0x00000004   Code   RO         1228    i.DMA_SetCurrDataCounter  stm32f4xx_dma.o
    0x0800168c   0x0800168c   0x00000148   Code   RO         5626    i.DataCommunicateManage  lcfunc.o
    0x080017d4   0x080017d4   0x00000002   Code   RO         4732    i.DebugMon_Handler  stm32f4xx_it.o
    0x080017d6   0x080017d6   0x00000002   PAD
    0x080017d8   0x080017d8   0x0000002c   Code   RO         5865    i.DownClawtoBurnPool  fullauto.o
    0x08001804   0x08001804   0x000002d4   Code   RO         5628    i.DownPawToLitterPool  lcfunc.o
    0x08001ad8   0x08001ad8   0x0000025c   Code   RO         5629    i.DownPawToPlatform  lcfunc.o
    0x08001d34   0x08001d34   0x00000034   Code   RO         5866    i.DownToOrigin      fullauto.o
    0x08001d68   0x08001d68   0x00000034   Code   RO         5867    i.DowntoLitterPool  fullauto.o
    0x08001d9c   0x08001d9c   0x00000078   Code   RO         5566    i.EXTI10_Init       exti.o
    0x08001e14   0x08001e14   0x00000016   Code   RO         5567    i.EXTI15_10_IRQHandler  exti.o
    0x08001e2a   0x08001e2a   0x00000002   PAD
    0x08001e2c   0x08001e2c   0x0000000c   Code   RO         1344    i.EXTI_ClearITPendingBit  stm32f4xx_exti.o
    0x08001e38   0x08001e38   0x00000018   Code   RO         1348    i.EXTI_GetITStatus  stm32f4xx_exti.o
    0x08001e50   0x08001e50   0x00000094   Code   RO         1349    i.EXTI_Init         stm32f4xx_exti.o
    0x08001ee4   0x08001ee4   0x00000090   Code   RO         1722    i.GPIO_Init         stm32f4xx_gpio.o
    0x08001f74   0x08001f74   0x00000046   Code   RO         1723    i.GPIO_PinAFConfig  stm32f4xx_gpio.o
    0x08001fba   0x08001fba   0x00000004   Code   RO         1729    i.GPIO_ResetBits    stm32f4xx_gpio.o
    0x08001fbe   0x08001fbe   0x00000004   Code   RO         1730    i.GPIO_SetBits      stm32f4xx_gpio.o
    0x08001fc2   0x08001fc2   0x00000008   Code   RO         5868    i.HFClosePaw        fullauto.o
    0x08001fca   0x08001fca   0x00000008   Code   RO         5869    i.HFOpenPaw         fullauto.o
    0x08001fd2   0x08001fd2   0x00000004   Code   RO         4733    i.HardFault_Handler  stm32f4xx_it.o
    0x08001fd6   0x08001fd6   0x00000002   PAD
    0x08001fd8   0x08001fd8   0x00000134   Code   RO         5630    i.HorizontalDotMove  lcfunc.o
    0x0800210c   0x0800210c   0x00000048   Code   RO         5870    i.HorizontalMoving  fullauto.o
    0x08002154   0x08002154   0x00000030   Code   RO         4875    i.Key_Init          bsp_key.o
    0x08002184   0x08002184   0x00000034   Code   RO         4851    i.LED_Init          bsp_led.o
    0x080021b8   0x080021b8   0x00000070   Code   RO         5775    i.ManualClose       manual.o
    0x08002228   0x08002228   0x000000b4   Code   RO         5776    i.ManualDownClawtoBurnPool  manual.o
    0x080022dc   0x080022dc   0x000000b4   Code   RO         5777    i.ManualDownToOrigin  manual.o
    0x08002390   0x08002390   0x000000b4   Code   RO         5778    i.ManualDowntoLitterPool  manual.o
    0x08002444   0x08002444   0x00000070   Code   RO         5779    i.ManualOpen        manual.o
    0x080024b4   0x080024b4   0x000000b8   Code   RO         5780    i.ManualRaisePawFromLitterPool  manual.o
    0x0800256c   0x0800256c   0x000000b8   Code   RO         5781    i.ManualRisePawFromBurnPool  manual.o
    0x08002624   0x08002624   0x000000b4   Code   RO         5782    i.ManualRisePawFromPlatform  manual.o
    0x080026d8   0x080026d8   0x000000b8   Code   RO         5783    i.ManualXMoving     manual.o
    0x08002790   0x08002790   0x000000b8   Code   RO         5784    i.ManualYMoving     manual.o
    0x08002848   0x08002848   0x00000004   Code   RO         4734    i.MemManage_Handler  stm32f4xx_it.o
    0x0800284c   0x0800284c   0x00000002   Code   RO         4735    i.NMI_Handler       stm32f4xx_it.o
    0x0800284e   0x0800284e   0x00000002   PAD
    0x08002850   0x08002850   0x00000078   Code   RO          155    i.NVIC_Init         misc.o
    0x080028c8   0x080028c8   0x00000002   Code   RO         4736    i.PendSV_Handler    stm32f4xx_it.o
    0x080028ca   0x080028ca   0x00000002   PAD
    0x080028cc   0x080028cc   0x00000028   Code   RO         5488    i.PowerOff          relay.o
    0x080028f4   0x080028f4   0x00000028   Code   RO         5489    i.PowerOn           relay.o
    0x0800291c   0x0800291c   0x00000020   Code   RO         2426    i.RCC_AHB1PeriphClockCmd  stm32f4xx_rcc.o
    0x0800293c   0x0800293c   0x00000020   Code   RO         2435    i.RCC_APB1PeriphClockCmd  stm32f4xx_rcc.o
    0x0800295c   0x0800295c   0x00000020   Code   RO         2438    i.RCC_APB2PeriphClockCmd  stm32f4xx_rcc.o
    0x0800297c   0x0800297c   0x00000020   Code   RO         2440    i.RCC_APB2PeriphResetCmd  stm32f4xx_rcc.o
    0x0800299c   0x0800299c   0x000000e8   Code   RO         2447    i.RCC_GetClocksFreq  stm32f4xx_rcc.o
    0x08002a84   0x08002a84   0x0000004c   Code   RO         5345    i.RS485_Init        rs485.o
    0x08002ad0   0x08002ad0   0x00000170   Code   RO         5346    i.RS485_Send_Data   rs485.o
    0x08002c40   0x08002c40   0x0000003c   Code   RO         5490    i.RelayOff          relay.o
    0x08002c7c   0x08002c7c   0x0000003c   Code   RO         5491    i.RelayOn           relay.o
    0x08002cb8   0x08002cb8   0x00000084   Code   RO         5492    i.Relay_GPIO_Init   relay.o
    0x08002d3c   0x08002d3c   0x00000058   Code   RO         5631    i.ReleasePaw        lcfunc.o
    0x08002d94   0x08002d94   0x0000001e   Code   RO         5632    i.RequestStart      lcfunc.o
    0x08002db2   0x08002db2   0x00000002   PAD
    0x08002db4   0x08002db4   0x00000024   Code   RO         4967    i.RequestStartToBigCar  usart1.o
    0x08002dd8   0x08002dd8   0x00000024   Code   RO         5051    i.RequestStartToBigClaw  usart2.o
    0x08002dfc   0x08002dfc   0x0000001e   Code   RO         5633    i.RequestStop       lcfunc.o
    0x08002e1a   0x08002e1a   0x00000002   PAD
    0x08002e1c   0x08002e1c   0x00000024   Code   RO         4968    i.RequestStopToBigCar  usart1.o
    0x08002e40   0x08002e40   0x00000024   Code   RO         5052    i.RequestStopToBigClaw  usart2.o
    0x08002e64   0x08002e64   0x00000124   Code   RO         5635    i.RevStop           lcfunc.o
    0x08002f88   0x08002f88   0x0000002c   Code   RO         5871    i.RisePawFromBurnPool  fullauto.o
    0x08002fb4   0x08002fb4   0x0000002c   Code   RO         5872    i.RisePawFromLitterPool  fullauto.o
    0x08002fe0   0x08002fe0   0x0000002c   Code   RO         5873    i.RisePawFromPlatform  fullauto.o
    0x0800300c   0x0800300c   0x00000002   Code   RO         4737    i.SVC_Handler       stm32f4xx_it.o
    0x0800300e   0x0800300e   0x00000002   PAD
    0x08003010   0x08003010   0x00000040   Code   RO         3749    i.SYSCFG_EXTILineConfig  stm32f4xx_syscfg.o
    0x08003050   0x08003050   0x000000ec   Code   RO           13    i.SetSysClock       system_stm32f4xx.o
    0x0800313c   0x0800313c   0x00000008   Code   RO         4738    i.SysTick_Handler   stm32f4xx_it.o
    0x08003144   0x08003144   0x00000068   Code   RO         4806    i.SysTick_Init      bsp_systick.o
    0x080031ac   0x080031ac   0x00000068   Code   RO           15    i.SystemInit        system_stm32f4xx.o
    0x08003214   0x08003214   0x00000020   Code   RO         4906    i.TIM7_IRQHandler   bsp_basic_tim.o
    0x08003234   0x08003234   0x00000060   Code   RO         4907    i.TIM7_Init         bsp_basic_tim.o
    0x08003294   0x08003294   0x00000006   Code   RO         3817    i.TIM_ClearITPendingBit  stm32f4xx_tim.o
    0x0800329a   0x0800329a   0x00000018   Code   RO         3822    i.TIM_Cmd           stm32f4xx_tim.o
    0x080032b2   0x080032b2   0x00000022   Code   RO         3843    i.TIM_GetITStatus   stm32f4xx_tim.o
    0x080032d4   0x080032d4   0x00000012   Code   RO         3847    i.TIM_ITConfig      stm32f4xx_tim.o
    0x080032e6   0x080032e6   0x00000002   PAD
    0x080032e8   0x080032e8   0x00000084   Code   RO         3894    i.TIM_TimeBaseInit  stm32f4xx_tim.o
    0x0800336c   0x0800336c   0x00000018   Code   RO         4807    i.TimingDelay_Decrement  bsp_systick.o
    0x08003384   0x08003384   0x00000060   Code   RO         5279    i.UART4_IRQHandler  uart4.o
    0x080033e4   0x080033e4   0x0000002c   Code   RO         5281    i.UART4_RX_DMAReset  uart4.o
    0x08003410   0x08003410   0x00000078   Code   RO         4969    i.USART1_DMA_RxConfig  usart1.o
    0x08003488   0x08003488   0x0000002c   Code   RO         4970    i.USART1_DMA_TxConfig  usart1.o
    0x080034b4   0x080034b4   0x00000064   Code   RO         4971    i.USART1_DMA_Tx_init  usart1.o
    0x08003518   0x08003518   0x000001b0   Code   RO         4972    i.USART1_IRQHandler  usart1.o
    0x080036c8   0x080036c8   0x0000000c   Code   RO         4973    i.USART1_Init       usart1.o
    0x080036d4   0x080036d4   0x00000030   Code   RO         5053    i.USART2_DMA_TxConfig  usart2.o
    0x08003704   0x08003704   0x000002f8   Code   RO         5054    i.USART2_IRQHandler  usart2.o
    0x080039fc   0x080039fc   0x0000000c   Code   RO         5055    i.USART2_Init       usart2.o
    0x08003a08   0x08003a08   0x00000078   Code   RO         5136    i.USART3_DMA_RxConfig  usart3.o
    0x08003a80   0x08003a80   0x0000005c   Code   RO         5137    i.USART3_DMA_TxConfig  usart3.o
    0x08003adc   0x08003adc   0x000000ac   Code   RO         5138    i.USART3_DMA_Tx_init  usart3.o
    0x08003b88   0x08003b88   0x00000228   Code   RO         5139    i.USART3_IRQHandler  usart3.o
    0x08003db0   0x08003db0   0x0000000c   Code   RO         5140    i.USART3_Init       usart3.o
    0x08003dbc   0x08003dbc   0x00000068   Code   RO         5208    i.USART6_IRQHandler  usart6.o
    0x08003e24   0x08003e24   0x00000012   Code   RO         4372    i.USART_ClearFlag   stm32f4xx_usart.o
    0x08003e36   0x08003e36   0x0000001e   Code   RO         4373    i.USART_ClearITPendingBit  stm32f4xx_usart.o
    0x08003e54   0x08003e54   0x00000018   Code   RO         4376    i.USART_Cmd         stm32f4xx_usart.o
    0x08003e6c   0x08003e6c   0x00000012   Code   RO         4377    i.USART_DMACmd      stm32f4xx_usart.o
    0x08003e7e   0x08003e7e   0x00000002   PAD
    0x08003e80   0x08003e80   0x0000007c   Code   RO         5057    i.USART_DMA_RxConfig  usart2.o
    0x08003efc   0x08003efc   0x00000064   Code   RO         5058    i.USART_DMA_Tx_init  usart2.o
    0x08003f60   0x08003f60   0x0000001a   Code   RO         4379    i.USART_GetFlagStatus  stm32f4xx_usart.o
    0x08003f7a   0x08003f7a   0x00000054   Code   RO         4380    i.USART_GetITStatus  stm32f4xx_usart.o
    0x08003fce   0x08003fce   0x0000004a   Code   RO         4382    i.USART_ITConfig    stm32f4xx_usart.o
    0x08004018   0x08004018   0x000000d4   Code   RO         4383    i.USART_Init        stm32f4xx_usart.o
    0x080040ec   0x080040ec   0x0000002c   Code   RO         4975    i.USART_RX_DMAReset  usart1.o
    0x08004118   0x08004118   0x00000030   Code   RO         5059    i.USART_RX_DMAReset  usart2.o
    0x08004148   0x08004148   0x0000002c   Code   RO         5141    i.USART_RX_DMAReset  usart3.o
    0x08004174   0x08004174   0x0000002c   Code   RO         5213    i.USART_RX_DMAReset  usart6.o
    0x080041a0   0x080041a0   0x0000000a   Code   RO         4390    i.USART_ReceiveData  stm32f4xx_usart.o
    0x080041aa   0x080041aa   0x00000002   PAD
    0x080041ac   0x080041ac   0x00000198   Code   RO         5638    i.UpPawFromBurnPool  lcfunc.o
    0x08004344   0x08004344   0x000001e8   Code   RO         5639    i.UpPawFromLitterPool  lcfunc.o
    0x0800452c   0x0800452c   0x00000198   Code   RO         5640    i.UpPawFromPlatform  lcfunc.o
    0x080046c4   0x080046c4   0x00000004   Code   RO         4739    i.UsageFault_Handler  stm32f4xx_it.o
    0x080046c8   0x080046c8   0x00000098   Code   RO         5641    i.VerticalDotMove   lcfunc.o
    0x08004760   0x08004760   0x00000248   Code   RO         5642    i.XMoving           lcfunc.o
    0x080049a8   0x080049a8   0x000001e4   Code   RO         5643    i.YMoving           lcfunc.o
    0x08004b8c   0x08004b8c   0x0000000e   Code   RO         6016    i.__scatterload_copy  mc_w.l(handlers.o)
    0x08004b9a   0x08004b9a   0x00000002   Code   RO         6017    i.__scatterload_null  mc_w.l(handlers.o)
    0x08004b9c   0x08004b9c   0x0000000e   Code   RO         6018    i.__scatterload_zeroinit  mc_w.l(handlers.o)
    0x08004baa   0x08004baa   0x00000002   PAD
    0x08004bac   0x08004bac   0x00000104   Code   RO         4976    i.bsp_initUSART     usart1.o
    0x08004cb0   0x08004cb0   0x000000e4   Code   RO         5060    i.bsp_initUSART     usart2.o
    0x08004d94   0x08004d94   0x00000120   Code   RO         5142    i.bsp_initUSART     usart3.o
    0x08004eb4   0x08004eb4   0x00000144   Code   RO         5444    i.control_task      control.o
    0x08004ff8   0x08004ff8   0x00000018   Code   RO         4808    i.delay_us          bsp_systick.o
    0x08005010   0x08005010   0x000001e0   Code   RO         4631    i.main              main.o
    0x080051f0   0x080051f0   0x0000001e   Code   RO         4977    i.uart1_tx_task     usart1.o
    0x0800520e   0x0800520e   0x0000001e   Code   RO         5061    i.uart2_tx_task     usart2.o
    0x0800522c   0x0800522c   0x00000020   Data   RO         6014    Region$$Table       anon$$obj.o


    Execution Region RW_IRAM1 (Exec base: 0x20000000, Load base: 0x0800524c, Size: 0x00000cc8, Max: 0x00020000, ABSOLUTE, COMPRESSED[0x00000148])

    Exec Addr    Load Addr    Size         Type   Attr      Idx    E Section Name        Object

    0x20000000   COMPRESSED   0x00000014   Data   RW           16    .data               system_stm32f4xx.o
    0x20000014   COMPRESSED   0x00000010   Data   RW         2479    .data               stm32f4xx_rcc.o
    0x20000024   COMPRESSED   0x00000003   Data   RW         4633    .data               main.o
    0x20000027   COMPRESSED   0x00000001   PAD
    0x20000028   COMPRESSED   0x00000004   Data   RW         4809    .data               bsp_systick.o
    0x2000002c   COMPRESSED   0x00000008   Data   RW         4979    .data               usart1.o
    0x20000034   COMPRESSED   0x00000004   Data   RW         5063    .data               usart2.o
    0x20000038   COMPRESSED   0x00000001   Data   RW         5216    .data               usart6.o
    0x20000039   COMPRESSED   0x00000001   PAD
    0x2000003a   COMPRESSED   0x00000002   Data   RW         5378    .data               adc.o
    0x2000003c   COMPRESSED   0x00000012   Data   RW         5418    .data               data_type.o
    0x2000004e   COMPRESSED   0x00000002   Data   RW         5493    .data               relay.o
    0x20000050   COMPRESSED   0x00000200   Data   RW         5597    .data               crc.o
    0x20000250   COMPRESSED   0x00000057   Data   RW         5644    .data               lcfunc.o
    0x200002a7   COMPRESSED   0x00000002   Data   RW         5785    .data               manual.o
    0x200002a9   COMPRESSED   0x00000001   Data   RW         5874    .data               fullauto.o
    0x200002aa   COMPRESSED   0x00000003   Data   RW         5948    .data               halfauto.o
    0x200002ad   COMPRESSED   0x00000003   PAD
    0x200002b0        -       0x00000030   Zero   RW         4632    .bss                main.o
    0x200002e0        -       0x00000081   Zero   RW         4978    .bss                usart1.o
    0x20000361        -       0x000003fd   Zero   RW         5062    .bss                usart2.o
    0x2000075e        -       0x000000c8   Zero   RW         5143    .bss                usart3.o
    0x20000826   COMPRESSED   0x00000002   PAD
    0x20000828        -       0x0000008c   Zero   RW         5417    .bss                data_type.o
    0x200008b4        -       0x00000010   Zero   RW         5445    .bss                control.o
    0x200008c4   COMPRESSED   0x00000004   PAD
    0x200008c8        -       0x00000400   Zero   RW            1    STACK               startup_stm32f40xx.o


==============================================================================

Image component sizes


      Code (inc. data)   RO Data    RW Data    ZI Data      Debug   Object Name

       292         22          0          2          0       1615   adc.o
        52          4          0          0          0        570   alarm.o
       128         12          0          0          0       1282   bsp_basic_tim.o
        48          6          0          0          0        555   bsp_key.o
        52          6          0          0          0        559   bsp_led.o
       152         26          0          4          0      28605   bsp_systick.o
       324         54          0          0         16       2588   control.o
        56          8          0        512          0       1286   crc.o
         0          0          0         18        140       2281   data_type.o
       142          4          0          0          0       1209   exti.o
      1220        176          0          1          0       6483   fullauto.o
      1688        132          0          3          0       2393   halfauto.o
      5016        436          0         87          0      15422   lcfunc.o
       542         94          0          3         48       3270   main.o
      1680        308          0          2          0       7323   manual.o
       120         14          0          0          0       1204   misc.o
       332         40          0          2          0       2999   relay.o
       444         16          0          0          0       1443   rs485.o
        36          8        392          0       1024        988   startup_stm32f40xx.o
       392         24          0          0          0       6207   stm32f4xx_adc.o
       716         68          0          0          0       8474   stm32f4xx_dma.o
       184         16          0          0          0       2468   stm32f4xx_exti.o
       222          0          0          0          0       3335   stm32f4xx_gpio.o
        32          0          0          0          0       4450   stm32f4xx_it.o
       360         42          0         16          0       5832   stm32f4xx_rcc.o
        64          4          0          0          0        736   stm32f4xx_syscfg.o
       214         28          0          0          0       4210   stm32f4xx_tim.o
       496          8          0          0          0       7639   stm32f4xx_usart.o
       340         32          0         20          0     314129   system_stm32f4xx.o
       140         16          0          0          0       1111   uart4.o
      1114         98          0          8        129       9662   usart1.o
      1422        146          0          4       1021       9636   usart2.o
      1336        112          0          0        200       7992   usart3.o
       148         22          0          1          0       3457   usart6.o

    ----------------------------------------------------------------------
     19536       1982        424        688       2584     471413   Object Totals
         0          0         32          0          0          0   (incl. Generated)
        32          0          0          5          6          0   (incl. Padding)

    ----------------------------------------------------------------------

      Code (inc. data)   RO Data    RW Data    ZI Data      Debug   Library Member Name

        86          0          0          0          0          0   __dczerorl2.o
         0          0          0          0          0          0   entry.o
         0          0          0          0          0          0   entry10a.o
         0          0          0          0          0          0   entry11a.o
         8          4          0          0          0          0   entry2.o
         4          0          0          0          0          0   entry5.o
         0          0          0          0          0          0   entry7b.o
         0          0          0          0          0          0   entry8b.o
         8          4          0          0          0          0   entry9a.o
        30          0          0          0          0          0   handlers.o
        36          8          0          0          0         68   init.o
         0          0          0          0          0          0   iusefp.o
        30          0          0          0          0         68   llshl.o
        32          0          0          0          0         68   llushr.o
        36          0          0          0          0        108   memseta.o
        56          0          0          0          0         88   d2f.o
       222          0          0          0          0        100   ddiv.o
       186          0          0          0          0        176   depilogue.o
        34          0          0          0          0         76   dflti.o
       228          0          0          0          0         96   dmul.o
       110          0          0          0          0        168   fepilogue.o

    ----------------------------------------------------------------------
      1108         16          0          0          0       1016   Library Totals
         2          0          0          0          0          0   (incl. Padding)

    ----------------------------------------------------------------------

      Code (inc. data)   RO Data    RW Data    ZI Data      Debug   Library Name

       270         16          0          0          0        312   mc_w.l
       836          0          0          0          0        704   mf_w.l

    ----------------------------------------------------------------------
      1108         16          0          0          0       1016   Library Totals

    ----------------------------------------------------------------------

==============================================================================


      Code (inc. data)   RO Data    RW Data    ZI Data      Debug   

     20644       1998        424        688       2584     458097   Grand Totals
     20644       1998        424        328       2584     458097   ELF Image Totals (compressed)
     20644       1998        424        328          0          0   ROM Totals

==============================================================================

    Total RO  Size (Code + RO Data)                21068 (  20.57kB)
    Total RW  Size (RW Data + ZI Data)              3272 (   3.20kB)
    Total ROM Size (Code + RO Data + RW Data)      21396 (  20.89kB)

==============================================================================

