Component: ARM Compiler 5.06 update 6 (build 750) Tool: armlink [4d35ed]

==============================================================================

Section Cross References

    startup_stm32f40xx.o(RESET) refers to startup_stm32f40xx.o(STACK) for __initial_sp
    startup_stm32f40xx.o(RESET) refers to startup_stm32f40xx.o(.text) for Reset_Handler
    startup_stm32f40xx.o(RESET) refers to stm32f4xx_it.o(i.NMI_Handler) for NMI_Handler
    startup_stm32f40xx.o(RESET) refers to stm32f4xx_it.o(i.HardFault_Handler) for HardFault_Handler
    startup_stm32f40xx.o(RESET) refers to stm32f4xx_it.o(i.MemManage_Handler) for MemManage_Handler
    startup_stm32f40xx.o(RESET) refers to stm32f4xx_it.o(i.BusFault_Handler) for BusFault_Handler
    startup_stm32f40xx.o(RESET) refers to stm32f4xx_it.o(i.UsageFault_Handler) for UsageFault_Handler
    startup_stm32f40xx.o(RESET) refers to stm32f4xx_it.o(i.SVC_Handler) for SVC_Handler
    startup_stm32f40xx.o(RESET) refers to stm32f4xx_it.o(i.DebugMon_Handler) for DebugMon_Handler
    startup_stm32f40xx.o(RESET) refers to stm32f4xx_it.o(i.PendSV_Handler) for PendSV_Handler
    startup_stm32f40xx.o(RESET) refers to stm32f4xx_it.o(i.SysTick_Handler) for SysTick_Handler
    startup_stm32f40xx.o(RESET) refers to usart1.o(i.USART1_IRQHandler) for USART1_IRQHandler
    startup_stm32f40xx.o(RESET) refers to usart2.o(i.USART2_IRQHandler) for USART2_IRQHandler
    startup_stm32f40xx.o(RESET) refers to usart3.o(i.USART3_IRQHandler) for USART3_IRQHandler
    startup_stm32f40xx.o(RESET) refers to exti.o(i.EXTI15_10_IRQHandler) for EXTI15_10_IRQHandler
    startup_stm32f40xx.o(RESET) refers to uart4.o(i.UART4_IRQHandler) for UART4_IRQHandler
    startup_stm32f40xx.o(RESET) refers to bsp_basic_tim.o(i.TIM7_IRQHandler) for TIM7_IRQHandler
    startup_stm32f40xx.o(RESET) refers to usart6.o(i.USART6_IRQHandler) for USART6_IRQHandler
    startup_stm32f40xx.o(.text) refers to system_stm32f4xx.o(i.SystemInit) for SystemInit
    startup_stm32f40xx.o(.text) refers to entry.o(.ARM.Collect$$$$00000000) for __main
    system_stm32f4xx.o(i.SystemCoreClockUpdate) refers to system_stm32f4xx.o(.data) for SystemCoreClock
    system_stm32f4xx.o(i.SystemInit) refers to system_stm32f4xx.o(i.SetSysClock) for SetSysClock
    stm32f4xx_adc.o(i.ADC_DeInit) refers to stm32f4xx_rcc.o(i.RCC_APB2PeriphResetCmd) for RCC_APB2PeriphResetCmd
    stm32f4xx_can.o(i.CAN_DeInit) refers to stm32f4xx_rcc.o(i.RCC_APB1PeriphResetCmd) for RCC_APB1PeriphResetCmd
    stm32f4xx_can.o(i.CAN_GetITStatus) refers to stm32f4xx_can.o(i.CheckITStatus) for CheckITStatus
    stm32f4xx_cryp.o(i.CRYP_DeInit) refers to stm32f4xx_rcc.o(i.RCC_AHB2PeriphResetCmd) for RCC_AHB2PeriphResetCmd
    stm32f4xx_cryp_aes.o(i.CRYP_AES_CBC) refers to stm32f4xx_cryp.o(i.CRYP_KeyStructInit) for CRYP_KeyStructInit
    stm32f4xx_cryp_aes.o(i.CRYP_AES_CBC) refers to stm32f4xx_cryp.o(i.CRYP_FIFOFlush) for CRYP_FIFOFlush
    stm32f4xx_cryp_aes.o(i.CRYP_AES_CBC) refers to stm32f4xx_cryp.o(i.CRYP_Init) for CRYP_Init
    stm32f4xx_cryp_aes.o(i.CRYP_AES_CBC) refers to stm32f4xx_cryp.o(i.CRYP_KeyInit) for CRYP_KeyInit
    stm32f4xx_cryp_aes.o(i.CRYP_AES_CBC) refers to stm32f4xx_cryp.o(i.CRYP_Cmd) for CRYP_Cmd
    stm32f4xx_cryp_aes.o(i.CRYP_AES_CBC) refers to stm32f4xx_cryp.o(i.CRYP_GetFlagStatus) for CRYP_GetFlagStatus
    stm32f4xx_cryp_aes.o(i.CRYP_AES_CBC) refers to stm32f4xx_cryp.o(i.CRYP_IVInit) for CRYP_IVInit
    stm32f4xx_cryp_aes.o(i.CRYP_AES_CBC) refers to stm32f4xx_cryp.o(i.CRYP_GetCmdStatus) for CRYP_GetCmdStatus
    stm32f4xx_cryp_aes.o(i.CRYP_AES_CBC) refers to stm32f4xx_cryp.o(i.CRYP_DataIn) for CRYP_DataIn
    stm32f4xx_cryp_aes.o(i.CRYP_AES_CBC) refers to stm32f4xx_cryp.o(i.CRYP_DataOut) for CRYP_DataOut
    stm32f4xx_cryp_aes.o(i.CRYP_AES_CCM) refers to stm32f4xx_cryp.o(i.CRYP_KeyStructInit) for CRYP_KeyStructInit
    stm32f4xx_cryp_aes.o(i.CRYP_AES_CCM) refers to stm32f4xx_cryp.o(i.CRYP_FIFOFlush) for CRYP_FIFOFlush
    stm32f4xx_cryp_aes.o(i.CRYP_AES_CCM) refers to stm32f4xx_cryp.o(i.CRYP_KeyInit) for CRYP_KeyInit
    stm32f4xx_cryp_aes.o(i.CRYP_AES_CCM) refers to stm32f4xx_cryp.o(i.CRYP_IVInit) for CRYP_IVInit
    stm32f4xx_cryp_aes.o(i.CRYP_AES_CCM) refers to stm32f4xx_cryp.o(i.CRYP_Init) for CRYP_Init
    stm32f4xx_cryp_aes.o(i.CRYP_AES_CCM) refers to stm32f4xx_cryp.o(i.CRYP_PhaseConfig) for CRYP_PhaseConfig
    stm32f4xx_cryp_aes.o(i.CRYP_AES_CCM) refers to stm32f4xx_cryp.o(i.CRYP_DataIn) for CRYP_DataIn
    stm32f4xx_cryp_aes.o(i.CRYP_AES_CCM) refers to stm32f4xx_cryp.o(i.CRYP_Cmd) for CRYP_Cmd
    stm32f4xx_cryp_aes.o(i.CRYP_AES_CCM) refers to stm32f4xx_cryp.o(i.CRYP_GetCmdStatus) for CRYP_GetCmdStatus
    stm32f4xx_cryp_aes.o(i.CRYP_AES_CCM) refers to stm32f4xx_cryp.o(i.CRYP_GetFlagStatus) for CRYP_GetFlagStatus
    stm32f4xx_cryp_aes.o(i.CRYP_AES_CCM) refers to stm32f4xx_cryp.o(i.CRYP_DataOut) for CRYP_DataOut
    stm32f4xx_cryp_aes.o(i.CRYP_AES_CTR) refers to stm32f4xx_cryp.o(i.CRYP_KeyStructInit) for CRYP_KeyStructInit
[...]
    ..\..\Libraries\STM32F4xx_StdPeriph_Driver\src\stm32f4xx_usart.c 0x00000000   Number         0  stm32f4xx_usart.o ABSOLUTE
    ..\..\Libraries\STM32F4xx_StdPeriph_Driver\src\stm32f4xx_wwdg.c 0x00000000   Number         0  stm32f4xx_wwdg.o ABSOLUTE
    ..\..\User\ADC\ADC.c                     0x00000000   Number         0  adc.o ABSOLUTE
    ..\..\User\Beep\beep.c                   0x00000000   Number         0  beep.o ABSOLUTE
    ..\..\User\CRC\CRC.c                     0x00000000   Number         0  crc.o ABSOLUTE
    ..\..\User\Control\Control.c             0x00000000   Number         0  control.o ABSOLUTE
    ..\..\User\Data_type\Data_type.c         0x00000000   Number         0  data_type.o ABSOLUTE
    ..\..\User\FullAuto\FullAuto.c           0x00000000   Number         0  fullauto.o ABSOLUTE
    ..\..\User\HalfAuto\HalfAuto.c           0x00000000   Number         0  halfauto.o ABSOLUTE
    ..\..\User\LCFunc\LCFunc.c               0x00000000   Number         0  lcfunc.o ABSOLUTE
    ..\..\User\Manual\Manual.c               0x00000000   Number         0  manual.o ABSOLUTE
    ..\..\User\RS485\RS485.c                 0x00000000   Number         0  rs485.o ABSOLUTE
    ..\..\User\UART4\uart4.c                 0x00000000   Number         0  uart4.o ABSOLUTE
    ..\..\User\USART1\usart1.c               0x00000000   Number         0  usart1.o ABSOLUTE
    ..\..\User\USART2\usart2.c               0x00000000   Number         0  usart2.o ABSOLUTE
    ..\..\User\USART3\usart3.c               0x00000000   Number         0  usart3.o ABSOLUTE
    ..\..\User\USART6\usart6.c               0x00000000   Number         0  usart6.o ABSOLUTE
    ..\..\User\alarm\alarm.c                 0x00000000   Number         0  alarm.o ABSOLUTE
    ..\..\User\basic_tim\bsp_basic_tim.c     0x00000000   Number         0  bsp_basic_tim.o ABSOLUTE
    ..\..\User\exti\exti.c                   0x00000000   Number         0  exti.o ABSOLUTE
    ..\..\User\key\bsp_key.c                 0x00000000   Number         0  bsp_key.o ABSOLUTE
    ..\..\User\led\bsp_led.c                 0x00000000   Number         0  bsp_led.o ABSOLUTE
    ..\..\User\main.c                        0x00000000   Number         0  main.o ABSOLUTE
    ..\..\User\relay\relay.c                 0x00000000   Number         0  relay.o ABSOLUTE
    ..\..\User\stm32f4xx_it.c                0x00000000   Number         0  stm32f4xx_it.o ABSOLUTE
    ..\..\User\systick\bsp_SysTick.c         0x00000000   Number         0  bsp_systick.o ABSOLUTE
    ..\\..\\Libraries\\CMSIS\\Device\\ST\\STM32F4xx\\Source\\Templates\\system_stm32f4xx.c 0x00000000   Number         0  system_stm32f4xx.o ABSOLUTE
    ..\\..\\Libraries\\STM32F4xx_StdPeriph_Driver\\src\\misc.c 0x00000000   Number         0  misc.o ABSOLUTE
    ..\\..\\Libraries\\STM32F4xx_StdPeriph_Driver\\src\\stm32f4xx_adc.c 0x00000000   Number         0  stm32f4xx_adc.o ABSOLUTE
    ..\\..\\Libraries\\STM32F4xx_StdPeriph_Driver\\src\\stm32f4xx_can.c 0x00000000   Number         0  stm32f4xx_can.o ABSOLUTE
    ..\\..\\Libraries\\STM32F4xx_StdPeriph_Driver\\src\\stm32f4xx_cec.c 0x00000000   Number         0  stm32f4xx_cec.o ABSOLUTE
    ..\\..\\Libraries\\STM32F4xx_StdPeriph_Driver\\src\\stm32f4xx_crc.c 0x00000000   Number         0  stm32f4xx_crc.o ABSOLUTE
    ..\\..\\Libraries\\STM32F4xx_StdPeriph_Driver\\src\\stm32f4xx_cryp.c 0x00000000   Number         0  stm32f4xx_cryp.o ABSOLUTE
    ..\\..\\Libraries\\STM32F4xx_StdPeriph_Driver\\src\\stm32f4xx_cryp_aes.c 0x00000000   Number         0  stm32f4xx_cryp_aes.o ABSOLUTE
    ..\\..\\Libraries\\STM32F4xx_StdPeriph_Driver\\src\\stm32f4xx_cryp_des.c 0x00000000   Number         0  stm32f4xx_cryp_des.o ABSOLUTE
    ..\\..\\Libraries\\STM32F4xx_StdPeriph_Driver\\src\\stm32f4xx_cryp_tdes.c 0x00000000   Number         0  stm32f4xx_cryp_tdes.o ABSOLUTE
    ..\\..\\Libraries\\STM32F4xx_StdPeriph_Driver\\src\\stm32f4xx_dac.c 0x00000000   Number         0  stm32f4xx_dac.o ABSOLUTE
    ..\\..\\Libraries\\STM32F4xx_StdPeriph_Driver\\src\\stm32f4xx_dbgmcu.c 0x00000000   Number         0  stm32f4xx_dbgmcu.o ABSOLUTE
    ..\\..\\Libraries\\STM32F4xx_StdPeriph_Driver\\src\\stm32f4xx_dcmi.c 0x00000000   Number         0  stm32f4xx_dcmi.o ABSOLUTE
    ..\\..\\Libraries\\STM32F4xx_StdPeriph_Driver\\src\\stm32f4xx_dma.c 0x00000000   Number         0  stm32f4xx_dma.o ABSOLUTE
    ..\\..\\Libraries\\STM32F4xx_StdPeriph_Driver\\src\\stm32f4xx_exti.c 0x00000000   Number         0  stm32f4xx_exti.o ABSOLUTE
    ..\\..\\Libraries\\STM32F4xx_StdPeriph_Driver\\src\\stm32f4xx_flash.c 0x00000000   Number         0  stm32f4xx_flash.o ABSOLUTE
    ..\\..\\Libraries\\STM32F4xx_StdPeriph_Driver\\src\\stm32f4xx_flash_ramfunc.c 0x00000000   Number         0  stm32f4xx_flash_ramfunc.o ABSOLUTE
    ..\\..\\Libraries\\STM32F4xx_StdPeriph_Driver\\src\\stm32f4xx_fmpi2c.c 0x00000000   Number         0  stm32f4xx_fmpi2c.o ABSOLUTE
    ..\\..\\Libraries\\STM32F4xx_StdPeriph_Driver\\src\\stm32f4xx_gpio.c 0x00000000   Number         0  stm32f4xx_gpio.o ABSOLUTE
    ..\\..\\Libraries\\STM32F4xx_StdPeriph_Driver\\src\\stm32f4xx_hash.c 0x00000000   Number         0  stm32f4xx_hash.o ABSOLUTE
    ..\\..\\Libraries\\STM32F4xx_StdPeriph_Driver\\src\\stm32f4xx_hash_md5.c 0x00000000   Number         0  stm32f4xx_hash_md5.o ABSOLUTE
    ..\\..\\Libraries\\STM32F4xx_StdPeriph_Driver\\src\\stm32f4xx_hash_sha1.c 0x00000000   Number         0  stm32f4xx_hash_sha1.o ABSOLUTE
    ..\\..\\Libraries\\STM32F4xx_StdPeriph_Driver\\src\\stm32f4xx_i2c.c 0x00000000   Number         0  stm32f4xx_i2c.o ABSOLUTE
    ..\\..\\Libraries\\STM32F4xx_StdPeriph_Driver\\src\\stm32f4xx_iwdg.c 0x00000000   Number         0  stm32f4xx_iwdg.o ABSOLUTE
    ..\\..\\Libraries\\STM32F4xx_StdPeriph_Driver\\src\\stm32f4xx_pwr.c 0x00000000   Number         0  stm32f4xx_pwr.o ABSOLUTE
    ..\\..\\Libraries\\STM32F4xx_StdPeriph_Driver\\src\\stm32f4xx_qspi.c 0x00000000   Number         0  stm32f4xx_qspi.o ABSOLUTE
    ..\\..\\Libraries\\STM32F4xx_StdPeriph_Driver\\src\\stm32f4xx_rcc.c 0x00000000   Number         0  stm32f4xx_rcc.o ABSOLUTE
    ..\\..\\Libraries\\STM32F4xx_StdPeriph_Driver\\src\\stm32f4xx_rng.c 0x00000000   Number         0  stm32f4xx_rng.o ABSOLUTE
    ..\\..\\Libraries\\STM32F4xx_StdPeriph_Driver\\src\\stm32f4xx_rtc.c 0x00000000   Number         0  stm32f4xx_rtc.o ABSOLUTE
    ..\\..\\Libraries\\STM32F4xx_StdPeriph_Driver\\src\\stm32f4xx_sai.c 0x00000000   Number         0  stm32f4xx_sai.o ABSOLUTE
    ..\\..\\Libraries\\STM32F4xx_StdPeriph_Driver\\src\\stm32f4xx_sdio.c 0x00000000   Number         0  stm32f4xx_sdio.o ABSOLUTE
    ..\\..\\Libraries\\STM32F4xx_StdPeriph_Driver\\src\\stm32f4xx_spdifrx.c 0x00000000   Number         0  stm32f4xx_spdifrx.o ABSOLUTE
    ..\\..\\Libraries\\STM32F4xx_StdPeriph_Driver\\src\\stm32f4xx_spi.c 0x00000000   Number         0  stm32f4xx_spi.o ABSOLUTE
    ..\\..\\Libraries\\STM32F4xx_StdPeriph_Driver\\src\\stm32f4xx_syscfg.c 0x00000000   Number         0  stm32f4xx_syscfg.o ABSOLUTE
    ..\\..\\Libraries\\STM32F4xx_StdPeriph_Driver\\src\\stm32f4xx_tim.c 0x00000000   Number         0  stm32f4xx_tim.o ABSOLUTE
    ..\\..\\Libraries\\STM32F4xx_StdPeriph_Driver\\src\\stm32f4xx_usart.c 0x00000000   Number         0  stm32f4xx_usart.o ABSOLUTE
    ..\\..\\Libraries\\STM32F4xx_StdPeriph_Driver\\src\\stm32f4xx_wwdg.c 0x00000000   Number         0  stm32f4xx_wwdg.o ABSOLUTE
    ..\\..\\User\\ADC\\ADC.c                 0x00000000   Number         0  adc.o ABSOLUTE
    ..\\..\\User\\Beep\\beep.c               0x00000000   Number         0  beep.o ABSOLUTE
    ..\\..\\User\\CRC\\CRC.c                 0x00000000   Number         0  crc.o ABSOLUTE
    ..\\..\\User\\Control\\Control.c         0x00000000   Number         0  control.o ABSOLUTE
    ..\\..\\User\\Data_type\\Data_type.c     0x00000000   Number         0  data_type.o ABSOLUTE
    ..\\..\\User\\FullAuto\\FullAuto.c       0x00000000   Number         0  fullauto.o ABSOLUTE
    ..\\..\\User\\HalfAuto\\HalfAuto.c       0x00000000   Number         0  halfauto.o ABSOLUTE
    ..\\..\\User\\LCFunc\\LCFunc.c           0x00000000   Number         0  lcfunc.o ABSOLUTE
    ..\\..\\User\\Manual\\Manual.c           0x00000000   Number         0  manual.o ABSOLUTE
    ..\\..\\User\\RS485\\RS485.c             0x00000000   Number         0  rs485.o ABSOLUTE
    ..\\..\\User\\UART4\\uart4.c             0x00000000   Number         0  uart4.o ABSOLUTE
    ..\\..\\User\\USART1\\usart1.c           0x00000000   Number         0  usart1.o ABSOLUTE
    ..\\..\\User\\USART2\\usart2.c           0x00000000   Number         0  usart2.o ABSOLUTE
    ..\\..\\User\\USART3\\usart3.c           0x00000000   Number         0  usart3.o ABSOLUTE
    ..\\..\\User\\USART6\\usart6.c           0x00000000   Number         0  usart6.o ABSOLUTE
    ..\\..\\User\\alarm\\alarm.c             0x00000000   Number         0  alarm.o ABSOLUTE
    ..\\..\\User\\basic_tim\\bsp_basic_tim.c 0x00000000   Number         0  bsp_basic_tim.o ABSOLUTE
    ..\\..\\User\\exti\\exti.c               0x00000000   Number         0  exti.o ABSOLUTE
    ..\\..\\User\\key\\bsp_key.c             0x00000000   Number         0  bsp_key.o ABSOLUTE
    ..\\..\\User\\led\\bsp_led.c             0x00000000   Number         0  bsp_led.o ABSOLUTE
    ..\\..\\User\\main.c                     0x00000000   Number         0  main.o ABSOLUTE
    ..\\..\\User\\relay\\relay.c             0x00000000   Number         0  relay.o ABSOLUTE
    ..\\..\\User\\stm32f4xx_it.c             0x00000000   Number         0  stm32f4xx_it.o ABSOLUTE
    ..\\..\\User\\systick\\bsp_SysTick.c     0x00000000   Number         0  bsp_systick.o ABSOLUTE
    dc.s                                     0x00000000   Number         0  dc.o ABSOLUTE
    handlers.s                               0x00000000   Number         0  handlers.o ABSOLUTE
    init.s                                   0x00000000   Number         0  init.o ABSOLUTE
    RESET                                    0x08000000   Section      392  startup_stm32f40xx.o(RESET)
    .ARM.Collect$$$$00000000                 0x08000188   Section        0  entry.o(.ARM.Collect$$$$00000000)
    .ARM.Collect$$$$00000001                 0x08000188   Section        4  entry2.o(.ARM.Collect$$$$00000001)
    .ARM.Collect$$$$00000004                 0x0800018c   Section        4  entry5.o(.ARM.Collect$$$$00000004)
    .ARM.Collect$$$$00000008                 0x08000190   Section        0  entry7b.o(.ARM.Collect$$$$00000008)
    .ARM.Collect$$$$0000000A                 0x08000190   Section        0  entry8b.o(.ARM.Collect$$$$0000000A)
    .ARM.Collect$$$$0000000B                 0x08000190   Section        8  entry9a.o(.ARM.Collect$$$$0000000B)
    .ARM.Collect$$$$0000000D                 0x08000198   Section        0  entry10a.o(.ARM.Collect$$$$0000000D)
    .ARM.Collect$$$$0000000F                 0x08000198   Section        0  entry11a.o(.ARM.Collect$$$$0000000F)
    .ARM.Collect$$$$00002712                 0x08000198   Section        4  entry2.o(.ARM.Collect$$$$00002712)
    __lit__00000000                          0x08000198   Data           4  entry2.o(.ARM.Collect$$$$00002712)
    .text                                    0x0800019c   Section       36  startup_stm32f40xx.o(.text)
    $v0                                      0x0800019c   Number         0  startup_stm32f40xx.o(.text)
    .text                                    0x080001c0   Section        0  memseta.o(.text)
    .text                                    0x080001e4   Section        0  dmul.o(.text)
    .text                                    0x080002c8   Section        0  ddiv.o(.text)
    .text                                    0x080003a6   Section        0  dflti.o(.text)
    .text                                    0x080003c8   Section        0  f2d.o(.text)
    .text                                    0x080003ee   Section        0  d2f.o(.text)
    .text                                    0x08000426   Section        0  iusefp.o(.text)
    .text                                    0x08000426   Section        0  fepilogue.o(.text)
    .text                                    0x08000494   Section        0  depilogue.o(.text)
    .text                                    0x08000550   Section       36  init.o(.text)
    .text                                    0x08000574   Section        0  llshl.o(.text)
    .text                                    0x08000592   Section        0  llushr.o(.text)
    .text                                    0x080005b2   Section        0  __dczerorl2.o(.text)
    i.ADC_Cmd                                0x08000608   Section        0  stm32f4xx_adc.o(i.ADC_Cmd)
    i.ADC_CommonInit                         0x08000620   Section        0  stm32f4xx_adc.o(i.ADC_CommonInit)
    i.ADC_DMACmd                             0x08000650   Section        0  stm32f4xx_adc.o(i.ADC_DMACmd)
    i.ADC_DMARequestAfterLastTransferCmd     0x08000666   Section        0  stm32f4xx_adc.o(i.ADC_DMARequestAfterLastTransferCmd)
    i.ADC_DMA_Init                           0x0800067c   Section        0  adc.o(i.ADC_DMA_Init)
    i.ADC_Init                               0x08000760   Section        0  stm32f4xx_adc.o(i.ADC_Init)
    i.ADC_RegularChannelConfig               0x080007b4   Section        0  stm32f4xx_adc.o(i.ADC_RegularChannelConfig)
    i.ADC_SoftwareStartConv                  0x0800086c   Section        0  stm32f4xx_adc.o(i.ADC_SoftwareStartConv)
    i.Alarm_GPIO_Init                        0x08000878   Section        0  alarm.o(i.Alarm_GPIO_Init)
    i.BSP_Init                               0x080008ac   Section        0  main.o(i.BSP_Init)
    i.BigCarFullAutoMode                     0x080008f4   Section        0  fullauto.o(i.BigCarFullAutoMode)
    i.BigCarHalfAutoMode                     0x08000c48   Section        0  halfauto.o(i.BigCarHalfAutoMode)
    i.BusFault_Handler                       0x0800133c   Section        0  stm32f4xx_it.o(i.BusFault_Handler)
    i.CRC16                                  0x08001340   Section        0  crc.o(i.CRC16)
    i.Close                                  0x08001378   Section        0  lcfunc.o(i.Close)
    Close                                    0x08001379   Thumb Code    84  lcfunc.o(i.Close)
    i.ClosePaw                               0x080013d8   Section        0  lcfunc.o(i.ClosePaw)
    i.ConfirmNextStep                        0x080013fc   Section        0  halfauto.o(i.ConfirmNextStep)
    ConfirmNextStep                          0x080013fd   Thumb Code     6  halfauto.o(i.ConfirmNextStep)
    i.DMA_ADC_Init                           0x08001408   Section        0  adc.o(i.DMA_ADC_Init)
    i.DMA_Cmd                                0x08001480   Section        0  stm32f4xx_dma.o(i.DMA_Cmd)
    i.DMA_DeInit                             0x08001498   Section        0  stm32f4xx_dma.o(i.DMA_DeInit)
    i.DMA_GetCmdStatus                       0x080015f0   Section        0  stm32f4xx_dma.o(i.DMA_GetCmdStatus)
    i.DMA_GetCurrDataCounter                 0x08001604   Section        0  stm32f4xx_dma.o(i.DMA_GetCurrDataCounter)
    i.DMA_ITConfig                           0x0800160c   Section        0  stm32f4xx_dma.o(i.DMA_ITConfig)
    i.DMA_Init                               0x08001648   Section        0  stm32f4xx_dma.o(i.DMA_Init)
    i.DMA_SetCurrDataCounter                 0x080016a0   Section        0  stm32f4xx_dma.o(i.DMA_SetCurrDataCounter)
    i.DebugMon_Handler                       0x080016a4   Section        0  stm32f4xx_it.o(i.DebugMon_Handler)
    i.DeclineBigPawtoBurnPool                0x080016a8   Section        0  lcfunc.o(i.DeclineBigPawtoBurnPool)
    i.DeclineBigPawtoLitterPool              0x08001734   Section        0  lcfunc.o(i.DeclineBigPawtoLitterPool)
    i.DeclineBigPawtoPlatForm                0x08001a2c   Section        0  lcfunc.o(i.DeclineBigPawtoPlatForm)
    i.DownClawtoBurnPool                     0x08001cbc   Section        0  fullauto.o(i.DownClawtoBurnPool)
    i.DownToOrigin                           0x08001ce8   Section        0  fullauto.o(i.DownToOrigin)
    i.DowntoLitterPool                       0x08001d1c   Section        0  fullauto.o(i.DowntoLitterPool)
    i.EXTI15_10_IRQHandler                   0x08001d50   Section        0  exti.o(i.EXTI15_10_IRQHandler)
    i.EXTIX_Init                             0x08001d78   Section        0  exti.o(i.EXTIX_Init)
    i.EXTI_ClearITPendingBit                 0x08001df8   Section        0  stm32f4xx_exti.o(i.EXTI_ClearITPendingBit)
    i.EXTI_GetITStatus                       0x08001e04   Section        0  stm32f4xx_exti.o(i.EXTI_GetITStatus)
    i.EXTI_Init                              0x08001e1c   Section        0  stm32f4xx_exti.o(i.EXTI_Init)
    i.GPIO_Init                              0x08001eb0   Section        0  stm32f4xx_gpio.o(i.GPIO_Init)
    i.GPIO_PinAFConfig                       0x08001f40   Section        0  stm32f4xx_gpio.o(i.GPIO_PinAFConfig)
    i.GPIO_ResetBits                         0x08001f86   Section        0  stm32f4xx_gpio.o(i.GPIO_ResetBits)
    i.GPIO_SetBits                           0x08001f8a   Section        0  stm32f4xx_gpio.o(i.GPIO_SetBits)
    i.HFClosePaw                             0x08001f8e   Section        0  fullauto.o(i.HFClosePaw)
    i.HFOpenPaw                              0x08001f96   Section        0  fullauto.o(i.HFOpenPaw)
    i.HardFault_Handler                      0x08001f9e   Section        0  stm32f4xx_it.o(i.HardFault_Handler)
    i.HorizontalDotMove                      0x08001fa4   Section        0  lcfunc.o(i.HorizontalDotMove)
    i.HorizontalMoving                       0x080020d8   Section        0  fullauto.o(i.HorizontalMoving)
    i.Key_Init                               0x08002120   Section        0  bsp_key.o(i.Key_Init)
    i.LED_Init                               0x08002150   Section        0  bsp_led.o(i.LED_Init)
    i.ManualClose                            0x08002184   Section        0  manual.o(i.ManualClose)
    i.ManualDownClawtoBurnPool               0x080021d0   Section        0  manual.o(i.ManualDownClawtoBurnPool)
    i.ManualDownToOrigin                     0x08002298   Section        0  manual.o(i.ManualDownToOrigin)
    i.ManualDowntoLitterPool                 0x08002360   Section        0  manual.o(i.ManualDowntoLitterPool)
    i.ManualOpen                             0x08002418   Section        0  manual.o(i.ManualOpen)
    i.ManualPowerOff                         0x08002464   Section        0  manual.o(i.ManualPowerOff)
    i.ManualPowerOn                          0x080024b0   Section        0  manual.o(i.ManualPowerOn)
    i.ManualRaiseBigPaw                      0x080024fc   Section        0  manual.o(i.ManualRaiseBigPaw)
    i.ManualXMoving                          0x080025c4   Section        0  manual.o(i.ManualXMoving)
    i.ManualYMoving                          0x0800269c   Section        0  manual.o(i.ManualYMoving)
    i.MemManage_Handler                      0x08002768   Section        0  stm32f4xx_it.o(i.MemManage_Handler)
    i.NMI_Handler                            0x0800276c   Section        0  stm32f4xx_it.o(i.NMI_Handler)
    i.NVIC_Init                              0x08002770   Section        0  misc.o(i.NVIC_Init)
    i.Open                                   0x080027e8   Section        0  lcfunc.o(i.Open)
    Open                                     0x080027e9   Thumb Code    84  lcfunc.o(i.Open)
    i.PendSV_Handler                         0x08002848   Section        0  stm32f4xx_it.o(i.PendSV_Handler)
    i.PowerOff                               0x0800284c   Section        0  relay.o(i.PowerOff)
    i.PowerOn                                0x08002870   Section        0  relay.o(i.PowerOn)
    i.RCC_AHB1PeriphClockCmd                 0x08002894   Section        0  stm32f4xx_rcc.o(i.RCC_AHB1PeriphClockCmd)
    i.RCC_APB1PeriphClockCmd                 0x080028b4   Section        0  stm32f4xx_rcc.o(i.RCC_APB1PeriphClockCmd)
    i.RCC_APB2PeriphClockCmd                 0x080028d4   Section        0  stm32f4xx_rcc.o(i.RCC_APB2PeriphClockCmd)
    i.RCC_APB2PeriphResetCmd                 0x080028f4   Section        0  stm32f4xx_rcc.o(i.RCC_APB2PeriphResetCmd)
    i.RCC_GetClocksFreq                      0x08002914   Section        0  stm32f4xx_rcc.o(i.RCC_GetClocksFreq)
    i.RS485_Init                             0x080029fc   Section        0  rs485.o(i.RS485_Init)
    i.RS485_Send_Data                        0x08002a4c   Section        0  rs485.o(i.RS485_Send_Data)
    i.RaiseBigPaw                            0x08002bb8   Section        0  lcfunc.o(i.RaiseBigPaw)
    i.RelayOff                               0x08002c44   Section        0  relay.o(i.RelayOff)
    i.RelayOn                                0x08002c90   Section        0  relay.o(i.RelayOn)
    i.Relay_GPIO_Init                        0x08002cdc   Section        0  relay.o(i.Relay_GPIO_Init)
    i.ReleasePaw                             0x08002dd4   Section        0  lcfunc.o(i.ReleasePaw)
    i.RevStop                                0x08002df8   Section        0  lcfunc.o(i.RevStop)
    i.RisePawFromBurnPool                    0x08002f1c   Section        0  fullauto.o(i.RisePawFromBurnPool)
    i.RisePawFromLitterPool                  0x08002f48   Section        0  fullauto.o(i.RisePawFromLitterPool)
    i.RisePawFromPlatform                    0x08002f74   Section        0  fullauto.o(i.RisePawFromPlatform)
    i.SVC_Handler                            0x08002fa0   Section        0  stm32f4xx_it.o(i.SVC_Handler)
    i.SYSCFG_EXTILineConfig                  0x08002fa4   Section        0  stm32f4xx_syscfg.o(i.SYSCFG_EXTILineConfig)
    i.SetSysClock                            0x08002fe4   Section        0  system_stm32f4xx.o(i.SetSysClock)
    SetSysClock                              0x08002fe5   Thumb Code   220  system_stm32f4xx.o(i.SetSysClock)
    i.SysTick_Handler                        0x080030d0   Section        0  stm32f4xx_it.o(i.SysTick_Handler)
    i.SysTick_Init                           0x080030d8   Section        0  bsp_systick.o(i.SysTick_Init)
    i.SystemInit                             0x08003140   Section        0  system_stm32f4xx.o(i.SystemInit)
    i.TIM7_IRQHandler                        0x080031a8   Section        0  bsp_basic_tim.o(i.TIM7_IRQHandler)
    i.TIM7_Init                              0x080031c8   Section        0  bsp_basic_tim.o(i.TIM7_Init)
    i.TIM_ClearITPendingBit                  0x08003228   Section        0  stm32f4xx_tim.o(i.TIM_ClearITPendingBit)
    i.TIM_Cmd                                0x0800322e   Section        0  stm32f4xx_tim.o(i.TIM_Cmd)
    i.TIM_GetITStatus                        0x08003246   Section        0  stm32f4xx_tim.o(i.TIM_GetITStatus)
    i.TIM_ITConfig                           0x08003268   Section        0  stm32f4xx_tim.o(i.TIM_ITConfig)
    i.TIM_TimeBaseInit                       0x0800327c   Section        0  stm32f4xx_tim.o(i.TIM_TimeBaseInit)
    i.TimingDelay_Decrement                  0x08003300   Section        0  bsp_systick.o(i.TimingDelay_Decrement)
    i.UART4_DMA_RxConfig                     0x08003318   Section        0  uart4.o(i.UART4_DMA_RxConfig)
    UART4_DMA_RxConfig                       0x08003319   Thumb Code   108  uart4.o(i.UART4_DMA_RxConfig)
    i.UART4_DMA_Tx_init                      0x08003390   Section        0  uart4.o(i.UART4_DMA_Tx_init)
    UART4_DMA_Tx_init                        0x08003391   Thumb Code    92  uart4.o(i.UART4_DMA_Tx_init)
    i.UART4_IRQHandler                       0x080033f4   Section        0  uart4.o(i.UART4_IRQHandler)
    i.UART4_Init                             0x08003454   Section        0  uart4.o(i.UART4_Init)
    i.UART4_RX_DMAReset                      0x08003460   Section        0  uart4.o(i.UART4_RX_DMAReset)
    UART4_RX_DMAReset                        0x08003461   Thumb Code    40  uart4.o(i.UART4_RX_DMAReset)
    i.USART1_DMA_RxConfig                    0x0800348c   Section        0  usart1.o(i.USART1_DMA_RxConfig)
    USART1_DMA_RxConfig                      0x0800348d   Thumb Code   108  usart1.o(i.USART1_DMA_RxConfig)
    i.USART1_DMA_Tx_init                     0x08003504   Section        0  usart1.o(i.USART1_DMA_Tx_init)
    USART1_DMA_Tx_init                       0x08003505   Thumb Code    92  usart1.o(i.USART1_DMA_Tx_init)
    i.USART1_IRQHandler                      0x08003568   Section        0  usart1.o(i.USART1_IRQHandler)
    i.USART1_Init                            0x08003778   Section        0  usart1.o(i.USART1_Init)
    i.USART2_IRQHandler                      0x08003784   Section        0  usart2.o(i.USART2_IRQHandler)
    i.USART2_Init                            0x080039d4   Section        0  usart2.o(i.USART2_Init)
    i.USART3_DMA_RxConfig                    0x080039e0   Section        0  usart3.o(i.USART3_DMA_RxConfig)
    USART3_DMA_RxConfig                      0x080039e1   Thumb Code   108  usart3.o(i.USART3_DMA_RxConfig)
    i.USART3_DMA_TxConfig                    0x08003a58   Section        0  usart3.o(i.USART3_DMA_TxConfig)
    i.USART3_DMA_Tx_init                     0x08003a88   Section        0  usart3.o(i.USART3_DMA_Tx_init)
    USART3_DMA_Tx_init                       0x08003a89   Thumb Code    92  usart3.o(i.USART3_DMA_Tx_init)
    i.USART3_IRQHandler                      0x08003aec   Section        0  usart3.o(i.USART3_IRQHandler)
    i.USART3_Init                            0x08003e4c   Section        0  usart3.o(i.USART3_Init)
    i.USART3_RX_DMAReset                     0x08003e58   Section        0  usart3.o(i.USART3_RX_DMAReset)
    USART3_RX_DMAReset                       0x08003e59   Thumb Code    40  usart3.o(i.USART3_RX_DMAReset)
    i.USART6_IRQHandler                      0x08003e84   Section        0  usart6.o(i.USART6_IRQHandler)
    i.USART_ClearFlag                        0x08003eec   Section        0  stm32f4xx_usart.o(i.USART_ClearFlag)
    i.USART_ClearITPendingBit                0x08003efe   Section        0  stm32f4xx_usart.o(i.USART_ClearITPendingBit)
    i.USART_Cmd                              0x08003f1c   Section        0  stm32f4xx_usart.o(i.USART_Cmd)
    i.USART_DMACmd                           0x08003f34   Section        0  stm32f4xx_usart.o(i.USART_DMACmd)
    i.USART_DMA_RxConfig                     0x08003f48   Section        0  usart2.o(i.USART_DMA_RxConfig)
    USART_DMA_RxConfig                       0x08003f49   Thumb Code   110  usart2.o(i.USART_DMA_RxConfig)
    i.USART_DMA_Tx_init                      0x08003fc4   Section        0  usart2.o(i.USART_DMA_Tx_init)
    USART_DMA_Tx_init                        0x08003fc5   Thumb Code    92  usart2.o(i.USART_DMA_Tx_init)
    i.USART_GetITStatus                      0x08004028   Section        0  stm32f4xx_usart.o(i.USART_GetITStatus)
    i.USART_ITConfig                         0x0800407c   Section        0  stm32f4xx_usart.o(i.USART_ITConfig)
    i.USART_Init                             0x080040c8   Section        0  stm32f4xx_usart.o(i.USART_Init)
    i.USART_RX_DMAReset                      0x0800419c   Section        0  usart1.o(i.USART_RX_DMAReset)
    USART_RX_DMAReset                        0x0800419d   Thumb Code    40  usart1.o(i.USART_RX_DMAReset)
    i.USART_RX_DMAReset                      0x080041c8   Section        0  usart2.o(i.USART_RX_DMAReset)
    USART_RX_DMAReset                        0x080041c9   Thumb Code    42  usart2.o(i.USART_RX_DMAReset)
    i.USART_RX_DMAReset                      0x080041f8   Section        0  usart6.o(i.USART_RX_DMAReset)
    USART_RX_DMAReset                        0x080041f9   Thumb Code    40  usart6.o(i.USART_RX_DMAReset)
    i.USART_ReceiveData                      0x08004224   Section        0  stm32f4xx_usart.o(i.USART_ReceiveData)
    i.UsageFault_Handler                     0x0800422e   Section        0  stm32f4xx_it.o(i.UsageFault_Handler)
    i.VerticalDotMove                        0x08004234   Section        0  lcfunc.o(i.VerticalDotMove)
    i.XMoving                                0x080042cc   Section        0  lcfunc.o(i.XMoving)
    i.YMoving                                0x08004518   Section        0  lcfunc.o(i.YMoving)
    i.__scatterload_copy                     0x080046fc   Section       14  handlers.o(i.__scatterload_copy)
    i.__scatterload_null                     0x0800470a   Section        2  handlers.o(i.__scatterload_null)
    i.__scatterload_zeroinit                 0x0800470c   Section       14  handlers.o(i.__scatterload_zeroinit)
    i.bsp_initUSART                          0x0800471c   Section        0  usart1.o(i.bsp_initUSART)
    bsp_initUSART                            0x0800471d   Thumb Code   246  usart1.o(i.bsp_initUSART)
    i.bsp_initUSART                          0x08004820   Section        0  usart2.o(i.bsp_initUSART)
    bsp_initUSART                            0x08004821   Thumb Code   248  usart2.o(i.bsp_initUSART)
    i.bsp_initUSART                          0x08004924   Section        0  usart3.o(i.bsp_initUSART)
    bsp_initUSART                            0x08004925   Thumb Code   252  usart3.o(i.bsp_initUSART)
    i.bsp_initUSART                          0x08004a2c   Section        0  uart4.o(i.bsp_initUSART)
    bsp_initUSART                            0x08004a2d   Thumb Code   252  uart4.o(i.bsp_initUSART)
    i.control_task                           0x08004b34   Section        0  control.o(i.control_task)
    i.main                                   0x08004c68   Section        0  main.o(i.main)
    .data                                    0x20000000   Section       20  system_stm32f4xx.o(.data)
    .data                                    0x20000014   Section       16  stm32f4xx_rcc.o(.data)
    APBAHBPrescTable                         0x20000014   Data          16  stm32f4xx_rcc.o(.data)
    .data                                    0x20000024   Section       20  main.o(.data)
    .data                                    0x20000038   Section        4  bsp_systick.o(.data)
    TimingDelay                              0x20000038   Data           4  bsp_systick.o(.data)
    .data                                    0x2000003c   Section       12  usart1.o(.data)
    .data                                    0x20000048   Section        1  usart2.o(.data)
    .data                                    0x20000049   Section        1  usart6.o(.data)
    .data                                    0x2000004a   Section        4  adc.o(.data)
    .data                                    0x20000050   Section        8  relay.o(.data)
    .data                                    0x20000058   Section      512  crc.o(.data)
    .data                                    0x20000258   Section      221  lcfunc.o(.data)
    dis6_error_count                         0x200002ac   Data           1  lcfunc.o(.data)
    dis7_error_count                         0x200002ad   Data           1  lcfunc.o(.data)
    paw_err_last                             0x200002b0   Data           4  lcfunc.o(.data)
    same_dis_count                           0x200002b4   Data           1  lcfunc.o(.data)
    dis8_error_count                         0x200002b5   Data           1  lcfunc.o(.data)
    paw_err_last                             0x200002b8   Data           4  lcfunc.o(.data)
    same_dis_count                           0x200002bc   Data           1  lcfunc.o(.data)
    dis1_error_count                         0x200002bd   Data           1  lcfunc.o(.data)
    paw_err_last                             0x200002c0   Data           4  lcfunc.o(.data)
    same_dis_count                           0x200002c4   Data           1  lcfunc.o(.data)
    dis1_error_count                         0x200002c5   Data           1  lcfunc.o(.data)
    dis8_error_count                         0x200002c6   Data           1  lcfunc.o(.data)
    paw_err_last                             0x200002c8   Data           4  lcfunc.o(.data)
    same_dis_count                           0x200002cc   Data           1  lcfunc.o(.data)
    dis8_error_count                         0x200002cd   Data           1  lcfunc.o(.data)
    paw_err_last                             0x200002d0   Data           4  lcfunc.o(.data)
    same_dis_count                           0x200002d4   Data           1  lcfunc.o(.data)
    dis1_error_count                         0x200002d5   Data           1  lcfunc.o(.data)
    paw_err_last                             0x200002d8   Data           4  lcfunc.o(.data)
    same_dis_count                           0x200002dc   Data           1  lcfunc.o(.data)
    dis1_error_count                         0x200002dd   Data           1  lcfunc.o(.data)
    paw_err_last                             0x200002e0   Data           4  lcfunc.o(.data)
    last_dis                                 0x200002e4   Data           4  lcfunc.o(.data)
    same_dis_count                           0x200002e8   Data           1  lcfunc.o(.data)
    uwbErrLast                               0x200002ec   Data           4  lcfunc.o(.data)
    uwbLastDis                               0x200002f0   Data           4  lcfunc.o(.data)
    uwbSameDisCount                          0x200002f4   Data           1  lcfunc.o(.data)
    laserErrLast                             0x200002f8   Data           4  lcfunc.o(.data)
    laserLastDis                             0x200002fc   Data           4  lcfunc.o(.data)
    laserSameDisCount                        0x20000300   Data           1  lcfunc.o(.data)
    Dis1ErrCount                             0x20000301   Data           1  lcfunc.o(.data)
    laserTarget                              0x20000304   Data           4  lcfunc.o(.data)
    uwbOrlaser                               0x20000308   Data           1  lcfunc.o(.data)
    uwbErrLast                               0x2000030c   Data           4  lcfunc.o(.data)
    uwbLastDis                               0x20000310   Data           4  lcfunc.o(.data)
    uwbSameDisCount                          0x20000314   Data           1  lcfunc.o(.data)
    laserErrLast                             0x20000318   Data           4  lcfunc.o(.data)
    laserLastDis                             0x2000031c   Data           4  lcfunc.o(.data)
    laserSameDisCount                        0x20000320   Data           1  lcfunc.o(.data)
    Dis1ErrCount                             0x20000321   Data           1  lcfunc.o(.data)
    laserTarget                              0x20000324   Data           4  lcfunc.o(.data)
    uwbOrlaser                               0x20000328   Data           1  lcfunc.o(.data)
    paw_err_last                             0x2000032c   Data           4  lcfunc.o(.data)
    last_dis                                 0x20000330   Data           4  lcfunc.o(.data)
    same_dis_count                           0x20000334   Data           1  lcfunc.o(.data)
    .data                                    0x20000335   Section        3  manual.o(.data)
    .data                                    0x20000338   Section        1  fullauto.o(.data)
    .data                                    0x20000339   Section        3  halfauto.o(.data)
    .bss                                     0x2000033c   Section       64  main.o(.bss)
    .bss                                     0x2000037c   Section      129  usart1.o(.bss)
    Send_DATA                                0x200003e0   Data          29  usart1.o(.bss)
    .bss                                     0x200003fd   Section     1021  usart2.o(.bss)
    Send_DATA                                0x200007e5   Data          21  usart2.o(.bss)
    .bss                                     0x200007fa   Section      200  usart3.o(.bss)
    .bss                                     0x200008c2   Section      221  uart4.o(.bss)
    .bss                                     0x2000099f   Section      100  rs485.o(.bss)
    send_data                                0x2000099f   Data         100  rs485.o(.bss)
    .bss                                     0x20000a04   Section      144  data_type.o(.bss)
    .bss                                     0x20000a94   Section       16  control.o(.bss)
    STACK                                    0x20000aa8   Section     1024  startup_stm32f40xx.o(STACK)

    Global Symbols

    Symbol Name                              Value     Ov Type        Size  Object(Section)

    BuildAttributes$$THM_ISAv4$E$P$D$K$B$S$7EM$VFPi3$EXTD16$VFPS$VFMA$PE$A:L22UL41UL21$X:L11$S22US41US21$IEEE1$IW$USESV6$~STKCKD$USESV7$~SHL$OTIME$ROPI$EBA8$MICROLIB$REQ8$PRES8$EABIv2 0x00000000   Number         0  anon$$obj.o ABSOLUTE
    __ARM_use_no_argv                        0x00000000   Number         0  main.o ABSOLUTE
    __cpp_initialize__aeabi_                  - Undefined Weak Reference
    __cxa_finalize                            - Undefined Weak Reference
    _clock_init                               - Undefined Weak Reference
    _microlib_exit                            - Undefined Weak Reference
    __Vectors_Size                           0x00000188   Number         0  startup_stm32f40xx.o ABSOLUTE
    __Vectors                                0x08000000   Data           4  startup_stm32f40xx.o(RESET)
    __Vectors_End                            0x08000188   Data           0  startup_stm32f40xx.o(RESET)
    __main                                   0x08000189   Thumb Code     0  entry.o(.ARM.Collect$$$$00000000)
    _main_stk                                0x08000189   Thumb Code     0  entry2.o(.ARM.Collect$$$$00000001)
    _main_scatterload                        0x0800018d   Thumb Code     0  entry5.o(.ARM.Collect$$$$00000004)
    __main_after_scatterload                 0x08000191   Thumb Code     0  entry5.o(.ARM.Collect$$$$00000004)
    _main_clock                              0x08000191   Thumb Code     0  entry7b.o(.ARM.Collect$$$$00000008)
    _main_cpp_init                           0x08000191   Thumb Code     0  entry8b.o(.ARM.Collect$$$$0000000A)
    _main_init                               0x08000191   Thumb Code     0  entry9a.o(.ARM.Collect$$$$0000000B)
    __rt_final_cpp                           0x08000199   Thumb Code     0  entry10a.o(.ARM.Collect$$$$0000000D)
    __rt_final_exit                          0x08000199   Thumb Code     0  entry11a.o(.ARM.Collect$$$$0000000F)
    Reset_Handler                            0x0800019d   Thumb Code     8  startup_stm32f40xx.o(.text)
    ADC_IRQHandler                           0x080001b7   Thumb Code     0  startup_stm32f40xx.o(.text)
    CAN1_RX0_IRQHandler                      0x080001b7   Thumb Code     0  startup_stm32f40xx.o(.text)
    CAN1_RX1_IRQHandler                      0x080001b7   Thumb Code     0  startup_stm32f40xx.o(.text)
    CAN1_SCE_IRQHandler                      0x080001b7   Thumb Code     0  startup_stm32f40xx.o(.text)
    CAN1_TX_IRQHandler                       0x080001b7   Thumb Code     0  startup_stm32f40xx.o(.text)
    CAN2_RX0_IRQHandler                      0x080001b7   Thumb Code     0  startup_stm32f40xx.o(.text)
    CAN2_RX1_IRQHandler                      0x080001b7   Thumb Code     0  startup_stm32f40xx.o(.text)
    CAN2_SCE_IRQHandler                      0x080001b7   Thumb Code     0  startup_stm32f40xx.o(.text)
    CAN2_TX_IRQHandler                       0x080001b7   Thumb Code     0  startup_stm32f40xx.o(.text)
    CRYP_IRQHandler                          0x080001b7   Thumb Code     0  startup_stm32f40xx.o(.text)
    DCMI_IRQHandler                          0x080001b7   Thumb Code     0  startup_stm32f40xx.o(.text)
    DMA1_Stream0_IRQHandler                  0x080001b7   Thumb Code     0  startup_stm32f40xx.o(.text)
    DMA1_Stream1_IRQHandler                  0x080001b7   Thumb Code     0  startup_stm32f40xx.o(.text)
    DMA1_Stream2_IRQHandler                  0x080001b7   Thumb Code     0  startup_stm32f40xx.o(.text)
    DMA1_Stream3_IRQHandler                  0x080001b7   Thumb Code     0  startup_stm32f40xx.o(.text)
    DMA1_Stream4_IRQHandler                  0x080001b7   Thumb Code     0  startup_stm32f40xx.o(.text)
    DMA1_Stream5_IRQHandler                  0x080001b7   Thumb Code     0  startup_stm32f40xx.o(.text)
    DMA1_Stream6_IRQHandler                  0x080001b7   Thumb Code     0  startup_stm32f40xx.o(.text)
    DMA1_Stream7_IRQHandler                  0x080001b7   Thumb Code     0  startup_stm32f40xx.o(.text)
    DMA2_Stream0_IRQHandler                  0x080001b7   Thumb Code     0  startup_stm32f40xx.o(.text)
    DMA2_Stream1_IRQHandler                  0x080001b7   Thumb Code     0  startup_stm32f40xx.o(.text)
    DMA2_Stream2_IRQHandler                  0x080001b7   Thumb Code     0  startup_stm32f40xx.o(.text)
    DMA2_Stream3_IRQHandler                  0x080001b7   Thumb Code     0  startup_stm32f40xx.o(.text)
    DMA2_Stream4_IRQHandler                  0x080001b7   Thumb Code     0  startup_stm32f40xx.o(.text)
    DMA2_Stream5_IRQHandler                  0x080001b7   Thumb Code     0  startup_stm32f40xx.o(.text)
    DMA2_Stream6_IRQHandler                  0x080001b7   Thumb Code     0  startup_stm32f40xx.o(.text)
    DMA2_Stream7_IRQHandler                  0x080001b7   Thumb Code     0  startup_stm32f40xx.o(.text)
    ETH_IRQHandler                           0x080001b7   Thumb Code     0  startup_stm32f40xx.o(.text)
    ETH_WKUP_IRQHandler                      0x080001b7   Thumb Code     0  startup_stm32f40xx.o(.text)
    EXTI0_IRQHandler                         0x080001b7   Thumb Code     0  startup_stm32f40xx.o(.text)
    EXTI1_IRQHandler                         0x080001b7   Thumb Code     0  startup_stm32f40xx.o(.text)
    EXTI2_IRQHandler                         0x080001b7   Thumb Code     0  startup_stm32f40xx.o(.text)
    EXTI3_IRQHandler                         0x080001b7   Thumb Code     0  startup_stm32f40xx.o(.text)
    EXTI4_IRQHandler                         0x080001b7   Thumb Code     0  startup_stm32f40xx.o(.text)
    EXTI9_5_IRQHandler                       0x080001b7   Thumb Code     0  startup_stm32f40xx.o(.text)
    FLASH_IRQHandler                         0x080001b7   Thumb Code     0  startup_stm32f40xx.o(.text)
    FPU_IRQHandler                           0x080001b7   Thumb Code     0  startup_stm32f40xx.o(.text)
    FSMC_IRQHandler                          0x080001b7   Thumb Code     0  startup_stm32f40xx.o(.text)
    HASH_RNG_IRQHandler                      0x080001b7   Thumb Code     0  startup_stm32f40xx.o(.text)
    I2C1_ER_IRQHandler                       0x080001b7   Thumb Code     0  startup_stm32f40xx.o(.text)
    I2C1_EV_IRQHandler                       0x080001b7   Thumb Code     0  startup_stm32f40xx.o(.text)
    I2C2_ER_IRQHandler                       0x080001b7   Thumb Code     0  startup_stm32f40xx.o(.text)
    I2C2_EV_IRQHandler                       0x080001b7   Thumb Code     0  startup_stm32f40xx.o(.text)
    I2C3_ER_IRQHandler                       0x080001b7   Thumb Code     0  startup_stm32f40xx.o(.text)
    I2C3_EV_IRQHandler                       0x080001b7   Thumb Code     0  startup_stm32f40xx.o(.text)
    OTG_FS_IRQHandler                        0x080001b7   Thumb Code     0  startup_stm32f40xx.o(.text)
    OTG_FS_WKUP_IRQHandler                   0x080001b7   Thumb Code     0  startup_stm32f40xx.o(.text)
    OTG_HS_EP1_IN_IRQHandler                 0x080001b7   Thumb Code     0  startup_stm32f40xx.o(.text)
    OTG_HS_EP1_OUT_IRQHandler                0x080001b7   Thumb Code     0  startup_stm32f40xx.o(.text)
    OTG_HS_IRQHandler                        0x080001b7   Thumb Code     0  startup_stm32f40xx.o(.text)
    OTG_HS_WKUP_IRQHandler                   0x080001b7   Thumb Code     0  startup_stm32f40xx.o(.text)
    PVD_IRQHandler                           0x080001b7   Thumb Code     0  startup_stm32f40xx.o(.text)
    RCC_IRQHandler                           0x080001b7   Thumb Code     0  startup_stm32f40xx.o(.text)
    RTC_Alarm_IRQHandler                     0x080001b7   Thumb Code     0  startup_stm32f40xx.o(.text)
    RTC_WKUP_IRQHandler                      0x080001b7   Thumb Code     0  startup_stm32f40xx.o(.text)
    SDIO_IRQHandler                          0x080001b7   Thumb Code     0  startup_stm32f40xx.o(.text)
    SPI1_IRQHandler                          0x080001b7   Thumb Code     0  startup_stm32f40xx.o(.text)
    SPI2_IRQHandler                          0x080001b7   Thumb Code     0  startup_stm32f40xx.o(.text)
    SPI3_IRQHandler                          0x080001b7   Thumb Code     0  startup_stm32f40xx.o(.text)
    TAMP_STAMP_IRQHandler                    0x080001b7   Thumb Code     0  startup_stm32f40xx.o(.text)
    TIM1_BRK_TIM9_IRQHandler                 0x080001b7   Thumb Code     0  startup_stm32f40xx.o(.text)
    TIM1_CC_IRQHandler                       0x080001b7   Thumb Code     0  startup_stm32f40xx.o(.text)
    TIM1_TRG_COM_TIM11_IRQHandler            0x080001b7   Thumb Code     0  startup_stm32f40xx.o(.text)
    TIM1_UP_TIM10_IRQHandler                 0x080001b7   Thumb Code     0  startup_stm32f40xx.o(.text)
    TIM2_IRQHandler                          0x080001b7   Thumb Code     0  startup_stm32f40xx.o(.text)
    TIM3_IRQHandler                          0x080001b7   Thumb Code     0  startup_stm32f40xx.o(.text)
    TIM4_IRQHandler                          0x080001b7   Thumb Code     0  startup_stm32f40xx.o(.text)
    TIM5_IRQHandler                          0x080001b7   Thumb Code     0  startup_stm32f40xx.o(.text)
    TIM6_DAC_IRQHandler                      0x080001b7   Thumb Code     0  startup_stm32f40xx.o(.text)
    TIM8_BRK_TIM12_IRQHandler                0x080001b7   Thumb Code     0  startup_stm32f40xx.o(.text)
    TIM8_CC_IRQHandler                       0x080001b7   Thumb Code     0  startup_stm32f40xx.o(.text)
    TIM8_TRG_COM_TIM14_IRQHandler            0x080001b7   Thumb Code     0  startup_stm32f40xx.o(.text)
    TIM8_UP_TIM13_IRQHandler                 0x080001b7   Thumb Code     0  startup_stm32f40xx.o(.text)
    UART5_IRQHandler                         0x080001b7   Thumb Code     0  startup_stm32f40xx.o(.text)
    WWDG_IRQHandler                          0x080001b7   Thumb Code     0  startup_stm32f40xx.o(.text)
    __aeabi_memset                           0x080001c1   Thumb Code    14  memseta.o(.text)
    __aeabi_memset4                          0x080001c1   Thumb Code     0  memseta.o(.text)
    __aeabi_memset8                          0x080001c1   Thumb Code     0  memseta.o(.text)
    __aeabi_memclr                           0x080001cf   Thumb Code     4  memseta.o(.text)
    __aeabi_memclr4                          0x080001cf   Thumb Code     0  memseta.o(.text)
    __aeabi_memclr8                          0x080001cf   Thumb Code     0  memseta.o(.text)
    _memset$wrapper                          0x080001d3   Thumb Code    18  memseta.o(.text)
    __aeabi_dmul                             0x080001e5   Thumb Code   228  dmul.o(.text)
    __aeabi_ddiv                             0x080002c9   Thumb Code   222  ddiv.o(.text)
    __aeabi_i2d                              0x080003a7   Thumb Code    34  dflti.o(.text)
    __aeabi_f2d                              0x080003c9   Thumb Code    38  f2d.o(.text)
    __aeabi_d2f                              0x080003ef   Thumb Code    56  d2f.o(.text)
    __I$use$fp                               0x08000427   Thumb Code     0  iusefp.o(.text)
    _float_round                             0x08000427   Thumb Code    18  fepilogue.o(.text)
    _float_epilogue                          0x08000439   Thumb Code    92  fepilogue.o(.text)
    _double_round                            0x08000495   Thumb Code    30  depilogue.o(.text)
    _double_epilogue                         0x080004b3   Thumb Code   156  depilogue.o(.text)
    __scatterload                            0x08000551   Thumb Code    28  init.o(.text)
    __scatterload_rt2                        0x08000551   Thumb Code     0  init.o(.text)
    __aeabi_llsl                             0x08000575   Thumb Code    30  llshl.o(.text)
    _ll_shift_l                              0x08000575   Thumb Code     0  llshl.o(.text)
    __aeabi_llsr                             0x08000593   Thumb Code    32  llushr.o(.text)
    _ll_ushift_r                             0x08000593   Thumb Code     0  llushr.o(.text)
    __decompress                             0x080005b3   Thumb Code     0  __dczerorl2.o(.text)
    __decompress1                            0x080005b3   Thumb Code    86  __dczerorl2.o(.text)
    ADC_Cmd                                  0x08000609   Thumb Code    22  stm32f4xx_adc.o(i.ADC_Cmd)
    ADC_CommonInit                           0x08000621   Thumb Code    34  stm32f4xx_adc.o(i.ADC_CommonInit)
    ADC_DMACmd                               0x08000651   Thumb Code    22  stm32f4xx_adc.o(i.ADC_DMACmd)
    ADC_DMARequestAfterLastTransferCmd       0x08000667   Thumb Code    22  stm32f4xx_adc.o(i.ADC_DMARequestAfterLastTransferCmd)
    ADC_DMA_Init                             0x0800067d   Thumb Code   216  adc.o(i.ADC_DMA_Init)
    ADC_Init                                 0x08000761   Thumb Code    74  stm32f4xx_adc.o(i.ADC_Init)
    ADC_RegularChannelConfig                 0x080007b5   Thumb Code   184  stm32f4xx_adc.o(i.ADC_RegularChannelConfig)
    ADC_SoftwareStartConv                    0x0800086d   Thumb Code    10  stm32f4xx_adc.o(i.ADC_SoftwareStartConv)
    Alarm_GPIO_Init                          0x08000879   Thumb Code    48  alarm.o(i.Alarm_GPIO_Init)
    BSP_Init                                 0x080008ad   Thumb Code    70  main.o(i.BSP_Init)
    BigCarFullAutoMode                       0x080008f5   Thumb Code   766  fullauto.o(i.BigCarFullAutoMode)
    BigCarHalfAutoMode                       0x08000c49   Thumb Code  1710  halfauto.o(i.BigCarHalfAutoMode)
    BusFault_Handler                         0x0800133d   Thumb Code     4  stm32f4xx_it.o(i.BusFault_Handler)
    CRC16                                    0x08001341   Thumb Code    48  crc.o(i.CRC16)
    ClosePaw                                 0x080013d9   Thumb Code    30  lcfunc.o(i.ClosePaw)
    DMA_ADC_Init                             0x08001409   Thumb Code   106  adc.o(i.DMA_ADC_Init)
    DMA_Cmd                                  0x08001481   Thumb Code    22  stm32f4xx_dma.o(i.DMA_Cmd)
    DMA_DeInit                               0x08001499   Thumb Code   324  stm32f4xx_dma.o(i.DMA_DeInit)
    DMA_GetCmdStatus                         0x080015f1   Thumb Code    20  stm32f4xx_dma.o(i.DMA_GetCmdStatus)
    DMA_GetCurrDataCounter                   0x08001605   Thumb Code     8  stm32f4xx_dma.o(i.DMA_GetCurrDataCounter)
    DMA_ITConfig                             0x0800160d   Thumb Code    58  stm32f4xx_dma.o(i.DMA_ITConfig)
    DMA_Init                                 0x08001649   Thumb Code    82  stm32f4xx_dma.o(i.DMA_Init)
    DMA_SetCurrDataCounter                   0x080016a1   Thumb Code     4  stm32f4xx_dma.o(i.DMA_SetCurrDataCounter)
    DebugMon_Handler                         0x080016a5   Thumb Code     2  stm32f4xx_it.o(i.DebugMon_Handler)
    DeclineBigPawtoBurnPool                  0x080016a9   Thumb Code   118  lcfunc.o(i.DeclineBigPawtoBurnPool)
    DeclineBigPawtoLitterPool                0x08001735   Thumb Code   702  lcfunc.o(i.DeclineBigPawtoLitterPool)
    DeclineBigPawtoPlatForm                  0x08001a2d   Thumb Code   604  lcfunc.o(i.DeclineBigPawtoPlatForm)
    DownClawtoBurnPool                       0x08001cbd   Thumb Code    30  fullauto.o(i.DownClawtoBurnPool)
    DownToOrigin                             0x08001ce9   Thumb Code    42  fullauto.o(i.DownToOrigin)
    DowntoLitterPool                         0x08001d1d   Thumb Code    42  fullauto.o(i.DowntoLitterPool)
    EXTI15_10_IRQHandler                     0x08001d51   Thumb Code    40  exti.o(i.EXTI15_10_IRQHandler)
    EXTIX_Init                               0x08001d79   Thumb Code   124  exti.o(i.EXTIX_Init)
    EXTI_ClearITPendingBit                   0x08001df9   Thumb Code     6  stm32f4xx_exti.o(i.EXTI_ClearITPendingBit)
    EXTI_GetITStatus                         0x08001e05   Thumb Code    20  stm32f4xx_exti.o(i.EXTI_GetITStatus)
    EXTI_Init                                0x08001e1d   Thumb Code   142  stm32f4xx_exti.o(i.EXTI_Init)
    GPIO_Init                                0x08001eb1   Thumb Code   144  stm32f4xx_gpio.o(i.GPIO_Init)
    GPIO_PinAFConfig                         0x08001f41   Thumb Code    70  stm32f4xx_gpio.o(i.GPIO_PinAFConfig)
    GPIO_ResetBits                           0x08001f87   Thumb Code     4  stm32f4xx_gpio.o(i.GPIO_ResetBits)
    GPIO_SetBits                             0x08001f8b   Thumb Code     4  stm32f4xx_gpio.o(i.GPIO_SetBits)
    HFClosePaw                               0x08001f8f   Thumb Code     8  fullauto.o(i.HFClosePaw)
    HFOpenPaw                                0x08001f97   Thumb Code     8  fullauto.o(i.HFOpenPaw)
    HardFault_Handler                        0x08001f9f   Thumb Code     4  stm32f4xx_it.o(i.HardFault_Handler)
    HorizontalDotMove                        0x08001fa5   Thumb Code   286  lcfunc.o(i.HorizontalDotMove)
    HorizontalMoving                         0x080020d9   Thumb Code    58  fullauto.o(i.HorizontalMoving)
    Key_Init                                 0x08002121   Thumb Code    42  bsp_key.o(i.Key_Init)
    LED_Init                                 0x08002151   Thumb Code    46  bsp_led.o(i.LED_Init)
    ManualClose                              0x08002185   Thumb Code    52  manual.o(i.ManualClose)
    ManualDownClawtoBurnPool                 0x080021d1   Thumb Code   162  manual.o(i.ManualDownClawtoBurnPool)
    ManualDownToOrigin                       0x08002299   Thumb Code   162  manual.o(i.ManualDownToOrigin)
    ManualDowntoLitterPool                   0x08002361   Thumb Code   146  manual.o(i.ManualDowntoLitterPool)
    ManualOpen                               0x08002419   Thumb Code    52  manual.o(i.ManualOpen)
    ManualPowerOff                           0x08002465   Thumb Code    52  manual.o(i.ManualPowerOff)
    ManualPowerOn                            0x080024b1   Thumb Code    52  manual.o(i.ManualPowerOn)
    ManualRaiseBigPaw                        0x080024fd   Thumb Code   162  manual.o(i.ManualRaiseBigPaw)
    ManualXMoving                            0x080025c5   Thumb Code   170  manual.o(i.ManualXMoving)
    ManualYMoving                            0x0800269d   Thumb Code   166  manual.o(i.ManualYMoving)
    MemManage_Handler                        0x08002769   Thumb Code     4  stm32f4xx_it.o(i.MemManage_Handler)
    NMI_Handler                              0x0800276d   Thumb Code     2  stm32f4xx_it.o(i.NMI_Handler)
    NVIC_Init                                0x08002771   Thumb Code   106  misc.o(i.NVIC_Init)
    PendSV_Handler                           0x08002849   Thumb Code     2  stm32f4xx_it.o(i.PendSV_Handler)
    PowerOff                                 0x0800284d   Thumb Code    30  relay.o(i.PowerOff)
    PowerOn                                  0x08002871   Thumb Code    30  relay.o(i.PowerOn)
    RCC_AHB1PeriphClockCmd                   0x08002895   Thumb Code    26  stm32f4xx_rcc.o(i.RCC_AHB1PeriphClockCmd)
    RCC_APB1PeriphClockCmd                   0x080028b5   Thumb Code    26  stm32f4xx_rcc.o(i.RCC_APB1PeriphClockCmd)
    RCC_APB2PeriphClockCmd                   0x080028d5   Thumb Code    26  stm32f4xx_rcc.o(i.RCC_APB2PeriphClockCmd)
    RCC_APB2PeriphResetCmd                   0x080028f5   Thumb Code    26  stm32f4xx_rcc.o(i.RCC_APB2PeriphResetCmd)
    RCC_GetClocksFreq                        0x08002915   Thumb Code   214  stm32f4xx_rcc.o(i.RCC_GetClocksFreq)
    RS485_Init                               0x080029fd   Thumb Code    68  rs485.o(i.RS485_Init)
    RS485_Send_Data                          0x08002a4d   Thumb Code   346  rs485.o(i.RS485_Send_Data)
    RaiseBigPaw                              0x08002bb9   Thumb Code   118  lcfunc.o(i.RaiseBigPaw)
    RelayOff                                 0x08002c45   Thumb Code    68  relay.o(i.RelayOff)
    RelayOn                                  0x08002c91   Thumb Code    68  relay.o(i.RelayOn)
    Relay_GPIO_Init                          0x08002cdd   Thumb Code   236  relay.o(i.Relay_GPIO_Init)
    ReleasePaw                               0x08002dd5   Thumb Code    30  lcfunc.o(i.ReleasePaw)
    RevStop                                  0x08002df9   Thumb Code   276  lcfunc.o(i.RevStop)
    RisePawFromBurnPool                      0x08002f1d   Thumb Code    30  fullauto.o(i.RisePawFromBurnPool)
    RisePawFromLitterPool                    0x08002f49   Thumb Code    30  fullauto.o(i.RisePawFromLitterPool)
    RisePawFromPlatform                      0x08002f75   Thumb Code    30  fullauto.o(i.RisePawFromPlatform)
    SVC_Handler                              0x08002fa1   Thumb Code     2  stm32f4xx_it.o(i.SVC_Handler)
    SYSCFG_EXTILineConfig                    0x08002fa5   Thumb Code    60  stm32f4xx_syscfg.o(i.SYSCFG_EXTILineConfig)
    SysTick_Handler                          0x080030d1   Thumb Code     8  stm32f4xx_it.o(i.SysTick_Handler)
    SysTick_Init                             0x080030d9   Thumb Code    88  bsp_systick.o(i.SysTick_Init)
    SystemInit                               0x08003141   Thumb Code    88  system_stm32f4xx.o(i.SystemInit)
    TIM7_IRQHandler                          0x080031a9   Thumb Code    26  bsp_basic_tim.o(i.TIM7_IRQHandler)
    TIM7_Init                                0x080031c9   Thumb Code    90  bsp_basic_tim.o(i.TIM7_Init)
    TIM_ClearITPendingBit                    0x08003229   Thumb Code     6  stm32f4xx_tim.o(i.TIM_ClearITPendingBit)
    TIM_Cmd                                  0x0800322f   Thumb Code    24  stm32f4xx_tim.o(i.TIM_Cmd)
    TIM_GetITStatus                          0x08003247   Thumb Code    34  stm32f4xx_tim.o(i.TIM_GetITStatus)
    TIM_ITConfig                             0x08003269   Thumb Code    18  stm32f4xx_tim.o(i.TIM_ITConfig)
    TIM_TimeBaseInit                         0x0800327d   Thumb Code   104  stm32f4xx_tim.o(i.TIM_TimeBaseInit)
    TimingDelay_Decrement                    0x08003301   Thumb Code    18  bsp_systick.o(i.TimingDelay_Decrement)
    UART4_IRQHandler                         0x080033f5   Thumb Code    84  uart4.o(i.UART4_IRQHandler)
    UART4_Init                               0x08003455   Thumb Code    12  uart4.o(i.UART4_Init)
    USART1_IRQHandler                        0x08003569   Thumb Code   464  usart1.o(i.USART1_IRQHandler)
    USART1_Init                              0x08003779   Thumb Code    12  usart1.o(i.USART1_Init)
    USART2_IRQHandler                        0x08003785   Thumb Code   536  usart2.o(i.USART2_IRQHandler)
    USART2_Init                              0x080039d5   Thumb Code    12  usart2.o(i.USART2_Init)
    USART3_DMA_TxConfig                      0x08003a59   Thumb Code    44  usart3.o(i.USART3_DMA_TxConfig)
    USART3_IRQHandler                        0x08003aed   Thumb Code   812  usart3.o(i.USART3_IRQHandler)
    USART3_Init                              0x08003e4d   Thumb Code    12  usart3.o(i.USART3_Init)
    USART6_IRQHandler                        0x08003e85   Thumb Code    86  usart6.o(i.USART6_IRQHandler)
    USART_ClearFlag                          0x08003eed   Thumb Code    18  stm32f4xx_usart.o(i.USART_ClearFlag)
    USART_ClearITPendingBit                  0x08003eff   Thumb Code    30  stm32f4xx_usart.o(i.USART_ClearITPendingBit)
    USART_Cmd                                0x08003f1d   Thumb Code    24  stm32f4xx_usart.o(i.USART_Cmd)
    USART_DMACmd                             0x08003f35   Thumb Code    18  stm32f4xx_usart.o(i.USART_DMACmd)
    USART_GetITStatus                        0x08004029   Thumb Code    84  stm32f4xx_usart.o(i.USART_GetITStatus)
    USART_ITConfig                           0x0800407d   Thumb Code    74  stm32f4xx_usart.o(i.USART_ITConfig)
    USART_Init                               0x080040c9   Thumb Code   204  stm32f4xx_usart.o(i.USART_Init)
    USART_ReceiveData                        0x08004225   Thumb Code    10  stm32f4xx_usart.o(i.USART_ReceiveData)
    UsageFault_Handler                       0x0800422f   Thumb Code     4  stm32f4xx_it.o(i.UsageFault_Handler)
    VerticalDotMove                          0x08004235   Thumb Code   140  lcfunc.o(i.VerticalDotMove)
    XMoving                                  0x080042cd   Thumb Code   538  lcfunc.o(i.XMoving)
    YMoving                                  0x08004519   Thumb Code   438  lcfunc.o(i.YMoving)
    __scatterload_copy                       0x080046fd   Thumb Code    14  handlers.o(i.__scatterload_copy)
    __scatterload_null                       0x0800470b   Thumb Code     2  handlers.o(i.__scatterload_null)
    __scatterload_zeroinit                   0x0800470d   Thumb Code    14  handlers.o(i.__scatterload_zeroinit)
    control_task                             0x08004b35   Thumb Code   262  control.o(i.control_task)
    main                                     0x08004c69   Thumb Code   442  main.o(i.main)
    Region$$Table$$Base                      0x08004e58   Number         0  anon$$obj.o(Region$$Table)
    Region$$Table$$Limit                     0x08004e78   Number         0  anon$$obj.o(Region$$Table)
    SystemCoreClock                          0x20000000   Data           4  system_stm32f4xx.o(.data)
    AHBPrescTable                            0x20000004   Data          16  system_stm32f4xx.o(.data)
    WaitFlag                                 0x20000024   Data           1  main.o(.data)
    Run_Mode                                 0x20000025   Data           1  main.o(.data)
    Up_Data_Flag                             0x20000026   Data           1  main.o(.data)
    pin1State                                0x20000027   Data           1  main.o(.data)
    pin2State                                0x20000028   Data           1  main.o(.data)
    a                                        0x20000029   Data           6  main.o(.data)
    adc1                                     0x20000030   Data           4  main.o(.data)
    adc2                                     0x20000034   Data           4  main.o(.data)
    uart_cmd                                 0x2000003c   Data           1  usart1.o(.data)
    sum                                      0x2000003d   Data           1  usart1.o(.data)
    len1                                     0x20000040   Data           4  usart1.o(.data)
    len2                                     0x20000044   Data           4  usart1.o(.data)
    sum1                                     0x20000048   Data           1  usart2.o(.data)
    Usart6_Rec_Len                           0x20000049   Data           1  usart6.o(.data)
    ADC_Converted_Buff                       0x2000004a   Data           4  adc.o(.data)
    RelayOnflag                              0x20000050   Data           4  relay.o(.data)
    RelayOffflag                             0x20000054   Data           4  relay.o(.data)
    CRCTABH                                  0x20000058   Data         256  crc.o(.data)
    CRCTABL                                  0x20000158   Data         256  crc.o(.data)
    X_MOVE_BIT                               0x20000258   Data           1  lcfunc.o(.data)
    Y_MOVE_BIT                               0x20000259   Data           1  lcfunc.o(.data)
    DOWN_BIT                                 0x2000025a   Data           1  lcfunc.o(.data)
    UP_BIT                                   0x2000025b   Data           1  lcfunc.o(.data)
    BigCarDataCorrect                        0x2000025c   Data           1  lcfunc.o(.data)
    BigClawDataCorrect                       0x2000025d   Data           1  lcfunc.o(.data)
    ReverseStop                              0x2000025e   Data           1  lcfunc.o(.data)
    ReverseTime                              0x20000260   Data           4  lcfunc.o(.data)
    ReverseCount                             0x20000264   Data           1  lcfunc.o(.data)
    PointMove                                0x20000265   Data           1  lcfunc.o(.data)
    PointMoveTime                            0x20000268   Data           4  lcfunc.o(.data)
    UpOrDown                                 0x2000026c   Data           1  lcfunc.o(.data)
    CloseFlag                                0x20000270   Data           4  lcfunc.o(.data)
    CloseDelay                               0x20000274   Data           4  lcfunc.o(.data)
    OpenFlag                                 0x20000278   Data           4  lcfunc.o(.data)
    OpenDelay                                0x2000027c   Data           4  lcfunc.o(.data)
    ErrorBigCar                              0x20000280   Data           1  lcfunc.o(.data)
    Big_Claw_Up_Delay                        0x20000288   Data           8  lcfunc.o(.data)
    Big_Claw_Up_Delay_Flag                   0x20000290   Data           1  lcfunc.o(.data)
    Big_Claw_Up_Delay_Pool                   0x20000298   Data           8  lcfunc.o(.data)
    Big_Claw_Up_Delay_Pool_Flag              0x200002a0   Data           1  lcfunc.o(.data)
    CommunicatDelay                          0x200002a1   Data           1  lcfunc.o(.data)
    BCVar                                    0x200002a2   Data           6  lcfunc.o(.data)
    aaerr                                    0x200002a8   Data           4  lcfunc.o(.data)
    HTaskModeFlag                            0x20000335   Data           1  manual.o(.data)
    ManualError                              0x20000336   Data           1  manual.o(.data)
    ManualPower                              0x20000337   Data           1  manual.o(.data)
    FullAutoStep                             0x20000338   Data           1  fullauto.o(.data)
    HalfAutoStep                             0x20000339   Data           1  halfauto.o(.data)
    SingleStepOver                           0x2000033a   Data           1  halfauto.o(.data)
    IsExecute                                0x2000033b   Data           1  halfauto.o(.data)
    origin                                   0x2000033c   Data          32  main.o(.bss)
    target                                   0x2000035c   Data          32  main.o(.bss)
    u1_receive_buff                          0x2000037c   Data         100  usart1.o(.bss)
    u2_receive_buff                          0x200003fd   Data        1000  usart2.o(.bss)
    u3_receive_buff                          0x200007fa   Data         100  usart3.o(.bss)
    u3_send_buff                             0x2000085e   Data         100  usart3.o(.bss)
    u4_receive_buff                          0x200008c2   Data         100  uart4.o(.bss)
    u4_send_buff                             0x20000926   Data         100  uart4.o(.bss)
    Send_DATA                                0x2000098a   Data          21  uart4.o(.bss)
    laser                                    0x20000a04   Data          96  data_type.o(.bss)
    mpu                                      0x20000a64   Data          24  data_type.o(.bss)
    Up_Data                                  0x20000a7c   Data          24  data_type.o(.bss)
    task_tim                                 0x20000a94   Data          16  control.o(.bss)
    __initial_sp                             0x20000ea8   Data           0  startup_stm32f40xx.o(STACK)



==============================================================================

Memory Map of the image

  Image Entry point : 0x08000189

  Load Region LR_IROM1 (Base: 0x08000000, Size: 0x000051b4, Max: 0x00080000, ABSOLUTE, COMPRESSED[0x00004fc8])

    Execution Region ER_IROM1 (Exec base: 0x08000000, Load base: 0x08000000, Size: 0x00004e78, Max: 0x00080000, ABSOLUTE)

    Exec Addr    Load Addr    Size         Type   Attr      Idx    E Section Name        Object

    0x08000000   0x08000000   0x00000188   Data   RO            3    RESET               startup_stm32f40xx.o
    0x08000188   0x08000188   0x00000000   Code   RO         6020  * .ARM.Collect$$$$00000000  mc_w.l(entry.o)
    0x08000188   0x08000188   0x00000004   Code   RO         6035    .ARM.Collect$$$$00000001  mc_w.l(entry2.o)
    0x0800018c   0x0800018c   0x00000004   Code   RO         6038    .ARM.Collect$$$$00000004  mc_w.l(entry5.o)
    0x08000190   0x08000190   0x00000000   Code   RO         6040    .ARM.Collect$$$$00000008  mc_w.l(entry7b.o)
    0x08000190   0x08000190   0x00000000   Code   RO         6042    .ARM.Collect$$$$0000000A  mc_w.l(entry8b.o)
    0x08000190   0x08000190   0x00000008   Code   RO         6043    .ARM.Collect$$$$0000000B  mc_w.l(entry9a.o)
    0x08000198   0x08000198   0x00000000   Code   RO         6045    .ARM.Collect$$$$0000000D  mc_w.l(entry10a.o)
    0x08000198   0x08000198   0x00000000   Code   RO         6047    .ARM.Collect$$$$0000000F  mc_w.l(entry11a.o)
    0x08000198   0x08000198   0x00000004   Code   RO         6036    .ARM.Collect$$$$00002712  mc_w.l(entry2.o)
    0x0800019c   0x0800019c   0x00000024   Code   RO            4    .text               startup_stm32f40xx.o
    0x080001c0   0x080001c0   0x00000024   Code   RO         6023    .text               mc_w.l(memseta.o)
    0x080001e4   0x080001e4   0x000000e4   Code   RO         6025    .text               mf_w.l(dmul.o)
    0x080002c8   0x080002c8   0x000000de   Code   RO         6027    .text               mf_w.l(ddiv.o)
    0x080003a6   0x080003a6   0x00000022   Code   RO         6029    .text               mf_w.l(dflti.o)
    0x080003c8   0x080003c8   0x00000026   Code   RO         6031    .text               mf_w.l(f2d.o)
    0x080003ee   0x080003ee   0x00000038   Code   RO         6033    .text               mf_w.l(d2f.o)
    0x08000426   0x08000426   0x00000000   Code   RO         6049    .text               mc_w.l(iusefp.o)
    0x08000426   0x08000426   0x0000006e   Code   RO         6050    .text               mf_w.l(fepilogue.o)
    0x08000494   0x08000494   0x000000ba   Code   RO         6052    .text               mf_w.l(depilogue.o)
    0x0800054e   0x0800054e   0x00000002   PAD
    0x08000550   0x08000550   0x00000024   Code   RO         6054    .text               mc_w.l(init.o)
    0x08000574   0x08000574   0x0000001e   Code   RO         6056    .text               mc_w.l(llshl.o)
    0x08000592   0x08000592   0x00000020   Code   RO         6058    .text               mc_w.l(llushr.o)
    0x080005b2   0x080005b2   0x00000056   Code   RO         6068    .text               mc_w.l(__dczerorl2.o)
    0x08000608   0x08000608   0x00000016   Code   RO          213    i.ADC_Cmd           stm32f4xx_adc.o
    0x0800061e   0x0800061e   0x00000002   PAD
    0x08000620   0x08000620   0x00000030   Code   RO          214    i.ADC_CommonInit    stm32f4xx_adc.o
    0x08000650   0x08000650   0x00000016   Code   RO          217    i.ADC_DMACmd        stm32f4xx_adc.o
    0x08000666   0x08000666   0x00000016   Code   RO          218    i.ADC_DMARequestAfterLastTransferCmd  stm32f4xx_adc.o
    0x0800067c   0x0800067c   0x000000e4   Code   RO         5370    i.ADC_DMA_Init      adc.o
    0x08000760   0x08000760   0x00000054   Code   RO          233    i.ADC_Init          stm32f4xx_adc.o
    0x080007b4   0x080007b4   0x000000b8   Code   RO          238    i.ADC_RegularChannelConfig  stm32f4xx_adc.o
    0x0800086c   0x0800086c   0x0000000a   Code   RO          240    i.ADC_SoftwareStartConv  stm32f4xx_adc.o
    0x08000876   0x08000876   0x00000002   PAD
    0x08000878   0x08000878   0x00000034   Code   RO         5534    i.Alarm_GPIO_Init   alarm.o
    0x080008ac   0x080008ac   0x00000046   Code   RO         4630    i.BSP_Init          main.o
    0x080008f2   0x080008f2   0x00000002   PAD
    0x080008f4   0x080008f4   0x00000354   Code   RO         5908    i.BigCarFullAutoMode  fullauto.o
    0x08000c48   0x08000c48   0x000006f4   Code   RO         5990    i.BigCarHalfAutoMode  halfauto.o
    0x0800133c   0x0800133c   0x00000004   Code   RO         4731    i.BusFault_Handler  stm32f4xx_it.o
    0x08001340   0x08001340   0x00000038   Code   RO         5588    i.CRC16             crc.o
    0x08001378   0x08001378   0x00000060   Code   RO         5616    i.Close             lcfunc.o
    0x080013d8   0x080013d8   0x00000024   Code   RO         5617    i.ClosePaw          lcfunc.o
    0x080013fc   0x080013fc   0x0000000c   Code   RO         5991    i.ConfirmNextStep   halfauto.o
    0x08001408   0x08001408   0x00000078   Code   RO         5371    i.DMA_ADC_Init      adc.o
    0x08001480   0x08001480   0x00000016   Code   RO         1213    i.DMA_Cmd           stm32f4xx_dma.o
    0x08001496   0x08001496   0x00000002   PAD
    0x08001498   0x08001498   0x00000158   Code   RO         1214    i.DMA_DeInit        stm32f4xx_dma.o
    0x080015f0   0x080015f0   0x00000014   Code   RO         1218    i.DMA_GetCmdStatus  stm32f4xx_dma.o
    0x08001604   0x08001604   0x00000008   Code   RO         1219    i.DMA_GetCurrDataCounter  stm32f4xx_dma.o
    0x0800160c   0x0800160c   0x0000003a   Code   RO         1224    i.DMA_ITConfig      stm32f4xx_dma.o
    0x08001646   0x08001646   0x00000002   PAD
    0x08001648   0x08001648   0x00000058   Code   RO         1225    i.DMA_Init          stm32f4xx_dma.o
    0x080016a0   0x080016a0   0x00000004   Code   RO         1228    i.DMA_SetCurrDataCounter  stm32f4xx_dma.o
    0x080016a4   0x080016a4   0x00000002   Code   RO         4732    i.DebugMon_Handler  stm32f4xx_it.o
    0x080016a6   0x080016a6   0x00000002   PAD
    0x080016a8   0x080016a8   0x0000008c   Code   RO         5620    i.DeclineBigPawtoBurnPool  lcfunc.o
    0x08001734   0x08001734   0x000002f8   Code   RO         5621    i.DeclineBigPawtoLitterPool  lcfunc.o
    0x08001a2c   0x08001a2c   0x00000290   Code   RO         5622    i.DeclineBigPawtoPlatForm  lcfunc.o
    0x08001cbc   0x08001cbc   0x0000002c   Code   RO         5909    i.DownClawtoBurnPool  fullauto.o
    0x08001ce8   0x08001ce8   0x00000034   Code   RO         5910    i.DownToOrigin      fullauto.o
    0x08001d1c   0x08001d1c   0x00000034   Code   RO         5911    i.DowntoLitterPool  fullauto.o
    0x08001d50   0x08001d50   0x00000028   Code   RO         5558    i.EXTI15_10_IRQHandler  exti.o
    0x08001d78   0x08001d78   0x00000080   Code   RO         5559    i.EXTIX_Init        exti.o
    0x08001df8   0x08001df8   0x0000000c   Code   RO         1344    i.EXTI_ClearITPendingBit  stm32f4xx_exti.o
    0x08001e04   0x08001e04   0x00000018   Code   RO         1348    i.EXTI_GetITStatus  stm32f4xx_exti.o
    0x08001e1c   0x08001e1c   0x00000094   Code   RO         1349    i.EXTI_Init         stm32f4xx_exti.o
    0x08001eb0   0x08001eb0   0x00000090   Code   RO         1722    i.GPIO_Init         stm32f4xx_gpio.o
    0x08001f40   0x08001f40   0x00000046   Code   RO         1723    i.GPIO_PinAFConfig  stm32f4xx_gpio.o
    0x08001f86   0x08001f86   0x00000004   Code   RO         1729    i.GPIO_ResetBits    stm32f4xx_gpio.o
    0x08001f8a   0x08001f8a   0x00000004   Code   RO         1730    i.GPIO_SetBits      stm32f4xx_gpio.o
    0x08001f8e   0x08001f8e   0x00000008   Code   RO         5912    i.HFClosePaw        fullauto.o
    0x08001f96   0x08001f96   0x00000008   Code   RO         5913    i.HFOpenPaw         fullauto.o
    0x08001f9e   0x08001f9e   0x00000004   Code   RO         4733    i.HardFault_Handler  stm32f4xx_it.o
    0x08001fa2   0x08001fa2   0x00000002   PAD
    0x08001fa4   0x08001fa4   0x00000134   Code   RO         5626    i.HorizontalDotMove  lcfunc.o
    0x080020d8   0x080020d8   0x00000048   Code   RO         5914    i.HorizontalMoving  fullauto.o
    0x08002120   0x08002120   0x00000030   Code   RO         4875    i.Key_Init          bsp_key.o
    0x08002150   0x08002150   0x00000034   Code   RO         4851    i.LED_Init          bsp_led.o
    0x08002184   0x08002184   0x0000004c   Code   RO         5801    i.ManualClose       manual.o
    0x080021d0   0x080021d0   0x000000c8   Code   RO         5802    i.ManualDownClawtoBurnPool  manual.o
    0x08002298   0x08002298   0x000000c8   Code   RO         5803    i.ManualDownToOrigin  manual.o
    0x08002360   0x08002360   0x000000b8   Code   RO         5804    i.ManualDowntoLitterPool  manual.o
    0x08002418   0x08002418   0x0000004c   Code   RO         5805    i.ManualOpen        manual.o
    0x08002464   0x08002464   0x0000004c   Code   RO         5806    i.ManualPowerOff    manual.o
    0x080024b0   0x080024b0   0x0000004c   Code   RO         5807    i.ManualPowerOn     manual.o
    0x080024fc   0x080024fc   0x000000c8   Code   RO         5808    i.ManualRaiseBigPaw  manual.o
    0x080025c4   0x080025c4   0x000000d8   Code   RO         5812    i.ManualXMoving     manual.o
    0x0800269c   0x0800269c   0x000000cc   Code   RO         5813    i.ManualYMoving     manual.o
    0x08002768   0x08002768   0x00000004   Code   RO         4734    i.MemManage_Handler  stm32f4xx_it.o
    0x0800276c   0x0800276c   0x00000002   Code   RO         4735    i.NMI_Handler       stm32f4xx_it.o
    0x0800276e   0x0800276e   0x00000002   PAD
    0x08002770   0x08002770   0x00000078   Code   RO          155    i.NVIC_Init         misc.o
    0x080027e8   0x080027e8   0x00000060   Code   RO         5627    i.Open              lcfunc.o
    0x08002848   0x08002848   0x00000002   Code   RO         4736    i.PendSV_Handler    stm32f4xx_it.o
    0x0800284a   0x0800284a   0x00000002   PAD
    0x0800284c   0x0800284c   0x00000024   Code   RO         5480    i.PowerOff          relay.o
    0x08002870   0x08002870   0x00000024   Code   RO         5481    i.PowerOn           relay.o
    0x08002894   0x08002894   0x00000020   Code   RO         2426    i.RCC_AHB1PeriphClockCmd  stm32f4xx_rcc.o
    0x080028b4   0x080028b4   0x00000020   Code   RO         2435    i.RCC_APB1PeriphClockCmd  stm32f4xx_rcc.o
    0x080028d4   0x080028d4   0x00000020   Code   RO         2438    i.RCC_APB2PeriphClockCmd  stm32f4xx_rcc.o
    0x080028f4   0x080028f4   0x00000020   Code   RO         2440    i.RCC_APB2PeriphResetCmd  stm32f4xx_rcc.o
    0x08002914   0x08002914   0x000000e8   Code   RO         2447    i.RCC_GetClocksFreq  stm32f4xx_rcc.o
    0x080029fc   0x080029fc   0x00000050   Code   RO         5339    i.RS485_Init        rs485.o
    0x08002a4c   0x08002a4c   0x0000016c   Code   RO         5340    i.RS485_Send_Data   rs485.o
    0x08002bb8   0x08002bb8   0x0000008c   Code   RO         5628    i.RaiseBigPaw       lcfunc.o
    0x08002c44   0x08002c44   0x0000004c   Code   RO         5482    i.RelayOff          relay.o
    0x08002c90   0x08002c90   0x0000004c   Code   RO         5483    i.RelayOn           relay.o
    0x08002cdc   0x08002cdc   0x000000f8   Code   RO         5484    i.Relay_GPIO_Init   relay.o
    0x08002dd4   0x08002dd4   0x00000024   Code   RO         5629    i.ReleasePaw        lcfunc.o
    0x08002df8   0x08002df8   0x00000124   Code   RO         5633    i.RevStop           lcfunc.o
    0x08002f1c   0x08002f1c   0x0000002c   Code   RO         5915    i.RisePawFromBurnPool  fullauto.o
    0x08002f48   0x08002f48   0x0000002c   Code   RO         5916    i.RisePawFromLitterPool  fullauto.o
    0x08002f74   0x08002f74   0x0000002c   Code   RO         5917    i.RisePawFromPlatform  fullauto.o
    0x08002fa0   0x08002fa0   0x00000002   Code   RO         4737    i.SVC_Handler       stm32f4xx_it.o
    0x08002fa2   0x08002fa2   0x00000002   PAD
    0x08002fa4   0x08002fa4   0x00000040   Code   RO         3749    i.SYSCFG_EXTILineConfig  stm32f4xx_syscfg.o
    0x08002fe4   0x08002fe4   0x000000ec   Code   RO           13    i.SetSysClock       system_stm32f4xx.o
    0x080030d0   0x080030d0   0x00000008   Code   RO         4738    i.SysTick_Handler   stm32f4xx_it.o
    0x080030d8   0x080030d8   0x00000068   Code   RO         4806    i.SysTick_Init      bsp_systick.o
    0x08003140   0x08003140   0x00000068   Code   RO           15    i.SystemInit        system_stm32f4xx.o
    0x080031a8   0x080031a8   0x00000020   Code   RO         4906    i.TIM7_IRQHandler   bsp_basic_tim.o
    0x080031c8   0x080031c8   0x00000060   Code   RO         4907    i.TIM7_Init         bsp_basic_tim.o
    0x08003228   0x08003228   0x00000006   Code   RO         3817    i.TIM_ClearITPendingBit  stm32f4xx_tim.o
    0x0800322e   0x0800322e   0x00000018   Code   RO         3822    i.TIM_Cmd           stm32f4xx_tim.o
    0x08003246   0x08003246   0x00000022   Code   RO         3843    i.TIM_GetITStatus   stm32f4xx_tim.o
    0x08003268   0x08003268   0x00000012   Code   RO         3847    i.TIM_ITConfig      stm32f4xx_tim.o
    0x0800327a   0x0800327a   0x00000002   PAD
    0x0800327c   0x0800327c   0x00000084   Code   RO         3894    i.TIM_TimeBaseInit  stm32f4xx_tim.o
    0x08003300   0x08003300   0x00000018   Code   RO         4807    i.TimingDelay_Decrement  bsp_systick.o
    0x08003318   0x08003318   0x00000078   Code   RO         5271    i.UART4_DMA_RxConfig  uart4.o
    0x08003390   0x08003390   0x00000064   Code   RO         5273    i.UART4_DMA_Tx_init  uart4.o
    0x080033f4   0x080033f4   0x00000060   Code   RO         5274    i.UART4_IRQHandler  uart4.o
    0x08003454   0x08003454   0x0000000c   Code   RO         5275    i.UART4_Init        uart4.o
    0x08003460   0x08003460   0x0000002c   Code   RO         5276    i.UART4_RX_DMAReset  uart4.o
    0x0800348c   0x0800348c   0x00000078   Code   RO         4969    i.USART1_DMA_RxConfig  usart1.o
    0x08003504   0x08003504   0x00000064   Code   RO         4971    i.USART1_DMA_Tx_init  usart1.o
    0x08003568   0x08003568   0x00000210   Code   RO         4972    i.USART1_IRQHandler  usart1.o
    0x08003778   0x08003778   0x0000000c   Code   RO         4973    i.USART1_Init       usart1.o
    0x08003784   0x08003784   0x00000250   Code   RO         5054    i.USART2_IRQHandler  usart2.o
    0x080039d4   0x080039d4   0x0000000c   Code   RO         5055    i.USART2_Init       usart2.o
    0x080039e0   0x080039e0   0x00000078   Code   RO         5135    i.USART3_DMA_RxConfig  usart3.o
    0x08003a58   0x08003a58   0x00000030   Code   RO         5136    i.USART3_DMA_TxConfig  usart3.o
    0x08003a88   0x08003a88   0x00000064   Code   RO         5137    i.USART3_DMA_Tx_init  usart3.o
    0x08003aec   0x08003aec   0x00000360   Code   RO         5138    i.USART3_IRQHandler  usart3.o
    0x08003e4c   0x08003e4c   0x0000000c   Code   RO         5139    i.USART3_Init       usart3.o
    0x08003e58   0x08003e58   0x0000002c   Code   RO         5140    i.USART3_RX_DMAReset  usart3.o
    0x08003e84   0x08003e84   0x00000068   Code   RO         5203    i.USART6_IRQHandler  usart6.o
    0x08003eec   0x08003eec   0x00000012   Code   RO         4372    i.USART_ClearFlag   stm32f4xx_usart.o
    0x08003efe   0x08003efe   0x0000001e   Code   RO         4373    i.USART_ClearITPendingBit  stm32f4xx_usart.o
    0x08003f1c   0x08003f1c   0x00000018   Code   RO         4376    i.USART_Cmd         stm32f4xx_usart.o
    0x08003f34   0x08003f34   0x00000012   Code   RO         4377    i.USART_DMACmd      stm32f4xx_usart.o
    0x08003f46   0x08003f46   0x00000002   PAD
    0x08003f48   0x08003f48   0x0000007c   Code   RO         5057    i.USART_DMA_RxConfig  usart2.o
    0x08003fc4   0x08003fc4   0x00000064   Code   RO         5058    i.USART_DMA_Tx_init  usart2.o
    0x08004028   0x08004028   0x00000054   Code   RO         4380    i.USART_GetITStatus  stm32f4xx_usart.o
    0x0800407c   0x0800407c   0x0000004a   Code   RO         4382    i.USART_ITConfig    stm32f4xx_usart.o
    0x080040c6   0x080040c6   0x00000002   PAD
    0x080040c8   0x080040c8   0x000000d4   Code   RO         4383    i.USART_Init        stm32f4xx_usart.o
    0x0800419c   0x0800419c   0x0000002c   Code   RO         4975    i.USART_RX_DMAReset  usart1.o
    0x080041c8   0x080041c8   0x00000030   Code   RO         5059    i.USART_RX_DMAReset  usart2.o
    0x080041f8   0x080041f8   0x0000002c   Code   RO         5208    i.USART_RX_DMAReset  usart6.o
    0x08004224   0x08004224   0x0000000a   Code   RO         4390    i.USART_ReceiveData  stm32f4xx_usart.o
    0x0800422e   0x0800422e   0x00000004   Code   RO         4739    i.UsageFault_Handler  stm32f4xx_it.o
    0x08004232   0x08004232   0x00000002   PAD
    0x08004234   0x08004234   0x00000098   Code   RO         5639    i.VerticalDotMove   lcfunc.o
    0x080042cc   0x080042cc   0x0000024c   Code   RO         5640    i.XMoving           lcfunc.o
    0x08004518   0x08004518   0x000001e4   Code   RO         5641    i.YMoving           lcfunc.o
    0x080046fc   0x080046fc   0x0000000e   Code   RO         6062    i.__scatterload_copy  mc_w.l(handlers.o)
    0x0800470a   0x0800470a   0x00000002   Code   RO         6063    i.__scatterload_null  mc_w.l(handlers.o)
    0x0800470c   0x0800470c   0x0000000e   Code   RO         6064    i.__scatterload_zeroinit  mc_w.l(handlers.o)
    0x0800471a   0x0800471a   0x00000002   PAD
    0x0800471c   0x0800471c   0x00000104   Code   RO         4976    i.bsp_initUSART     usart1.o
    0x08004820   0x08004820   0x00000104   Code   RO         5060    i.bsp_initUSART     usart2.o
    0x08004924   0x08004924   0x00000108   Code   RO         5141    i.bsp_initUSART     usart3.o
    0x08004a2c   0x08004a2c   0x00000108   Code   RO         5278    i.bsp_initUSART     uart4.o
    0x08004b34   0x08004b34   0x00000134   Code   RO         5439    i.control_task      control.o
    0x08004c68   0x08004c68   0x000001f0   Code   RO         4631    i.main              main.o
    0x08004e58   0x08004e58   0x00000020   Data   RO         6060    Region$$Table       anon$$obj.o


    Execution Region RW_IRAM1 (Exec base: 0x20000000, Load base: 0x08004e78, Size: 0x00000ea8, Max: 0x00020000, ABSOLUTE, COMPRESSED[0x00000150])

    Exec Addr    Load Addr    Size         Type   Attr      Idx    E Section Name        Object

    0x20000000   COMPRESSED   0x00000014   Data   RW           16    .data               system_stm32f4xx.o
    0x20000014   COMPRESSED   0x00000010   Data   RW         2479    .data               stm32f4xx_rcc.o
    0x20000024   COMPRESSED   0x00000014   Data   RW         4633    .data               main.o
    0x20000038   COMPRESSED   0x00000004   Data   RW         4809    .data               bsp_systick.o
    0x2000003c   COMPRESSED   0x0000000c   Data   RW         4979    .data               usart1.o
    0x20000048   COMPRESSED   0x00000001   Data   RW         5063    .data               usart2.o
    0x20000049   COMPRESSED   0x00000001   Data   RW         5211    .data               usart6.o
    0x2000004a   COMPRESSED   0x00000004   Data   RW         5373    .data               adc.o
    0x2000004e   COMPRESSED   0x00000002   PAD
    0x20000050   COMPRESSED   0x00000008   Data   RW         5485    .data               relay.o
    0x20000058   COMPRESSED   0x00000200   Data   RW         5589    .data               crc.o
    0x20000258   COMPRESSED   0x000000dd   Data   RW         5642    .data               lcfunc.o
    0x20000335   COMPRESSED   0x00000003   Data   RW         5814    .data               manual.o
    0x20000338   COMPRESSED   0x00000001   Data   RW         5918    .data               fullauto.o
    0x20000339   COMPRESSED   0x00000003   Data   RW         5992    .data               halfauto.o
    0x2000033c        -       0x00000040   Zero   RW         4632    .bss                main.o
    0x2000037c        -       0x00000081   Zero   RW         4978    .bss                usart1.o
    0x200003fd        -       0x000003fd   Zero   RW         5062    .bss                usart2.o
    0x200007fa        -       0x000000c8   Zero   RW         5142    .bss                usart3.o
    0x200008c2        -       0x000000dd   Zero   RW         5279    .bss                uart4.o
    0x2000099f        -       0x00000064   Zero   RW         5341    .bss                rs485.o
    0x20000a03   COMPRESSED   0x00000001   PAD
    0x20000a04        -       0x00000090   Zero   RW         5412    .bss                data_type.o
    0x20000a94        -       0x00000010   Zero   RW         5440    .bss                control.o
    0x20000aa4   COMPRESSED   0x00000004   PAD
    0x20000aa8        -       0x00000400   Zero   RW            1    STACK               startup_stm32f40xx.o


==============================================================================

Image component sizes


      Code (inc. data)   RO Data    RW Data    ZI Data      Debug   Object Name

       348         26          0          4          0       1999   adc.o
        52          4          0          0          0        570   alarm.o
       128         12          0          0          0       1282   bsp_basic_tim.o
        48          6          0          0          0        555   bsp_key.o
        52          6          0          0          0        559   bsp_led.o
       128         22          0          4          0      28066   bsp_systick.o
       308         46          0          0         16       2620   control.o
        56          8          0        512          0       1286   crc.o
         0          0          0          0        144       2317   data_type.o
       168          4          0          0          0       1224   exti.o
      1220        176          0          1          0       6499   fullauto.o
      1792        138          0          3          0       2501   halfauto.o
      3784        336          0        221          0      17521   lcfunc.o
       566         68          0         20         64       4470   main.o
      1508        332          0          3          0       6853   manual.o
       120         14          0          0          0       1204   misc.o
       472         40          0          8          0       3071   relay.o
       444         30          0          0        100       1439   rs485.o
        36          8        392          0       1024        988   startup_stm32f40xx.o
       392         24          0          0          0       6207   stm32f4xx_adc.o
       544         26          0          0          0       6190   stm32f4xx_dma.o
       184         16          0          0          0       2468   stm32f4xx_exti.o
       222          0          0          0          0       3335   stm32f4xx_gpio.o
        32          0          0          0          0       4450   stm32f4xx_it.o
       360         42          0         16          0       5832   stm32f4xx_rcc.o
        64          4          0          0          0        736   stm32f4xx_syscfg.o
       214         28          0          0          0       4210   stm32f4xx_tim.o
       470          8          0          0          0       6901   stm32f4xx_usart.o
       340         32          0         20          0     314129   system_stm32f4xx.o
       636         48          0          0        221       6273   uart4.o
      1064        102          0         12        129       7301   usart1.o
      1136         96          0          1       1021       7179   usart2.o
      1452         92          0          0        200       7642   usart3.o
       148         22          0          1          0       3457   usart6.o

    ----------------------------------------------------------------------
     18516       1816        424        828       2924     471334   Object Totals
         0          0         32          0          0          0   (incl. Generated)
        28          0          0          2          5          0   (incl. Padding)

    ----------------------------------------------------------------------

      Code (inc. data)   RO Data    RW Data    ZI Data      Debug   Library Member Name

        86          0          0          0          0          0   __dczerorl2.o
         0          0          0          0          0          0   entry.o
         0          0          0          0          0          0   entry10a.o
         0          0          0          0          0          0   entry11a.o
         8          4          0          0          0          0   entry2.o
         4          0          0          0          0          0   entry5.o
         0          0          0          0          0          0   entry7b.o
         0          0          0          0          0          0   entry8b.o
         8          4          0          0          0          0   entry9a.o
        30          0          0          0          0          0   handlers.o
        36          8          0          0          0         68   init.o
         0          0          0          0          0          0   iusefp.o
        30          0          0          0          0         68   llshl.o
        32          0          0          0          0         68   llushr.o
        36          0          0          0          0        108   memseta.o
        56          0          0          0          0         88   d2f.o
       222          0          0          0          0        100   ddiv.o
       186          0          0          0          0        176   depilogue.o
        34          0          0          0          0         76   dflti.o
       228          0          0          0          0         96   dmul.o
        38          0          0          0          0         68   f2d.o
       110          0          0          0          0        168   fepilogue.o

    ----------------------------------------------------------------------
      1148         16          0          0          0       1084   Library Totals
         4          0          0          0          0          0   (incl. Padding)

    ----------------------------------------------------------------------

      Code (inc. data)   RO Data    RW Data    ZI Data      Debug   Library Name

       270         16          0          0          0        312   mc_w.l
       874          0          0          0          0        772   mf_w.l

    ----------------------------------------------------------------------
      1148         16          0          0          0       1084   Library Totals

    ----------------------------------------------------------------------

==============================================================================


      Code (inc. data)   RO Data    RW Data    ZI Data      Debug   

     19664       1832        424        828       2924     459186   Grand Totals
     19664       1832        424        336       2924     459186   ELF Image Totals (compressed)
     19664       1832        424        336          0          0   ROM Totals

==============================================================================

    Total RO  Size (Code + RO Data)                20088 (  19.62kB)
    Total RW  Size (RW Data + ZI Data)              3752 (   3.66kB)
    Total ROM Size (Code + RO Data + RW Data)      20424 (  19.95kB)

==============================================================================

